bun test v1.3.11 (af24e281)
2026-08-16T05:54:43.517Z [INFO] test
2026-08-16T05:54:43.518Z [WARN] test
[05:54:46] [ENGINE:REQ] {
  "provider": "openai",
  "messages": [
    {
      "role": "system",
      "content": "You are a helpful assistant."
    },
    {
      "role": "user",
      "content": "请帮我分析项目"
    }
  ],
  "tools": [
    {
      "type": "function",
      "function": {
        "name": "read",
        "description": "读取文件"
      }
    },
    {
      "type": "function",
      "function": {
        "name": "write",
        "description": "写入文件"
      }
    },
    {
      "type": "function",
      "function": {
        "name": "search",
        "description": "搜索文件"
      }
    },
    {
      "type": "function",
      "function": {
        "name": "glob",
        "description": "匹配文件"
      }
    },
    {
      "type": "function",
      "function": {
        "name": "grep",
        "description": "搜索内容"
      }
    },
    {
      "type": "function",
      "function": {
        "name": "edit",
        "description": "编辑文件"
      }
    }
  ],
  "model": "test-model",
  "max_tokens": 4000,
  "temperature": 0,
  "stream": true
}
[STREAM-PROC] event type=message_start {"type":"message_start","message":{"id":"msg_1","type":"message","role":"assistant","content":[],"model":"test-model","stop_reason":"end_turn","usage":{"input_tokens":100,"output_tokens":50}}}
[STREAM-PROC] event type=content_block_start {"type":"content_block_start","content_block":{"type":"text","text":""},"index":0}
[STREAM-PROC] content_block_start type=text id=undefined name=undefined currentBlockSet=true
[STREAM-PROC] event type=content_block_stop {"type":"content_block_stop","index":0}
[STREAM-PROC] content_block_stop index=0 currentBlockType=text currentBlockId=null
[STREAM-PROC] content_block_stop result blockType=text blockId=null
[STREAM-PROC] event type=message_delta {"type":"message_delta","delta":{"stop_reason":"end_turn"},"usage":{"input_tokens":100,"output_tokens":50}}
[05:54:46] [ENGINE:RESP] {
  "content": "是否继续处理剩余文件？",
  "toolCalls": [],
  "stopReason": "end_turn",
  "model": "test-model",
  "usage": {
    "inputTokens": 0,
    "outputTokens": 0
  },
  "needsUserInput": false
}
[05:54:49] [ENGINE:AUTO_CONTINUE] 检测到"是否继续"关键词，3秒后自动发送"继续"
[05:54:49] [ENGINE:REQ] {
  "provider": "openai",
  "messages": [
    {
      "role": "system",
      "content": "You are a helpful assistant."
    },
    {
      "role": "user",
      "content": "请帮我分析项目"
    },
    {
      "role": "assistant",
      "content": ""
    },
    {
      "role": "user",
      "content": "继续"
    },
    {
      "role": "system",
      "content": "Continuing to next iteration."
    }
  ],
  "tools": [
    {
      "type": "function",
      "function": {
        "name": "read",
        "description": "读取文件"
      }
    },
    {
      "type": "function",
      "function": {
        "name": "write",
        "description": "写入文件"
      }
    },
    {
      "type": "function",
      "function": {
        "name": "search",
        "description": "搜索文件"
      }
    },
    {
      "type": "function",
      "function": {
        "name": "glob",
        "description": "匹配文件"
      }
    },
    {
      "type": "function",
      "function": {
        "name": "grep",
        "description": "搜索内容"
      }
    },
    {
      "type": "function",
      "function": {
        "name": "edit",
        "description": "编辑文件"
      }
    }
  ],
  "model": "test-model",
  "max_tokens": 4000,
  "temperature": 0,
  "stream": true
}
[STREAM-PROC] event type=message_start {"type":"message_start","message":{"id":"msg_2","type":"message","role":"assistant","content":[],"model":"test-model","stop_reason":"end_turn","usage":{"input_tokens":100,"output_tokens":50}}}
[STREAM-PROC] event type=content_block_start {"type":"content_block_start","content_block":{"type":"text","text":""},"index":0}
[STREAM-PROC] content_block_start type=text id=undefined name=undefined currentBlockSet=true
[STREAM-PROC] event type=content_block_stop {"type":"content_block_stop","index":0}
[STREAM-PROC] content_block_stop index=0 currentBlockType=text currentBlockId=null
[STREAM-PROC] content_block_stop result blockType=text blockId=null
[STREAM-PROC] event type=message_delta {"type":"message_delta","delta":{"stop_reason":"end_turn"},"usage":{"input_tokens":100,"output_tokens":50}}
[05:54:49] [ENGINE:RESP] {
  "content": "已处理完毕，任务完成。",
  "toolCalls": [],
  "stopReason": "end_turn",
  "model": "test-model",
  "usage": {
    "inputTokens": 0,
    "outputTokens": 0
  },
  "needsUserInput": false
}
[05:54:49] [ENGINE:REQ] {
  "provider": "openai",
  "messages": [
    {
      "role": "system",
      "content": "You are a helpful assistant."
    },
    {
      "role": "user",
      "content": "执行任务"
    }
  ],
  "tools": [
    {
      "type": "function",
      "function": {
        "name": "read",
        "description": "读取文件"
      }
    },
    {
      "type": "function",
      "function": {
        "name": "write",
        "description": "写入文件"
      }
    },
    {
      "type": "function",
      "function": {
        "name": "search",
        "description": "搜索文件"
      }
    },
    {
      "type": "function",
      "function": {
        "name": "glob",
        "description": "匹配文件"
      }
    },
    {
      "type": "function",
      "function": {
        "name": "grep",
        "description": "搜索内容"
      }
    },
    {
      "type": "function",
      "function": {
        "name": "edit",
        "description": "编辑文件"
      }
    }
  ],
  "model": "test-model",
  "max_tokens": 4000,
  "temperature": 0,
  "stream": true
}
[STREAM-PROC] event type=message_start {"type":"message_start","message":{"id":"msg_1","type":"message","role":"assistant","content":[],"model":"test-model","stop_reason":"end_turn","usage":{"input_tokens":100,"output_tokens":50}}}
[STREAM-PROC] event type=content_block_start {"type":"content_block_start","content_block":{"type":"text","text":""},"index":0}
[STREAM-PROC] content_block_start type=text id=undefined name=undefined currentBlockSet=true
[STREAM-PROC] event type=content_block_stop {"type":"content_block_stop","index":0}
[STREAM-PROC] content_block_stop index=0 currentBlockType=text currentBlockId=null
[STREAM-PROC] content_block_stop result blockType=text blockId=null
[STREAM-PROC] event type=message_delta {"type":"message_delta","delta":{"stop_reason":"end_turn"},"usage":{"input_tokens":100,"output_tokens":50}}
[05:54:49] [ENGINE:RESP] {
  "content": "需要我继续吗？",
  "toolCalls": [],
  "stopReason": "end_turn",
  "model": "test-model",
  "usage": {
    "inputTokens": 0,
    "outputTokens": 0
  },
  "needsUserInput": false
}
[05:54:52] [ENGINE:AUTO_CONTINUE] 检测到"是否继续"关键词，3秒后自动发送"继续"
[05:54:52] [ENGINE:REQ] {
  "provider": "openai",
  "messages": [
    {
      "role": "system",
      "content": "You are a helpful assistant."
    },
    {
      "role": "user",
      "content": "执行任务"
    },
    {
      "role": "assistant",
      "content": ""
    },
    {
      "role": "user",
      "content": "继续"
    },
    {
      "role": "system",
      "content": "Continuing to next iteration."
    }
  ],
  "tools": [
    {
      "type": "function",
      "function": {
        "name": "read",
        "description": "读取文件"
      }
    },
    {
      "type": "function",
      "function": {
        "name": "write",
        "description": "写入文件"
      }
    },
    {
      "type": "function",
      "function": {
        "name": "search",
        "description": "搜索文件"
      }
    },
    {
      "type": "function",
      "function": {
        "name": "glob",
        "description": "匹配文件"
      }
    },
    {
      "type": "function",
      "function": {
        "name": "grep",
        "description": "搜索内容"
      }
    },
    {
      "type": "function",
      "function": {
        "name": "edit",
        "description": "编辑文件"
      }
    }
  ],
  "model": "test-model",
  "max_tokens": 4000,
  "temperature": 0,
  "stream": true
}
[STREAM-PROC] event type=message_start {"type":"message_start","message":{"id":"msg_2","type":"message","role":"assistant","content":[],"model":"test-model","stop_reason":"end_turn","usage":{"input_tokens":100,"output_tokens":50}}}
[STREAM-PROC] event type=content_block_start {"type":"content_block_start","content_block":{"type":"text","text":""},"index":0}
[STREAM-PROC] content_block_start type=text id=undefined name=undefined currentBlockSet=true
[STREAM-PROC] event type=content_block_stop {"type":"content_block_stop","index":0}
[STREAM-PROC] content_block_stop index=0 currentBlockType=text currentBlockId=null
[STREAM-PROC] content_block_stop result blockType=text blockId=null
[STREAM-PROC] event type=message_delta {"type":"message_delta","delta":{"stop_reason":"end_turn"},"usage":{"input_tokens":100,"output_tokens":50}}
[05:54:52] [ENGINE:RESP] {
  "content": "后续操作已执行完毕。",
  "toolCalls": [],
  "stopReason": "end_turn",
  "model": "test-model",
  "usage": {
    "inputTokens": 0,
    "outputTokens": 0
  },
  "needsUserInput": false
}
[05:54:52] [ENGINE:REQ] {
  "provider": "openai",
  "messages": [
    {
      "role": "system",
      "content": "You are a helpful assistant."
    },
    {
      "role": "user",
      "content": "请分析这个文件"
    }
  ],
  "tools": [
    {
      "type": "function",
      "function": {
        "name": "read",
        "description": "读取文件"
      }
    },
    {
      "type": "function",
      "function": {
        "name": "write",
        "description": "写入文件"
      }
    },
    {
      "type": "function",
      "function": {
        "name": "search",
        "description": "搜索文件"
      }
    },
    {
      "type": "function",
      "function": {
        "name": "glob",
        "description": "匹配文件"
      }
    },
    {
      "type": "function",
      "function": {
        "name": "grep",
        "description": "搜索内容"
      }
    },
    {
      "type": "function",
      "function": {
        "name": "edit",
        "description": "编辑文件"
      }
    }
  ],
  "model": "test-model",
  "max_tokens": 4000,
  "temperature": 0,
  "stream": true
}
[STREAM-PROC] event type=message_start {"type":"message_start","message":{"id":"msg_1","type":"message","role":"assistant","content":[],"model":"test-model","stop_reason":"end_turn","usage":{"input_tokens":100,"output_tokens":50}}}
[STREAM-PROC] event type=content_block_start {"type":"content_block_start","content_block":{"type":"text","text":""},"index":0}
[STREAM-PROC] content_block_start type=text id=undefined name=undefined currentBlockSet=true
[STREAM-PROC] event type=content_block_stop {"type":"content_block_stop","index":0}
[STREAM-PROC] content_block_stop index=0 currentBlockType=text currentBlockId=null
[STREAM-PROC] content_block_stop result blockType=text blockId=null
[STREAM-PROC] event type=content_block_start {"type":"content_block_start","content_block":{"type":"tool_use","id":"tc_1","name":"read","input":{"file_path":"/test.ts"}},"index":1}
[STREAM-PROC] content_block_start type=tool_use id=tc_1 name=read currentBlockSet=true
[STREAM-PROC] event type=content_block_stop {"type":"content_block_stop","index":1}
[STREAM-PROC] content_block_stop index=1 currentBlockType=tool_use currentBlockId=tc_1
[STREAM-PROC] content_block_stop result blockType=tool_use blockId=tc_1
[STREAM-PROC] event type=message_delta {"type":"message_delta","delta":{"stop_reason":"end_turn"},"usage":{"input_tokens":100,"output_tokens":50}}
[05:54:52] [ENGINE:RESP] {
  "content": "先读取文件",
  "toolCalls": [
    {
      "id": "tc_1",
      "name": "read",
      "input": {
        "file_path": "/test.ts"
      }
    }
  ],
  "stopReason": "end_turn",
  "model": "test-model",
  "usage": {
    "inputTokens": 0,
    "outputTokens": 0
  },
  "needsUserInput": false
}
[05:54:52] [ENGINE:TOOL_CALLS] [
  {
    "id": "tc_1",
    "name": "read",
    "input": {
      "file_path": "/test.ts"
    }
  }
]
[05:54:52] [ENGINE:TOOL_RESULTS] [
  {
    "success": true,
    "output": {
      "content": "",
      "toolUseId": "",
      "success": true
    },
    "toolUseId": "tc_1"
  }
]
[05:54:52] [ENGINE:REQ] {
  "provider": "openai",
  "messages": [
    {
      "role": "system",
      "content": "You are a helpful assistant."
    },
    {
      "role": "user",
      "content": "请分析这个文件"
    },
    {
      "role": "assistant",
      "content": "先读取文件",
      "tool_calls": [
        {
          "id": "tc_1",
          "type": "function",
          "function": {
            "name": "read",
            "arguments": "{\"file_path\":\"/test.ts\"}"
          }
        }
      ]
    },
    {
      "role": "system",
      "content": "Continuing to next iteration."
    }
  ],
  "tools": [
    {
      "type": "function",
      "function": {
        "name": "read",
        "description": "读取文件"
      }
    },
    {
      "type": "function",
      "function": {
        "name": "write",
        "description": "写入文件"
      }
    },
    {
      "type": "function",
      "function": {
        "name": "search",
        "description": "搜索文件"
      }
    },
    {
      "type": "function",
      "function": {
        "name": "glob",
        "description": "匹配文件"
      }
    },
    {
      "type": "function",
      "function": {
        "name": "grep",
        "description": "搜索内容"
      }
    },
    {
      "type": "function",
      "function": {
        "name": "edit",
        "description": "编辑文件"
      }
    }
  ],
  "model": "test-model",
  "max_tokens": 4000,
  "temperature": 0,
  "stream": true
}
[STREAM-PROC] event type=message_start {"type":"message_start","message":{"id":"msg_2","type":"message","role":"assistant","content":[],"model":"test-model","stop_reason":"end_turn","usage":{"input_tokens":100,"output_tokens":50}}}
[STREAM-PROC] event type=content_block_start {"type":"content_block_start","content_block":{"type":"text","text":""},"index":0}
[STREAM-PROC] content_block_start type=text id=undefined name=undefined currentBlockSet=true
[STREAM-PROC] event type=content_block_stop {"type":"content_block_stop","index":0}
[STREAM-PROC] content_block_stop index=0 currentBlockType=text currentBlockId=null
[STREAM-PROC] content_block_stop result blockType=text blockId=null
[STREAM-PROC] event type=message_delta {"type":"message_delta","delta":{"stop_reason":"end_turn"},"usage":{"input_tokens":100,"output_tokens":50}}
[05:54:52] [ENGINE:RESP] {
  "content": "文件内容分析完毕，未发现异常。",
  "toolCalls": [],
  "stopReason": "end_turn",
  "model": "test-model",
  "usage": {
    "inputTokens": 0,
    "outputTokens": 0
  },
  "needsUserInput": false
}
[05:54:52] [ENGINE:AUTO_CONTINUE] 检测到 read/search 后提前终止，自动继续
[05:54:52] [ENGINE:REQ] {
  "provider": "openai",
  "messages": [
    {
      "role": "system",
      "content": "You are a helpful assistant."
    },
    {
      "role": "user",
      "content": "请分析这个文件"
    },
    {
      "role": "assistant",
      "content": "先读取文件",
      "tool_calls": [
        {
          "id": "tc_1",
          "type": "function",
          "function": {
            "name": "read",
            "arguments": "{\"file_path\":\"/test.ts\"}"
          }
        }
      ]
    },
    {
      "role": "system",
      "content": "Continuing to next iteration.\n文件内容分析完毕，未发现异常。"
    },
    {
      "role": "system",
      "content": "Continuing to next iteration."
    }
  ],
  "tools": [
    {
      "type": "function",
      "function": {
        "name": "read",
        "description": "读取文件"
      }
    },
    {
      "type": "function",
      "function": {
        "name": "write",
        "description": "写入文件"
      }
    },
    {
      "type": "function",
      "function": {
        "name": "search",
        "description": "搜索文件"
      }
    },
    {
      "type": "function",
      "function": {
        "name": "glob",
        "description": "匹配文件"
      }
    },
    {
      "type": "function",
      "function": {
        "name": "grep",
        "description": "搜索内容"
      }
    },
    {
      "type": "function",
      "function": {
        "name": "edit",
        "description": "编辑文件"
      }
    }
  ],
  "model": "test-model",
  "max_tokens": 4000,
  "temperature": 0,
  "stream": true
}
[STREAM-PROC] event type=message_start {"type":"message_start","message":{"id":"msg_3","type":"message","role":"assistant","content":[],"model":"test-model","stop_reason":"end_turn","usage":{"input_tokens":100,"output_tokens":50}}}
[STREAM-PROC] event type=content_block_start {"type":"content_block_start","content_block":{"type":"text","text":""},"index":0}
[STREAM-PROC] content_block_start type=text id=undefined name=undefined currentBlockSet=true
[STREAM-PROC] event type=content_block_stop {"type":"content_block_stop","index":0}
[STREAM-PROC] content_block_stop index=0 currentBlockType=text currentBlockId=null
[STREAM-PROC] content_block_stop result blockType=text blockId=null
[STREAM-PROC] event type=message_delta {"type":"message_delta","delta":{"stop_reason":"end_turn"},"usage":{"input_tokens":100,"output_tokens":50}}
[05:54:52] [ENGINE:RESP] {
  "content": "分析完成，发现 3 个潜在问题。",
  "toolCalls": [],
  "stopReason": "end_turn",
  "model": "test-model",
  "usage": {
    "inputTokens": 0,
    "outputTokens": 0
  },
  "needsUserInput": false
}
[05:54:52] [ENGINE:REQ] {
  "provider": "openai",
  "messages": [
    {
      "role": "system",
      "content": "You are a helpful assistant."
    },
    {
      "role": "user",
      "content": "搜索相关代码"
    }
  ],
  "tools": [
    {
      "type": "function",
      "function": {
        "name": "read",
        "description": "读取文件"
      }
    },
    {
      "type": "function",
      "function": {
        "name": "write",
        "description": "写入文件"
      }
    },
    {
      "type": "function",
      "function": {
        "name": "search",
        "description": "搜索文件"
      }
    },
    {
      "type": "function",
      "function": {
        "name": "glob",
        "description": "匹配文件"
      }
    },
    {
      "type": "function",
      "function": {
        "name": "grep",
        "description": "搜索内容"
      }
    },
    {
      "type": "function",
      "function": {
        "name": "edit",
        "description": "编辑文件"
      }
    }
  ],
  "model": "test-model",
  "max_tokens": 4000,
  "temperature": 0,
  "stream": true
}
[STREAM-PROC] event type=message_start {"type":"message_start","message":{"id":"msg_1","type":"message","role":"assistant","content":[],"model":"test-model","stop_reason":"end_turn","usage":{"input_tokens":100,"output_tokens":50}}}
[STREAM-PROC] event type=content_block_start {"type":"content_block_start","content_block":{"type":"text","text":""},"index":0}
[STREAM-PROC] content_block_start type=text id=undefined name=undefined currentBlockSet=true
[STREAM-PROC] event type=content_block_stop {"type":"content_block_stop","index":0}
[STREAM-PROC] content_block_stop index=0 currentBlockType=text currentBlockId=null
[STREAM-PROC] content_block_stop result blockType=text blockId=null
[STREAM-PROC] event type=content_block_start {"type":"content_block_start","content_block":{"type":"tool_use","id":"tc_1","name":"search","input":{"query":"test"}},"index":1}
[STREAM-PROC] content_block_start type=tool_use id=tc_1 name=search currentBlockSet=true
[STREAM-PROC] event type=content_block_stop {"type":"content_block_stop","index":1}
[STREAM-PROC] content_block_stop index=1 currentBlockType=tool_use currentBlockId=tc_1
[STREAM-PROC] content_block_stop result blockType=tool_use blockId=tc_1
[STREAM-PROC] event type=message_delta {"type":"message_delta","delta":{"stop_reason":"end_turn"},"usage":{"input_tokens":100,"output_tokens":50}}
[05:54:52] [ENGINE:RESP] {
  "content": "开始搜索",
  "toolCalls": [
    {
      "id": "tc_1",
      "name": "search",
      "input": {
        "query": "test"
      }
    }
  ],
  "stopReason": "end_turn",
  "model": "test-model",
  "usage": {
    "inputTokens": 0,
    "outputTokens": 0
  },
  "needsUserInput": false
}
[05:54:52] [ENGINE:TOOL_CALLS] [
  {
    "id": "tc_1",
    "name": "search",
    "input": {
      "query": "test"
    }
  }
]
[05:54:52] [ENGINE:TOOL_RESULTS] [
  {
    "success": true,
    "output": {
      "content": "",
      "toolUseId": "",
      "success": true
    },
    "toolUseId": "tc_1"
  }
]
[05:54:52] [ENGINE:REQ] {
  "provider": "openai",
  "messages": [
    {
      "role": "system",
      "content": "You are a helpful assistant."
    },
    {
      "role": "user",
      "content": "搜索相关代码"
    },
    {
      "role": "assistant",
      "content": "开始搜索",
      "tool_calls": [
        {
          "id": "tc_1",
          "type": "function",
          "function": {
            "name": "search",
            "arguments": "{\"query\":\"test\"}"
          }
        }
      ]
    },
    {
      "role": "system",
      "content": "Continuing to next iteration."
    }
  ],
  "tools": [
    {
      "type": "function",
      "function": {
        "name": "read",
        "description": "读取文件"
      }
    },
    {
      "type": "function",
      "function": {
        "name": "write",
        "description": "写入文件"
      }
    },
    {
      "type": "function",
      "function": {
        "name": "search",
        "description": "搜索文件"
      }
    },
    {
      "type": "function",
      "function": {
        "name": "glob",
        "description": "匹配文件"
      }
    },
    {
      "type": "function",
      "function": {
        "name": "grep",
        "description": "搜索内容"
      }
    },
    {
      "type": "function",
      "function": {
        "name": "edit",
        "description": "编辑文件"
      }
    }
  ],
  "model": "test-model",
  "max_tokens": 4000,
  "temperature": 0,
  "stream": true
}
[STREAM-PROC] event type=message_start {"type":"message_start","message":{"id":"msg_2","type":"message","role":"assistant","content":[],"model":"test-model","stop_reason":"end_turn","usage":{"input_tokens":100,"output_tokens":50}}}
[STREAM-PROC] event type=content_block_start {"type":"content_block_start","content_block":{"type":"text","text":""},"index":0}
[STREAM-PROC] content_block_start type=text id=undefined name=undefined currentBlockSet=true
[STREAM-PROC] event type=content_block_stop {"type":"content_block_stop","index":0}
[STREAM-PROC] content_block_stop index=0 currentBlockType=text currentBlockId=null
[STREAM-PROC] content_block_stop result blockType=text blockId=null
[STREAM-PROC] event type=message_delta {"type":"message_delta","delta":{"stop_reason":"end_turn"},"usage":{"input_tokens":100,"output_tokens":50}}
[05:54:52] [ENGINE:RESP] {
  "content": "搜索完成，共 3 条匹配。",
  "toolCalls": [],
  "stopReason": "end_turn",
  "model": "test-model",
  "usage": {
    "inputTokens": 0,
    "outputTokens": 0
  },
  "needsUserInput": false
}
[05:54:52] [ENGINE:AUTO_CONTINUE] 检测到 read/search 后提前终止，自动继续
[05:54:52] [ENGINE:REQ] {
  "provider": "openai",
  "messages": [
    {
      "role": "system",
      "content": "You are a helpful assistant."
    },
    {
      "role": "user",
      "content": "搜索相关代码"
    },
    {
      "role": "assistant",
      "content": "开始搜索",
      "tool_calls": [
        {
          "id": "tc_1",
          "type": "function",
          "function": {
            "name": "search",
            "arguments": "{\"query\":\"test\"}"
          }
        }
      ]
    },
    {
      "role": "system",
      "content": "Continuing to next iteration.\n搜索完成，共 3 条匹配。"
    },
    {
      "role": "system",
      "content": "Continuing to next iteration."
    }
  ],
  "tools": [
    {
      "type": "function",
      "function": {
        "name": "read",
        "description": "读取文件"
      }
    },
    {
      "type": "function",
      "function": {
        "name": "write",
        "description": "写入文件"
      }
    },
    {
      "type": "function",
      "function": {
        "name": "search",
        "description": "搜索文件"
      }
    },
    {
      "type": "function",
      "function": {
        "name": "glob",
        "description": "匹配文件"
      }
    },
    {
      "type": "function",
      "function": {
        "name": "grep",
        "description": "搜索内容"
      }
    },
    {
      "type": "function",
      "function": {
        "name": "edit",
        "description": "编辑文件"
      }
    }
  ],
  "model": "test-model",
  "max_tokens": 4000,
  "temperature": 0,
  "stream": true
}
[STREAM-PROC] event type=message_start {"type":"message_start","message":{"id":"msg_3","type":"message","role":"assistant","content":[],"model":"test-model","stop_reason":"end_turn","usage":{"input_tokens":100,"output_tokens":50}}}
[STREAM-PROC] event type=content_block_start {"type":"content_block_start","content_block":{"type":"text","text":""},"index":0}
[STREAM-PROC] content_block_start type=text id=undefined name=undefined currentBlockSet=true
[STREAM-PROC] event type=content_block_stop {"type":"content_block_stop","index":0}
[STREAM-PROC] content_block_stop index=0 currentBlockType=text currentBlockId=null
[STREAM-PROC] content_block_stop result blockType=text blockId=null
[STREAM-PROC] event type=message_delta {"type":"message_delta","delta":{"stop_reason":"end_turn"},"usage":{"input_tokens":100,"output_tokens":50}}
[05:54:52] [ENGINE:RESP] {
  "content": "根据搜索结果，共 3 条匹配，已整理完毕。",
  "toolCalls": [],
  "stopReason": "end_turn",
  "model": "test-model",
  "usage": {
    "inputTokens": 0,
    "outputTokens": 0
  },
  "needsUserInput": false
}
[05:54:52] [ENGINE:REQ] {
  "provider": "openai",
  "messages": [
    {
      "role": "system",
      "content": "You are a helpful assistant."
    },
    {
      "role": "user",
      "content": "完成任务"
    }
  ],
  "tools": [
    {
      "type": "function",
      "function": {
        "name": "read",
        "description": "读取文件"
      }
    },
    {
      "type": "function",
      "function": {
        "name": "write",
        "description": "写入文件"
      }
    },
    {
      "type": "function",
      "function": {
        "name": "search",
        "description": "搜索文件"
      }
    },
    {
      "type": "function",
      "function": {
        "name": "glob",
        "description": "匹配文件"
      }
    },
    {
      "type": "function",
      "function": {
        "name": "grep",
        "description": "搜索内容"
      }
    },
    {
      "type": "function",
      "function": {
        "name": "edit",
        "description": "编辑文件"
      }
    }
  ],
  "model": "test-model",
  "max_tokens": 4000,
  "temperature": 0,
  "stream": true
}
[STREAM-PROC] event type=message_start {"type":"message_start","message":{"id":"msg_1","type":"message","role":"assistant","content":[],"model":"test-model","stop_reason":"end_turn","usage":{"input_tokens":100,"output_tokens":50}}}
[STREAM-PROC] event type=content_block_start {"type":"content_block_start","content_block":{"type":"text","text":""},"index":0}
[STREAM-PROC] content_block_start type=text id=undefined name=undefined currentBlockSet=true
[STREAM-PROC] event type=content_block_stop {"type":"content_block_stop","index":0}
[STREAM-PROC] content_block_stop index=0 currentBlockType=text currentBlockId=null
[STREAM-PROC] content_block_stop result blockType=text blockId=null
[STREAM-PROC] event type=message_delta {"type":"message_delta","delta":{"stop_reason":"end_turn"},"usage":{"input_tokens":100,"output_tokens":50}}
[05:54:52] [ENGINE:RESP] {
  "content": "任务已完成，无其他待办事项。",
  "toolCalls": [],
  "stopReason": "end_turn",
  "model": "test-model",
  "usage": {
    "inputTokens": 0,
    "outputTokens": 0
  },
  "needsUserInput": false
}
[05:54:52] [ENGINE:REQ] {
  "provider": "openai",
  "messages": [
    {
      "role": "system",
      "content": "You are a helpful assistant."
    },
    {
      "role": "user",
      "content": "写入文件"
    }
  ],
  "tools": [
    {
      "type": "function",
      "function": {
        "name": "read",
        "description": "读取文件"
      }
    },
    {
      "type": "function",
      "function": {
        "name": "write",
        "description": "写入文件"
      }
    },
    {
      "type": "function",
      "function": {
        "name": "search",
        "description": "搜索文件"
      }
    },
    {
      "type": "function",
      "function": {
        "name": "glob",
        "description": "匹配文件"
      }
    },
    {
      "type": "function",
      "function": {
        "name": "grep",
        "description": "搜索内容"
      }
    },
    {
      "type": "function",
      "function": {
        "name": "edit",
        "description": "编辑文件"
      }
    }
  ],
  "model": "test-model",
  "max_tokens": 4000,
  "temperature": 0,
  "stream": true
}
[STREAM-PROC] event type=message_start {"type":"message_start","message":{"id":"msg_1","type":"message","role":"assistant","content":[],"model":"test-model","stop_reason":"end_turn","usage":{"input_tokens":100,"output_tokens":50}}}
[STREAM-PROC] event type=content_block_start {"type":"content_block_start","content_block":{"type":"text","text":""},"index":0}
[STREAM-PROC] content_block_start type=text id=undefined name=undefined currentBlockSet=true
[STREAM-PROC] event type=content_block_stop {"type":"content_block_stop","index":0}
[STREAM-PROC] content_block_stop index=0 currentBlockType=text currentBlockId=null
[STREAM-PROC] content_block_stop result blockType=text blockId=null
[STREAM-PROC] event type=content_block_start {"type":"content_block_start","content_block":{"type":"tool_use","id":"tc_1","name":"write","input":{"file_path":"/test.ts","content":"..."}},"index":1}
[STREAM-PROC] content_block_start type=tool_use id=tc_1 name=write currentBlockSet=true
[STREAM-PROC] event type=content_block_stop {"type":"content_block_stop","index":1}
[STREAM-PROC] content_block_stop index=1 currentBlockType=tool_use currentBlockId=tc_1
[STREAM-PROC] content_block_stop result blockType=tool_use blockId=tc_1
[STREAM-PROC] event type=message_delta {"type":"message_delta","delta":{"stop_reason":"end_turn"},"usage":{"input_tokens":100,"output_tokens":50}}
[05:54:52] [ENGINE:RESP] {
  "content": "开始写入文件",
  "toolCalls": [
    {
      "id": "tc_1",
      "name": "write",
      "input": {
        "file_path": "/test.ts",
        "content": "..."
      }
    }
  ],
  "stopReason": "end_turn",
  "model": "test-model",
  "usage": {
    "inputTokens": 0,
    "outputTokens": 0
  },
  "needsUserInput": false
}
[05:54:52] [ENGINE:TOOL_CALLS] [
  {
    "id": "tc_1",
    "name": "write",
    "input": {
      "file_path": "/test.ts",
      "content": "..."
    }
  }
]
[05:54:52] [ENGINE:TOOL_RESULTS] [
  {
    "success": true,
    "output": {
      "content": "",
      "toolUseId": "",
      "success": true
    },
    "toolUseId": "tc_1"
  }
]
[05:54:52] [ENGINE:REQ] {
  "provider": "openai",
  "messages": [
    {
      "role": "system",
      "content": "You are a helpful assistant."
    },
    {
      "role": "user",
      "content": "写入文件"
    },
    {
      "role": "assistant",
      "content": "开始写入文件",
      "tool_calls": [
        {
          "id": "tc_1",
          "type": "function",
          "function": {
            "name": "write",
            "arguments": "{\"file_path\":\"/test.ts\",\"content\":\"...\"}"
          }
        }
      ]
    },
    {
      "role": "system",
      "content": "Continuing to next iteration."
    }
  ],
  "tools": [
    {
      "type": "function",
      "function": {
        "name": "read",
        "description": "读取文件"
      }
    },
    {
      "type": "function",
      "function": {
        "name": "write",
        "description": "写入文件"
      }
    },
    {
      "type": "function",
      "function": {
        "name": "search",
        "description": "搜索文件"
      }
    },
    {
      "type": "function",
      "function": {
        "name": "glob",
        "description": "匹配文件"
      }
    },
    {
      "type": "function",
      "function": {
        "name": "grep",
        "description": "搜索内容"
      }
    },
    {
      "type": "function",
      "function": {
        "name": "edit",
        "description": "编辑文件"
      }
    }
  ],
  "model": "test-model",
  "max_tokens": 4000,
  "temperature": 0,
  "stream": true
}
[STREAM-PROC] event type=message_start {"type":"message_start","message":{"id":"msg_2","type":"message","role":"assistant","content":[],"model":"test-model","stop_reason":"end_turn","usage":{"input_tokens":100,"output_tokens":50}}}
[STREAM-PROC] event type=content_block_start {"type":"content_block_start","content_block":{"type":"text","text":""},"index":0}
[STREAM-PROC] content_block_start type=text id=undefined name=undefined currentBlockSet=true
[STREAM-PROC] event type=content_block_stop {"type":"content_block_stop","index":0}
[STREAM-PROC] content_block_stop index=0 currentBlockType=text currentBlockId=null
[STREAM-PROC] content_block_stop result blockType=text blockId=null
[STREAM-PROC] event type=message_delta {"type":"message_delta","delta":{"stop_reason":"end_turn"},"usage":{"input_tokens":100,"output_tokens":50}}
[05:54:52] [ENGINE:RESP] {
  "content": "文件已成功写入。",
  "toolCalls": [],
  "stopReason": "end_turn",
  "model": "test-model",
  "usage": {
    "inputTokens": 0,
    "outputTokens": 0
  },
  "needsUserInput": false
}
[05:54:52] [ENGINE:REQ] {
  "provider": "openai",
  "messages": [
    {
      "role": "system",
      "content": "You are a helpful assistant."
    },
    {
      "role": "user",
      "content": "执行操作"
    }
  ],
  "tools": [
    {
      "type": "function",
      "function": {
        "name": "read",
        "description": "读取文件"
      }
    },
    {
      "type": "function",
      "function": {
        "name": "write",
        "description": "写入文件"
      }
    },
    {
      "type": "function",
      "function": {
        "name": "search",
        "description": "搜索文件"
      }
    },
    {
      "type": "function",
      "function": {
        "name": "glob",
        "description": "匹配文件"
      }
    },
    {
      "type": "function",
      "function": {
        "name": "grep",
        "description": "搜索内容"
      }
    },
    {
      "type": "function",
      "function": {
        "name": "edit",
        "description": "编辑文件"
      }
    }
  ],
  "model": "test-model",
  "max_tokens": 4000,
  "temperature": 0,
  "stream": true
}
[STREAM-PROC] event type=message_start {"type":"message_start","message":{"id":"msg_1","type":"message","role":"assistant","content":[],"model":"test-model","stop_reason":"end_turn","usage":{"input_tokens":100,"output_tokens":50}}}
[STREAM-PROC] event type=content_block_start {"type":"content_block_start","content_block":{"type":"text","text":""},"index":0}
[STREAM-PROC] content_block_start type=text id=undefined name=undefined currentBlockSet=true
[STREAM-PROC] event type=content_block_stop {"type":"content_block_stop","index":0}
[STREAM-PROC] content_block_stop index=0 currentBlockType=text currentBlockId=null
[STREAM-PROC] content_block_stop result blockType=text blockId=null
[STREAM-PROC] event type=message_delta {"type":"message_delta","delta":{"stop_reason":"end_turn"},"usage":{"input_tokens":100,"output_tokens":50}}
[05:54:52] [ENGINE:RESP] {
  "content": "确认一下后续操作",
  "toolCalls": [],
  "stopReason": "end_turn",
  "model": "test-model",
  "usage": {
    "inputTokens": 0,
    "outputTokens": 0
  },
  "needsUserInput": false
}
[05:54:55] [ENGINE:AUTO_CONTINUE] 检测到"是否继续"关键词，3秒后自动发送"继续"
[05:54:55] [ENGINE:REQ] {
  "provider": "openai",
  "messages": [
    {
      "role": "system",
      "content": "You are a helpful assistant."
    },
    {
      "role": "user",
      "content": "执行操作"
    },
    {
      "role": "assistant",
      "content": ""
    },
    {
      "role": "user",
      "content": "继续"
    },
    {
      "role": "system",
      "content": "Continuing to next iteration."
    }
  ],
  "tools": [
    {
      "type": "function",
      "function": {
        "name": "read",
        "description": "读取文件"
      }
    },
    {
      "type": "function",
      "function": {
        "name": "write",
        "description": "写入文件"
      }
    },
    {
      "type": "function",
      "function": {
        "name": "search",
        "description": "搜索文件"
      }
    },
    {
      "type": "function",
      "function": {
        "name": "glob",
        "description": "匹配文件"
      }
    },
    {
      "type": "function",
      "function": {
        "name": "grep",
        "description": "搜索内容"
      }
    },
    {
      "type": "function",
      "function": {
        "name": "edit",
        "description": "编辑文件"
      }
    }
  ],
  "model": "test-model",
  "max_tokens": 4000,
  "temperature": 0,
  "stream": true
}
[STREAM-PROC] event type=message_start {"type":"message_start","message":{"id":"msg_2","type":"message","role":"assistant","content":[],"model":"test-model","stop_reason":"end_turn","usage":{"input_tokens":100,"output_tokens":50}}}
[STREAM-PROC] event type=content_block_start {"type":"content_block_start","content_block":{"type":"text","text":""},"index":0}
[STREAM-PROC] content_block_start type=text id=undefined name=undefined currentBlockSet=true
[STREAM-PROC] event type=content_block_stop {"type":"content_block_stop","index":0}
[STREAM-PROC] content_block_stop index=0 currentBlockType=text currentBlockId=null
[STREAM-PROC] content_block_stop result blockType=text blockId=null
[STREAM-PROC] event type=message_delta {"type":"message_delta","delta":{"stop_reason":"end_turn"},"usage":{"input_tokens":100,"output_tokens":50}}
[05:54:56] [ENGINE:RESP] {
  "content": "好的，操作已执行完毕。",
  "toolCalls": [],
  "stopReason": "end_turn",
  "model": "test-model",
  "usage": {
    "inputTokens": 0,
    "outputTokens": 0
  },
  "needsUserInput": false
}
[05:54:56] [ENGINE:REQ] {
  "provider": "openai",
  "messages": [
    {
      "role": "system",
      "content": "You are a helpful assistant."
    },
    {
      "role": "user",
      "content": "生成长文本"
    }
  ],
  "tools": [
    {
      "type": "function",
      "function": {
        "name": "read",
        "description": "读取文件"
      }
    },
    {
      "type": "function",
      "function": {
        "name": "write",
        "description": "写入文件"
      }
    },
    {
      "type": "function",
      "function": {
        "name": "search",
        "description": "搜索文件"
      }
    },
    {
      "type": "function",
      "function": {
        "name": "glob",
        "description": "匹配文件"
      }
    },
    {
      "type": "function",
      "function": {
        "name": "grep",
        "description": "搜索内容"
      }
    },
    {
      "type": "function",
      "function": {
        "name": "edit",
        "description": "编辑文件"
      }
    }
  ],
  "model": "test-model",
  "max_tokens": 4000,
  "temperature": 0,
  "stream": true
}
[STREAM-PROC] event type=message_start {"type":"message_start","message":{"id":"msg_1","type":"message","role":"assistant","content":[],"model":"test-model","stop_reason":"max_tokens","usage":{"input_tokens":100,"output_tokens":50}}}
[STREAM-PROC] event type=content_block_start {"type":"content_block_start","content_block":{"type":"text","text":""},"index":0}
[STREAM-PROC] content_block_start type=text id=undefined name=undefined currentBlockSet=true
[STREAM-PROC] event type=content_block_stop {"type":"content_block_stop","index":0}
[STREAM-PROC] content_block_stop index=0 currentBlockType=text currentBlockId=null
[STREAM-PROC] content_block_stop result blockType=text blockId=null
[STREAM-PROC] event type=message_delta {"type":"message_delta","delta":{"stop_reason":"max_tokens"},"usage":{"input_tokens":100,"output_tokens":50}}
[05:54:56] [ENGINE:RESP] {
  "content": "输出被截断...",
  "toolCalls": [],
  "stopReason": "max_tokens",
  "model": "test-model",
  "usage": {
    "inputTokens": 0,
    "outputTokens": 0
  },
  "needsUserInput": false
}
[05:54:56] [ENGINE:REQ] {
  "provider": "openai",
  "messages": [
    {
      "role": "system",
      "content": "You are a helpful assistant."
    },
    {
      "role": "user",
      "content": "生成长文本"
    },
    {
      "role": "assistant",
      "content": ""
    },
    {
      "role": "system",
      "content": "Continuing to next iteration."
    }
  ],
  "tools": [
    {
      "type": "function",
      "function": {
        "name": "read",
        "description": "读取文件"
      }
    },
    {
      "type": "function",
      "function": {
        "name": "write",
        "description": "写入文件"
      }
    },
    {
      "type": "function",
      "function": {
        "name": "search",
        "description": "搜索文件"
      }
    },
    {
      "type": "function",
      "function": {
        "name": "glob",
        "description": "匹配文件"
      }
    },
    {
      "type": "function",
      "function": {
        "name": "grep",
        "description": "搜索内容"
      }
    },
    {
      "type": "function",
      "function": {
        "name": "edit",
        "description": "编辑文件"
      }
    }
  ],
  "model": "test-model",
  "max_tokens": 4000,
  "temperature": 0,
  "stream": true
}
[STREAM-PROC] event type=message_start {"type":"message_start","message":{"id":"msg_2","type":"message","role":"assistant","content":[],"model":"test-model","stop_reason":"end_turn","usage":{"input_tokens":100,"output_tokens":50}}}
[STREAM-PROC] event type=content_block_start {"type":"content_block_start","content_block":{"type":"text","text":""},"index":0}
[STREAM-PROC] content_block_start type=text id=undefined name=undefined currentBlockSet=true
[STREAM-PROC] event type=content_block_stop {"type":"content_block_stop","index":0}
[STREAM-PROC] content_block_stop index=0 currentBlockType=text currentBlockId=null
[STREAM-PROC] content_block_stop result blockType=text blockId=null
[STREAM-PROC] event type=message_delta {"type":"message_delta","delta":{"stop_reason":"end_turn"},"usage":{"input_tokens":100,"output_tokens":50}}
[05:54:56] [ENGINE:RESP] {
  "content": "续上之前的内容，全部输出完毕。",
  "toolCalls": [],
  "stopReason": "end_turn",
  "model": "test-model",
  "usage": {
    "inputTokens": 0,
    "outputTokens": 0
  },
  "needsUserInput": false
}
[05:54:59] [ENGINE:AUTO_CONTINUE] 检测到"是否继续"关键词，3秒后自动发送"继续"
[05:55:02] [ENGINE:AUTO_CONTINUE] 检测到"是否继续"关键词，3秒后自动发送"继续"
[05:55:05] [ENGINE:AUTO_CONTINUE] 检测到"是否继续"关键词，3秒后自动发送"继续"
[05:55:08] [ENGINE:AUTO_CONTINUE] 检测到"是否继续"关键词，3秒后自动发送"继续"
[05:55:11] [ENGINE:AUTO_CONTINUE] 检测到"是否继续"关键词，3秒后自动发送"继续"
[05:55:14] [ENGINE:AUTO_CONTINUE] 检测到"是否继续"关键词，3秒后自动发送"继续"
[05:55:14] [ENGINE:AUTO_CONTINUE] 检测到 read/search 后提前终止，自动继续
[05:55:14] [ENGINE:AUTO_CONTINUE] 检测到 read/search 后提前终止，自动继续
[05:55:14] [ENGINE:AUTO_CONTINUE] 检测到 read/search 后提前终止，自动继续
[05:55:14] [ENGINE:AUTO_CONTINUE] 检测到 read/search 后提前终止，自动继续
