npm notice run @doge-code/cli@999.0.0-DOGE npx
npm notice run tsc --noEmit --skipLibCheck
src/GrowthBook.ts(174,16): error TS2345: Argument of type 'this' is not assignable to parameter of type 'GrowthBook<Record<string, any>> | GrowthBookClient<Record<string, any>> | UserScopedGrowthBook<Record<string, any>>'.
  Type 'GrowthBook<AppFeatures>' is not assignable to type 'GrowthBook<Record<string, any>> | GrowthBookClient<Record<string, any>> | UserScopedGrowthBook<Record<string, any>>'.
    Type 'GrowthBook<AppFeatures>' is missing the following properties from type 'GrowthBook<Record<string, any>>': _featureUsageSubs, _customEventSubs, _subscribeFeatureUsage, _subscribeCustomEvents
      Type 'this' is not assignable to type 'UserScopedGrowthBook<Record<string, any>>'.
        Type 'GrowthBook<AppFeatures>' is missing the following properties from type 'UserScopedGrowthBook<Record<string, any>>': _gb, _userContext, runInlineExperiment, getUserContext, getVersion
src/GrowthBook.ts(183,7): error TS2322: Type 'this' is not assignable to type 'GrowthBook<Record<string, any>>'.
  Type 'GrowthBook<AppFeatures>' is missing the following properties from type 'GrowthBook<Record<string, any>>': _featureUsageSubs, _customEventSubs, _subscribeFeatureUsage, _subscribeCustomEvents
src/GrowthBook.ts(247,11): error TS2352: Conversion of type 'StickyBucketService' to type 'StickyBucketServiceSync' may be a mistake because neither type sufficiently overlaps with the other. If this was intentional, convert the expression to 'unknown' first.
  Type 'StickyBucketService' is missing the following properties from type 'StickyBucketServiceSync': getAssignmentsSync, saveAssignmentsSync, getAllAssignmentsSync
src/GrowthBook.ts(575,22): error TS2367: This comparison appears to be unintentional because the types 'GrowthBook<Record<string, any>>' and 'this' have no overlap.
src/GrowthBook.ts(1116,9): error TS2345: Argument of type 'import("D:/doge-code/node_modules/@growthbook/growthbook/dist/sticky-bucket-service").StickyBucketService' is not assignable to parameter of type 'import("D:/doge-code/src/sticky-bucket-service").StickyBucketService'.
  Property 'prefix' is protected but type 'StickyBucketService' is not a class derived from 'StickyBucketService'.
src/GrowthBookClient.ts(80,16): error TS2345: Argument of type 'this' is not assignable to parameter of type 'GrowthBook<Record<string, any>> | GrowthBookClient<Record<string, any>> | UserScopedGrowthBook<Record<string, any>>'.
  Type 'GrowthBookClient<AppFeatures>' is not assignable to type 'GrowthBook<Record<string, any>> | GrowthBookClient<Record<string, any>> | UserScopedGrowthBook<Record<string, any>>'.
    Type 'GrowthBookClient<AppFeatures>' is not assignable to type 'GrowthBookClient<Record<string, any>>'.
      Types have separate declarations of a private property '_options'.
        Type 'this' is not assignable to type 'UserScopedGrowthBook<Record<string, any>>'.
          Type 'GrowthBookClient<AppFeatures>' is missing the following properties from type 'UserScopedGrowthBook<Record<string, any>>': _gb, _userContext, logs, setURL, and 7 more.
src/GrowthBookClient.ts(401,16): error TS2345: Argument of type 'this' is not assignable to parameter of type 'GrowthBook<Record<string, any>> | GrowthBookClient<Record<string, any>> | UserScopedGrowthBook<Record<string, any>>'.
  Type 'UserScopedGrowthBook<AppFeatures>' is not assignable to type 'GrowthBook<Record<string, any>> | GrowthBookClient<Record<string, any>> | UserScopedGrowthBook<Record<string, any>>'.
    Property 'setFeatureUsageCallback' is missing in type 'UserScopedGrowthBook<AppFeatures>' but required in type 'UserScopedGrowthBook<Record<string, any>>'.
      Type 'this' is not assignable to type 'UserScopedGrowthBook<Record<string, any>>'.
        Property 'setFeatureUsageCallback' is missing in type 'UserScopedGrowthBook<AppFeatures>' but required in type 'UserScopedGrowthBook<Record<string, any>>'.
src/__tests__/engine/sandbox.test.ts(141,43): error TS2739: Type '{ name: string; }' is missing the following properties from type 'Tool': description, parameters, validate, execute
src/__tests__/engine/sandbox.test.ts(151,35): error TS2739: Type '{ name: string; }' is missing the following properties from type 'Tool': description, parameters, validate, execute
src/__tests__/engine/sandbox.test.ts(160,43): error TS2739: Type '{ name: string; }' is missing the following properties from type 'Tool': description, parameters, validate, execute
src/__tests__/engine/sandbox.test.ts(175,24): error TS2739: Type '{ name: string; }' is missing the following properties from type 'Tool': description, parameters, validate, execute
src/auto-wrapper.ts(39,5): error TS2717: Subsequent property declarations must have the same type.  Property '_growthbook' must be of type 'GrowthBook<Record<string, any>>', but here has type 'GrowthBook<Record<string, any>>'.
src/auto-wrapper.ts(131,3): error TS2322: Type '(gb: GrowthBook | UserScopedGrowthBook | GrowthBookClient) => void' is not assignable to type 'Plugin'.
  Types of parameters 'gb' and 'gb' are incompatible.
    Type 'import("D:/doge-code/node_modules/@growthbook/growthbook/dist/GrowthBook").GrowthBook<Record<string, any>> | import("D:/doge-code/node_modules/@growthbook/growthbook/dist/GrowthBookClient").GrowthBookClient<Record<string, any>> | import("D:/doge-code/node_modules/@growthbook/growthbook/dist/GrowthBookClient").UserSc...' is not assignable to type 'import("D:/doge-code/src/GrowthBook").GrowthBook<Record<string, any>> | import("D:/doge-code/src/GrowthBookClient").GrowthBookClient<Record<string, any>> | import("D:/doge-code/src/GrowthBookClient").UserScopedGrowthBook<...>'.
      Type 'GrowthBook<Record<string, any>>' is not assignable to type 'GrowthBook<Record<string, any>> | GrowthBookClient<Record<string, any>> | UserScopedGrowthBook<Record<string, any>>'.
        Type 'import("D:/doge-code/node_modules/@growthbook/growthbook/dist/GrowthBook").GrowthBook<Record<string, any>>' is not assignable to type 'import("D:/doge-code/src/GrowthBook").GrowthBook<Record<string, any>>'.
          Types have separate declarations of a private property 'context'.
src/auto-wrapper.ts(148,7): error TS2345: Argument of type '(gb: GrowthBook | UserScopedGrowthBook | GrowthBookClient) => void' is not assignable to parameter of type 'Plugin'.
  Types of parameters 'gb' and 'gb' are incompatible.
    Type 'import("D:/doge-code/node_modules/@growthbook/growthbook/dist/GrowthBook").GrowthBook<Record<string, any>> | import("D:/doge-code/node_modules/@growthbook/growthbook/dist/GrowthBookClient").GrowthBookClient<Record<string, any>> | import("D:/doge-code/node_modules/@growthbook/growthbook/dist/GrowthBookClient").UserSc...' is not assignable to type 'import("D:/doge-code/src/GrowthBook").GrowthBook<Record<string, any>> | import("D:/doge-code/src/GrowthBookClient").GrowthBookClient<Record<string, any>> | import("D:/doge-code/src/GrowthBookClient").UserScopedGrowthBook<...>'.
      Type 'GrowthBook<Record<string, any>>' is not assignable to type 'GrowthBook<Record<string, any>> | GrowthBookClient<Record<string, any>> | UserScopedGrowthBook<Record<string, any>>'.
        Type 'import("D:/doge-code/node_modules/@growthbook/growthbook/dist/GrowthBook").GrowthBook<Record<string, any>>' is not assignable to type 'import("D:/doge-code/src/GrowthBook").GrowthBook<Record<string, any>>'.
          Types have separate declarations of a private property 'context'.
src/auto-wrapper.ts(156,7): error TS2345: Argument of type '(gb: GrowthBook | UserScopedGrowthBook | GrowthBookClient) => void' is not assignable to parameter of type 'Plugin'.
  Types of parameters 'gb' and 'gb' are incompatible.
    Type 'import("D:/doge-code/node_modules/@growthbook/growthbook/dist/GrowthBook").GrowthBook<Record<string, any>> | import("D:/doge-code/node_modules/@growthbook/growthbook/dist/GrowthBookClient").GrowthBookClient<Record<string, any>> | import("D:/doge-code/node_modules/@growthbook/growthbook/dist/GrowthBookClient").UserSc...' is not assignable to type 'import("D:/doge-code/src/GrowthBook").GrowthBook<Record<string, any>> | import("D:/doge-code/src/GrowthBookClient").GrowthBookClient<Record<string, any>> | import("D:/doge-code/src/GrowthBookClient").UserScopedGrowthBook<...>'.
      Type 'GrowthBook<Record<string, any>>' is not assignable to type 'GrowthBook<Record<string, any>> | GrowthBookClient<Record<string, any>> | UserScopedGrowthBook<Record<string, any>>'.
        Type 'import("D:/doge-code/node_modules/@growthbook/growthbook/dist/GrowthBook").GrowthBook<Record<string, any>>' is not assignable to type 'import("D:/doge-code/src/GrowthBook").GrowthBook<Record<string, any>>'.
          Types have separate declarations of a private property 'context'.
src/auto-wrapper.ts(171,3): error TS2322: Type 'import("D:/doge-code/src/sticky-bucket-service").StickyBucketService' is not assignable to type 'import("D:/doge-code/node_modules/@growthbook/growthbook/dist/sticky-bucket-service").StickyBucketService'.
  Property 'prefix' is protected but type 'StickyBucketService' is not a class derived from 'StickyBucketService'.
src/cli/print.ts(1925,44): error TS2322: Type 'string | ContentBlockParam[]' is not assignable to type 'string | { [x: string]: unknown; type: string; }[]'.
  Type 'ContentBlockParam[]' is not assignable to type 'string | { [x: string]: unknown; type: string; }[]'.
    Type 'ContentBlockParam[]' is not assignable to type '{ [x: string]: unknown; type: string; }[]'.
      Type 'ContentBlockParam' is not assignable to type '{ [x: string]: unknown; type: string; }'.
        Type 'BashCodeExecutionToolResultBlockParam' is not assignable to type '{ [x: string]: unknown; type: string; }'.
          Index signature for type 'string' is missing in type 'BashCodeExecutionToolResultBlockParam'.
src/cli/print.ts(5099,13): error TS2353: Object literal may only specify known properties, and 'role' does not exist in type '{ content?: string | { [x: string]: unknown; type: string; }[]; }'.
src/cli/structuredIO.ts(209,20): error TS2353: Object literal may only specify known properties, and 'role' does not exist in type '{ content?: string | { [x: string]: unknown; type: string; }[]; }'.
src/cli/structuredIO.ts(704,9): error TS2345: Argument of type '{ subtype: string; mcp_server_name: string; message: string; mode: "form" | "url"; url: string; elicitation_id: string; requested_schema: Record<string, unknown>; }' is not assignable to parameter of type 'SDKControlRequestInner'.
  Types of property 'mode' are incompatible.
    Type '"form" | "url"' is not assignable to type 'InternalPermissionMode'.
      Type '"form"' is not assignable to type 'InternalPermissionMode'.
src/commands/add-dir/index.ts(10,9): error TS2353: Object literal may only specify known properties, and 'call' does not exist in type 'CommandBase & LocalJSXCommand'.
src/commands/assistant/assistant.ts(17,74): error TS2339: Property 'load' does not exist on type 'Command'.
  Property 'load' does not exist on type 'CommandBase & PromptCommand'.
src/commands/autocomplete/index.ts(1142,14): error TS2322: Type '(args: string) => Promise<{ type: "text"; value: string; } | { type: "compact"; compactionResult: CompactionResult; displayText?: string; } | { type: "skip"; } | { type: "json"; value: string; }>' is not assignable to type 'LocalCommandCall'.
  Type 'Promise<{ type: "text"; value: string; } | { type: "compact"; compactionResult: CompactionResult; displayText?: string; } | { type: "skip"; } | { type: "json"; value: string; }>' is not assignable to type 'Promise<LocalCommandResult>'.
    Type '{ type: "text"; value: string; } | { type: "compact"; compactionResult: CompactionResult; displayText?: string; } | { type: "skip"; } | { type: "json"; value: string; }' is not assignable to type 'LocalCommandResult'.
      Type '{ type: "json"; value: string; }' is not assignable to type 'LocalCommandResult'.
        Type '{ type: "json"; value: string; }' is not assignable to type '{ type: "text"; value: string; }'.
          Types of property 'type' are incompatible.
            Type '"json"' is not assignable to type '"text"'.
src/commands/backup/backup.ts(10,15): error TS2322: Type 'Promise<typeof import("D:/doge-code/src/commands/backup/backup")>' is not assignable to type 'Promise<LocalCommandModule>'.
  Type 'typeof import("D:/doge-code/src/commands/backup/backup")' is not assignable to type 'LocalCommandModule'.
    The types returned by 'call(...)' are incompatible between these types.
      Type 'Promise<string>' is not assignable to type 'Promise<LocalCommandResult>'.
        Type 'string' is not assignable to type 'LocalCommandResult'.
src/commands/backup/index.ts(7,15): error TS2322: Type 'Promise<typeof import("D:/doge-code/src/commands/backup/backup")>' is not assignable to type 'Promise<LocalCommandModule>'.
  Type 'typeof import("D:/doge-code/src/commands/backup/backup")' is not assignable to type 'LocalCommandModule'.
    The types returned by 'call(...)' are incompatible between these types.
      Type 'Promise<string>' is not assignable to type 'Promise<LocalCommandResult>'.
        Type 'string' is not assignable to type 'LocalCommandResult'.
src/commands/block-mode/block-mode.ts(2,3): error TS2724: '"../../types/command.js"' has no exported member named 'LocalCommandContext'. Did you mean 'LocalJSXCommandContext'?
src/commands/block-mode/block-mode.ts(3,3): error TS2724: '"../../types/command.js"' has no exported member named 'LocalCommandOnDone'. Did you mean 'LocalJSXCommandOnDone'?
src/commands/block-mode/block-mode.ts(14,26): error TS2339: Property 'blockOutput' does not exist on type 'GlobalConfig'.
src/commands/block-mode/index.ts(9,15): error TS2322: Type 'Promise<typeof import("D:/doge-code/src/commands/block-mode/block-mode")>' is not assignable to type 'Promise<LocalCommandModule>'.
  Type 'typeof import("D:/doge-code/src/commands/block-mode/block-mode")' is not assignable to type 'LocalCommandModule'.
    Types of property 'call' are incompatible.
      Type '(onDone: LocalCommandOnDone, _context: LocalCommandContext, args: string) => Promise<null>' is not assignable to type 'LocalCommandCall'.
        Target signature provides too few arguments. Expected 3 or more, but got 2.
src/commands/brain-sync/index.ts(202,12): error TS2353: Object literal may only specify known properties, and 'syncedCount' does not exist in type '{ synced: number; skipped: number; issues: string[]; }'.
src/commands/brain-sync/index.ts(267,30): error TS2339: Property 'syncedCount' does not exist on type '{ synced: number; skipped: number; issues: string[]; }'.
src/commands/brain-sync/index.ts(268,31): error TS2339: Property 'skippedCount' does not exist on type '{ synced: number; skipped: number; issues: string[]; }'.
src/commands/branch/branch.ts(130,9): error TS2322: Type 'string' is not assignable to type '`${string}-${string}-${string}-${string}-${string}`'.
src/commands/branch/branch.ts(143,7): error TS2322: Type 'string' is not assignable to type '`${string}-${string}-${string}-${string}-${string}`'.
src/commands/break-cache/index.ts(640,32): error TS2365: Operator '>' cannot be applied to types 'string' and 'number'.
src/commands/break-cache/index.ts(643,34): error TS2365: Operator '>' cannot be applied to types 'string' and 'number'.
src/commands/bridge-sessions/index.ts(10,15): error TS2322: Type 'Promise<LocalCommandModule | LocalJSXCommandModule | { call: (_onDone: (message?: string) => void, _context: unknown, _args: string) => ReactNode; }>' is not assignable to type 'Promise<LocalJSXCommandModule>'.
  Type 'LocalCommandModule | LocalJSXCommandModule | { call: (_onDone: (message?: string) => void, _context: unknown, _args: string) => ReactNode; }' is not assignable to type 'LocalJSXCommandModule'.
    Type 'LocalCommandModule' is not assignable to type 'LocalJSXCommandModule'.
      Types of property 'call' are incompatible.
        Type 'LocalCommandCall' is not assignable to type 'LocalJSXCommandCall'.
          Types of parameters 'args' and 'onDone' are incompatible.
            Type 'LocalJSXCommandOnDone' is not assignable to type 'string'.
src/commands/bughunter/index.tsx(974,14): error TS2322: Type '(onDone: LocalJSXCommandOnDone, _context: ToolUseContext & { canUseTool?: CanUseToolFn; updateProgress?: (message: string) => void; ... 5 more ...; resume?: (sessionId: `${string}-${string}-${string}-${string}-${string}`, log: LogOption, entrypoint: ResumeEntrypoint) => Promise<...>; }, args: string) => Promise<...>' is not assignable to type 'LocalJSXCommandCall'.
  Type 'Promise<FunctionComponentElement<ResultsUIProps> | { type: string; value: string; }>' is not assignable to type 'Promise<ReactNode>'.
    Type 'FunctionComponentElement<ResultsUIProps> | { type: string; value: string; }' is not assignable to type 'ReactNode'.
      Type '{ type: string; value: string; }' is not assignable to type 'ReactNode'.
        Type '{ type: string; value: string; }' is missing the following properties from type 'ReactPortal': children, props, key
src/commands/bughunter/index.tsx(1088,64): error TS2339: Property '_config' does not exist on type 'ResultsUIProps'.
src/commands/changelog/index.ts(7,15): error TS2322: Type 'Promise<typeof import("D:/doge-code/src/commands/changelog/changelog")>' is not assignable to type 'Promise<LocalJSXCommandModule>'.
  Type 'typeof import("D:/doge-code/src/commands/changelog/changelog")' is not assignable to type 'LocalJSXCommandModule'.
    The types returned by 'call(...)' are incompatible between these types.
      Type 'Promise<void>' is not assignable to type 'Promise<ReactNode>'.
        Type 'void' is not assignable to type 'ReactNode'.
src/commands/clear/caches.ts(97,10): error TS2339: Property 'clearSessionsWithTungstenUsage' does not exist on type 'typeof import("D:/doge-code/src/tools/TungstenTool/TungstenTool")'.
src/commands/clear/caches.ts(97,42): error TS2339: Property 'resetInitializationState' does not exist on type 'typeof import("D:/doge-code/src/tools/TungstenTool/TungstenTool")'.
src/commands/clear/conversation.ts(154,37): error TS2339: Property 'abort' does not exist on type 'unknown'.
src/commands/clear/conversation.ts(157,20): error TS2349: This expression is not callable.
  Type '{}' has no call signatures.
src/commands/clear/tool-call-executor.ts(230,11): error TS2353: Object literal may only specify known properties, and 'env' does not exist in type 'ExecOptions'.
src/commands/cmd/index.ts(12,5): error TS2322: Type 'Promise<LocalCommandModule | LocalJSXCommandModule>' is not assignable to type 'Promise<LocalCommandModule>'.
  Type 'LocalCommandModule | LocalJSXCommandModule' is not assignable to type 'LocalCommandModule'.
    Type 'LocalJSXCommandModule' is not assignable to type 'LocalCommandModule'.
      Types of property 'call' are incompatible.
        Type 'LocalJSXCommandCall' is not assignable to type 'LocalCommandCall'.
          Target signature provides too few arguments. Expected 3 or more, but got 2.
src/commands/code-review-assistant/codeReviewAssistant.ts(175,46): error TS2339: Property 'execute' does not exist on type 'Tools'.
src/commands/code-review-assistant/codeReviewAssistant.ts(231,21): error TS2339: Property 'filePath' does not exist on type 'object'.
src/commands/code-review-assistant/codeReviewAssistant.ts(232,21): error TS2339: Property 'content' does not exist on type 'object'.
src/commands/code-review-assistant/code_review_assistant.ts(391,14): error TS2322: Type '(onDone: LocalJSXCommandOnDone, context: ToolUseContext & { canUseTool?: CanUseToolFn; updateProgress?: (message: string) => void; ... 5 more ...; resume?: (sessionId: `${string}-${string}-${string}-${string}-${string}`, log: LogOption, entrypoint: ResumeEntrypoint) => Promise<...>; }, args: string) => Promise<...>' is not assignable to type 'LocalJSXCommandCall'.
  Type 'Promise<{ type: string; render: () => string; }>' is not assignable to type 'Promise<ReactNode>'.
    Type '{ type: string; render: () => string; }' is not assignable to type 'ReactNode'.
      Type '{ type: string; render: () => string; }' is missing the following properties from type 'ReactPortal': children, props, key
src/commands/code-review-assistant/code_review_assistant.ts(394,41): error TS2339: Property 'cwd' does not exist on type 'AppState'.
src/commands/code-review-assistant/index.ts(30,3): error TS2353: Object literal may only specify known properties, and 'supportsNonInteractive' does not exist in type 'CommandBase & LocalJSXCommand'.
src/commands/code-search/index.tsx(72,24): error TS2339: Property 'then' does not exist on type '{ mode: "builtin" | "embedded" | "system"; path: string; working: boolean; }'.
src/commands/code-search/index.tsx(445,3): error TS2353: Object literal may only specify known properties, and 'args' does not exist in type 'Command'.
src/commands/compact/compact.ts(145,26): error TS2339: Property 'isReactiveOnlyMode' does not exist on type 'typeof import("D:/doge-code/src/services/compact/reactiveCompact")'.
src/commands/compact/compact.ts(233,36): error TS2339: Property 'reactiveCompactOnPromptTooLong' does not exist on type 'typeof import("D:/doge-code/src/services/compact/reactiveCompact")'.
src/commands/compare/compare.ts(79,3): error TS2322: Type '{ type: 'text'; value: string; }' is not assignable to type 'string'.
src/commands/compare/index.ts(8,15): error TS2322: Type 'Promise<typeof import("D:/doge-code/src/commands/compare/compare")>' is not assignable to type 'Promise<LocalCommandModule>'.
  Type 'typeof import("D:/doge-code/src/commands/compare/compare")' is not assignable to type 'LocalCommandModule'.
    The types returned by 'call(...)' are incompatible between these types.
      Type 'Promise<string>' is not assignable to type 'Promise<LocalCommandResult>'.
        Type 'string' is not assignable to type 'LocalCommandResult'.
src/commands/complete/index.ts(356,14): error TS2322: Type '(args: string) => Promise<{ type: "text"; value: string; } | { type: "json"; value: string; }>' is not assignable to type 'LocalCommandCall'.
  Type 'Promise<{ type: "text"; value: string; } | { type: "json"; value: string; }>' is not assignable to type 'Promise<LocalCommandResult>'.
    Type '{ type: "text"; value: string; } | { type: "json"; value: string; }' is not assignable to type 'LocalCommandResult'.
      Type '{ type: "json"; value: string; }' is not assignable to type 'LocalCommandResult'.
        Type '{ type: "json"; value: string; }' is not assignable to type '{ type: "text"; value: string; }'.
          Types of property 'type' are incompatible.
            Type '"json"' is not assignable to type '"text"'.
src/commands/context-collapse/contextCollapse.ts(6,86): error TS2559: Type 'number' has no properties in common with type '{ includeSnipped?: boolean; }'.
src/commands/context-collapse/index.ts(8,15): error TS2322: Type 'Promise<typeof import("D:/doge-code/src/commands/context-collapse/contextCollapse")>' is not assignable to type 'Promise<LocalCommandModule>'.
  Type 'typeof import("D:/doge-code/src/commands/context-collapse/contextCollapse")' is not assignable to type 'LocalCommandModule'.
    The types returned by 'call(...)' are incompatible between these types.
      Type 'Promise<string>' is not assignable to type 'Promise<LocalCommandResult>'.
        Type 'string' is not assignable to type 'LocalCommandResult'.
src/commands/context/context-noninteractive.ts(52,13): error TS2339: Property 'projectView' does not exist on type 'typeof import("D:/doge-code/src/services/contextCollapse/operations")'.
src/commands/context/context.tsx(23,7): error TS2339: Property 'projectView' does not exist on type 'typeof import("D:/doge-code/src/services/contextCollapse/operations")'.
src/commands/copy-page/index.ts(7,15): error TS2322: Type 'Promise<typeof import("D:/doge-code/src/commands/copy-page/copy-page")>' is not assignable to type 'Promise<LocalJSXCommandModule>'.
  Type 'typeof import("D:/doge-code/src/commands/copy-page/copy-page")' is not assignable to type 'LocalJSXCommandModule'.
    Types of property 'call' are incompatible.
      Type '(onDone: LocalJSXCommandOnDone, args: string) => Promise<void>' is not assignable to type 'LocalJSXCommandCall'.
        Types of parameters 'args' and 'context' are incompatible.
          Type 'ToolUseContext & { canUseTool?: CanUseToolFn; updateProgress?: (message: string) => void; setMessages: (updater: (prev: Message[]) => Message[]) => void; ... 4 more ...; resume?: (sessionId: `${string}-${string}-${string}-${string}-${string}`, log: LogOption, entrypoint: ResumeEntrypoint) => Promise<...>; }' is not assignable to type 'string'.
src/commands/cost-history/index.ts(257,15): error TS2322: Type 'Promise<{ call: CostHistoryCall; }>' is not assignable to type 'Promise<LocalCommandModule>'.
  Type '{ call: CostHistoryCall; }' is not assignable to type 'LocalCommandModule'.
    Types of property 'call' are incompatible.
      Type 'CostHistoryCall' is not assignable to type 'LocalCommandCall'.
        Types of parameters 'args' and 'args' are incompatible.
          Type 'string' is not assignable to type '{ [key: string]: string | number | boolean; }'.
src/commands/cost/cost.ts(364,34): error TS2345: Argument of type 'string | {}' is not assignable to parameter of type '{ [key: string]: string | number | boolean; }'.
  Type 'string' is not assignable to type '{ [key: string]: string | number | boolean; }'.
src/commands/cost/cost.ts(393,30): error TS2345: Argument of type 'string | {}' is not assignable to parameter of type '{ [key: string]: string | number | boolean; }'.
  Type 'string' is not assignable to type '{ [key: string]: string | number | boolean; }'.
src/commands/cron/index.ts(8,15): error TS2322: Type 'Promise<typeof import("D:/doge-code/src/commands/cron/cron")>' is not assignable to type 'Promise<LocalCommandModule>'.
  Type 'typeof import("D:/doge-code/src/commands/cron/cron")' is not assignable to type 'LocalCommandModule'.
    Types of property 'call' are incompatible.
      Type 'LocalJSXCommandCall' is not assignable to type 'LocalCommandCall'.
        Target signature provides too few arguments. Expected 3 or more, but got 2.
src/commands/database/database-connection-pool.ts(45,7): error TS2322: Type 'string' is not assignable to type '"mysql" | "postgresql" | "sqlite"'.
src/commands/database/index.ts(7,15): error TS2322: Type 'Promise<typeof import("D:/doge-code/src/commands/database/database")>' is not assignable to type 'Promise<LocalCommandModule>'.
  Type 'typeof import("D:/doge-code/src/commands/database/database")' is not assignable to type 'LocalCommandModule'.
    The types returned by 'call(...)' are incompatible between these types.
      Type 'Promise<string>' is not assignable to type 'Promise<LocalCommandResult>'.
        Type 'string' is not assignable to type 'LocalCommandResult'.
src/commands/dead-code/index.ts(223,64): error TS2448: Block-scoped variable 'labels' used before its declaration.
src/commands/dependency-analyzer/dependency_analyzer.ts(167,14): error TS2322: Type '(onDone: LocalJSXCommandOnDone, context: ToolUseContext & { canUseTool?: CanUseToolFn; updateProgress?: (message: string) => void; ... 5 more ...; resume?: (sessionId: `${string}-${string}-${string}-${string}-${string}`, log: LogOption, entrypoint: ResumeEntrypoint) => Promise<...>; }, args: string) => Promise<...>' is not assignable to type 'LocalJSXCommandCall'.
  Type 'Promise<{ type: string; render: () => string; }>' is not assignable to type 'Promise<ReactNode>'.
    Type '{ type: string; render: () => string; }' is not assignable to type 'ReactNode'.
      Type '{ type: string; render: () => string; }' is missing the following properties from type 'ReactPortal': children, props, key
src/commands/dependency-analyzer/dependency_analyzer.ts(170,49): error TS2339: Property 'cwd' does not exist on type 'AppState'.
src/commands/dependency-analyzer/index.ts(7,15): error TS2322: Type 'Promise<typeof import("D:/doge-code/src/commands/dependency-analyzer/dependency_analyzer")>' is not assignable to type 'Promise<LocalCommandModule>'.
  Type 'typeof import("D:/doge-code/src/commands/dependency-analyzer/dependency_analyzer")' is not assignable to type 'LocalCommandModule'.
    Types of property 'call' are incompatible.
      Type 'LocalJSXCommandCall' is not assignable to type 'LocalCommandCall'.
        Target signature provides too few arguments. Expected 3 or more, but got 2.
src/commands/deps-viz/index.ts(21,3): error TS2322: Type '(args: string) => string' is not assignable to type '(args: string, context: ToolUseContext) => Promise<ContentBlockParam[]>'.
  Type 'string' is not assignable to type 'Promise<ContentBlockParam[]>'.
src/commands/deps/index.ts(39,11): error TS2322: Type 'string' is not assignable to type '"dependency" | "devDependency"'.
src/commands/diagnose.ts(1114,14): error TS2322: Type '(args: string) => Promise<{ type: "text"; value: string; } | { type: "json"; value: string; }>' is not assignable to type 'LocalCommandCall'.
  Type 'Promise<{ type: "text"; value: string; } | { type: "json"; value: string; }>' is not assignable to type 'Promise<LocalCommandResult>'.
    Type '{ type: "text"; value: string; } | { type: "json"; value: string; }' is not assignable to type 'LocalCommandResult'.
      Type '{ type: "json"; value: string; }' is not assignable to type 'LocalCommandResult'.
        Type '{ type: "json"; value: string; }' is not assignable to type '{ type: "text"; value: string; }'.
          Types of property 'type' are incompatible.
            Type '"json"' is not assignable to type '"text"'.
src/commands/diagram/index.ts(584,14): error TS2322: Type '(args: string) => Promise<{ type: "text"; value: string; } | { type: "json"; value: string; }>' is not assignable to type 'LocalCommandCall'.
  Type 'Promise<{ type: "text"; value: string; } | { type: "json"; value: string; }>' is not assignable to type 'Promise<LocalCommandResult>'.
    Type '{ type: "text"; value: string; } | { type: "json"; value: string; }' is not assignable to type 'LocalCommandResult'.
      Type '{ type: "json"; value: string; }' is not assignable to type 'LocalCommandResult'.
        Type '{ type: "json"; value: string; }' is not assignable to type '{ type: "text"; value: string; }'.
          Types of property 'type' are incompatible.
            Type '"json"' is not assignable to type '"text"'.
src/commands/diagram/index.ts(700,3): error TS2353: Object literal may only specify known properties, and 'args' does not exist in type 'Command'.
src/commands/docker-sandbox/index.ts(13,5): error TS2322: Type 'Promise<LocalCommandModule | LocalJSXCommandModule>' is not assignable to type 'Promise<LocalJSXCommandModule>'.
  Type 'LocalCommandModule | LocalJSXCommandModule' is not assignable to type 'LocalJSXCommandModule'.
    Type 'LocalCommandModule' is not assignable to type 'LocalJSXCommandModule'.
      Types of property 'call' are incompatible.
        Type 'LocalCommandCall' is not assignable to type 'LocalJSXCommandCall'.
          Types of parameters 'args' and 'onDone' are incompatible.
            Type 'LocalJSXCommandOnDone' is not assignable to type 'string'.
src/commands/docker/index.ts(231,306): error TS1360: Type '{ type: 'local'; name: string; description: string; argumentHint: string; isEnabled: () => true; load: () => Promise<typeof import("./index.ts")>; }' does not satisfy the expected type 'Command'.
  Type '{ type: 'local'; name: string; description: string; argumentHint: string; isEnabled: () => true; load: () => Promise<typeof import("./index.ts")>; }' is not assignable to type 'CommandBase & LocalCommand'.
    Property 'supportsNonInteractive' is missing in type '{ type: 'local'; name: string; description: string; argumentHint: string; isEnabled: () => true; load: () => Promise<typeof import("./index.ts")>; }' but required in type 'LocalCommand'.
src/commands/documentation-index/index.ts(7,15): error TS2322: Type 'Promise<typeof import("D:/doge-code/src/commands/documentation-index/documentation-index")>' is not assignable to type 'Promise<LocalJSXCommandModule>'.
  Type 'typeof import("D:/doge-code/src/commands/documentation-index/documentation-index")' is not assignable to type 'LocalJSXCommandModule'.
    The types returned by 'call(...)' are incompatible between these types.
      Type 'Promise<void>' is not assignable to type 'Promise<ReactNode>'.
        Type 'void' is not assignable to type 'ReactNode'.
src/commands/eco/index.ts(13,15): error TS2322: Type 'Promise<{ call: (args: string) => Promise<{ type: string; value: string; }>; }>' is not assignable to type 'Promise<LocalCommandModule>'.
  Type '{ call: (args: string) => Promise<{ type: string; value: string; }>; }' is not assignable to type 'LocalCommandModule'.
    The types returned by 'call(...)' are incompatible between these types.
      Type 'Promise<{ type: string; value: string; }>' is not assignable to type 'Promise<LocalCommandResult>'.
        Type '{ type: string; value: string; }' is not assignable to type 'LocalCommandResult'.
          Type '{ type: string; value: string; }' is not assignable to type '{ type: "text"; value: string; }'.
            Types of property 'type' are incompatible.
              Type 'string' is not assignable to type '"text"'.
src/commands/effort/effort.tsx(20,7): error TS2322: Type 'string' is not assignable to type '"high" | "low" | "max" | "medium"'.
src/commands/event-stream/index.ts(8,15): error TS2322: Type 'Promise<typeof import("D:/doge-code/src/commands/event-stream/eventStream")>' is not assignable to type 'Promise<LocalCommandModule>'.
  Type 'typeof import("D:/doge-code/src/commands/event-stream/eventStream")' is not assignable to type 'LocalCommandModule'.
    The types returned by 'call(...)' are incompatible between these types.
      Type 'Promise<string>' is not assignable to type 'Promise<LocalCommandResult>'.
        Type 'string' is not assignable to type 'LocalCommandResult'.
src/commands/excel/index.ts(37,210): error TS1360: Type '{ type: 'local'; name: string; description: string; argumentHint: string; isEnabled: () => true; load: () => Promise<typeof import("./index.ts")>; }' does not satisfy the expected type 'Command'.
  Type '{ type: 'local'; name: string; description: string; argumentHint: string; isEnabled: () => true; load: () => Promise<typeof import("./index.ts")>; }' is not assignable to type 'CommandBase & LocalCommand'.
    Property 'supportsNonInteractive' is missing in type '{ type: 'local'; name: string; description: string; argumentHint: string; isEnabled: () => true; load: () => Promise<typeof import("./index.ts")>; }' but required in type 'LocalCommand'.
src/commands/file-watcher/file-watcher.ts(95,3): error TS1360: Type '{ name: string; type: "local"; description: string; load: () => Promise<{ call: LocalCommandCall; }>; }' does not satisfy the expected type 'Command'.
  Type '{ name: string; type: "local"; description: string; load: () => Promise<{ call: LocalCommandCall; }>; }' is not assignable to type 'CommandBase & LocalCommand'.
    Property 'supportsNonInteractive' is missing in type '{ name: string; type: "local"; description: string; load: () => Promise<{ call: LocalCommandCall; }>; }' but required in type 'LocalCommand'.
src/commands/file-watcher/fileWatcher.ts(154,14): error TS2322: Type '(onDone: LocalJSXCommandOnDone, context: ToolUseContext & { canUseTool?: CanUseToolFn; updateProgress?: (message: string) => void; ... 5 more ...; resume?: (sessionId: `${string}-${string}-${string}-${string}-${string}`, log: LogOption, entrypoint: ResumeEntrypoint) => Promise<...>; }, args: string) => Promise<...>' is not assignable to type 'LocalJSXCommandCall'.
  Type 'Promise<{ type: string; render: () => string; }>' is not assignable to type 'Promise<ReactNode>'.
    Type '{ type: string; render: () => string; }' is not assignable to type 'ReactNode'.
      Type '{ type: string; render: () => string; }' is missing the following properties from type 'ReactPortal': children, props, key
src/commands/file-watcher/index.ts(9,15): error TS2322: Type 'Promise<{ call: LocalJSXCommandCall; }>' is not assignable to type 'Promise<LocalCommandModule>'.
  Type '{ call: LocalJSXCommandCall; }' is not assignable to type 'LocalCommandModule'.
    Types of property 'call' are incompatible.
      Type 'LocalJSXCommandCall' is not assignable to type 'LocalCommandCall'.
        Target signature provides too few arguments. Expected 3 or more, but got 2.
src/commands/focus/index.ts(9,15): error TS2322: Type 'Promise<typeof import("D:/doge-code/src/commands/focus/focus")>' is not assignable to type 'Promise<LocalCommandModule>'.
  Type 'typeof import("D:/doge-code/src/commands/focus/focus")' is not assignable to type 'LocalCommandModule'.
    Types of property 'call' are incompatible.
      Type '(onDone: LocalJSXCommandOnDone, context: LocalJSXCommandContext, args: string) => Promise<null>' is not assignable to type 'LocalCommandCall'.
        Target signature provides too few arguments. Expected 3 or more, but got 2.
src/commands/fork/index.ts(39,13): error TS2554: Expected 1 arguments, but got 4.
src/commands/fork/index.ts(58,15): error TS2322: Type 'unknown' is not assignable to type 'string'.
src/commands/getting-started/index.ts(7,15): error TS2322: Type 'Promise<typeof import("D:/doge-code/src/commands/getting-started/getting-started")>' is not assignable to type 'Promise<LocalJSXCommandModule>'.
  Type 'typeof import("D:/doge-code/src/commands/getting-started/getting-started")' is not assignable to type 'LocalJSXCommandModule'.
    The types returned by 'call(...)' are incompatible between these types.
      Type 'Promise<void>' is not assignable to type 'Promise<ReactNode>'.
        Type 'void' is not assignable to type 'ReactNode'.
src/commands/glossary/index.ts(10,15): error TS2322: Type 'Promise<typeof import("D:/doge-code/src/commands/glossary/glossary")>' is not assignable to type 'Promise<LocalCommandModule>'.
  Property 'call' is missing in type 'typeof import("D:/doge-code/src/commands/glossary/glossary")' but required in type 'LocalCommandModule'.
src/commands/graphql/index.ts(8,15): error TS2322: Type 'Promise<typeof import("D:/doge-code/src/commands/graphql/graphql")>' is not assignable to type 'Promise<LocalCommandModule>'.
  Type 'typeof import("D:/doge-code/src/commands/graphql/graphql")' is not assignable to type 'LocalCommandModule'.
    The types returned by 'call(...)' are incompatible between these types.
      Type 'Promise<string>' is not assignable to type 'Promise<LocalCommandResult>'.
        Type 'string' is not assignable to type 'LocalCommandResult'.
src/commands/health-score/index.ts(711,14): error TS2322: Type '(args: string, context: LocalJSXCommandContext) => Promise<{ type: "text"; value: string; } | { type: "json"; value: string; }>' is not assignable to type 'LocalCommandCall'.
  Type 'Promise<{ type: "text"; value: string; } | { type: "json"; value: string; }>' is not assignable to type 'Promise<LocalCommandResult>'.
    Type '{ type: "text"; value: string; } | { type: "json"; value: string; }' is not assignable to type 'LocalCommandResult'.
      Type '{ type: "json"; value: string; }' is not assignable to type 'LocalCommandResult'.
        Type '{ type: "json"; value: string; }' is not assignable to type '{ type: "text"; value: string; }'.
          Types of property 'type' are incompatible.
            Type '"json"' is not assignable to type '"text"'.
src/commands/htaccess/index.ts(224,14): error TS2322: Type '(args: string) => Promise<string | { type: "text"; value: string; }>' is not assignable to type 'LocalCommandCall'.
  Type 'Promise<string | { type: "text"; value: string; }>' is not assignable to type 'Promise<LocalCommandResult>'.
    Type 'string | { type: "text"; value: string; }' is not assignable to type 'LocalCommandResult'.
      Type 'string' is not assignable to type 'LocalCommandResult'.
src/commands/http/index.ts(8,15): error TS2322: Type 'Promise<typeof import("D:/doge-code/src/commands/http/http")>' is not assignable to type 'Promise<LocalCommandModule>'.
  Type 'typeof import("D:/doge-code/src/commands/http/http")' is not assignable to type 'LocalCommandModule'.
    Types of property 'call' are incompatible.
      Type 'LocalJSXCommandCall' is not assignable to type 'LocalCommandCall'.
        Target signature provides too few arguments. Expected 3 or more, but got 2.
src/commands/i18n-extract.ts(94,3): error TS2322: Type '(args: string) => string' is not assignable to type '(args: string, context: ToolUseContext) => Promise<ContentBlockParam[]>'.
  Type 'string' is not assignable to type 'Promise<ContentBlockParam[]>'.
src/commands/image/index.ts(42,196): error TS1360: Type '{ type: 'local'; name: string; description: string; argumentHint: string; isEnabled: () => true; load: () => Promise<typeof import("./index.ts")>; }' does not satisfy the expected type 'Command'.
  Type '{ type: 'local'; name: string; description: string; argumentHint: string; isEnabled: () => true; load: () => Promise<typeof import("./index.ts")>; }' is not assignable to type 'CommandBase & LocalCommand'.
    Property 'supportsNonInteractive' is missing in type '{ type: 'local'; name: string; description: string; argumentHint: string; isEnabled: () => true; load: () => Promise<typeof import("./index.ts")>; }' but required in type 'LocalCommand'.
src/commands/insights/index.ts(7,15): error TS2322: Type 'Promise<typeof import("D:/doge-code/src/commands/insights/insights")>' is not assignable to type 'Promise<LocalJSXCommandModule>'.
  Type 'typeof import("D:/doge-code/src/commands/insights/insights")' is not assignable to type 'LocalJSXCommandModule'.
    The types returned by 'call(...)' are incompatible between these types.
      Type 'Promise<void>' is not assignable to type 'Promise<ReactNode>'.
        Type 'void' is not assignable to type 'ReactNode'.
src/commands/issue/index.ts(66,13): error TS2339: Property 'stdout' does not exist on type 'String'.
src/commands/issue/index.ts(93,74): error TS2339: Property 'name' does not exist on type 'never'.
src/commands/issue/index.ts(157,49): error TS2339: Property 'taskExecutor' does not exist on type 'LoopOptions'.
src/commands/k8s/index.ts(28,229): error TS1360: Type '{ type: 'local'; name: string; description: string; argumentHint: string; isEnabled: () => true; load: () => Promise<typeof import("./index.ts")>; }' does not satisfy the expected type 'Command'.
  Type '{ type: 'local'; name: string; description: string; argumentHint: string; isEnabled: () => true; load: () => Promise<typeof import("./index.ts")>; }' is not assignable to type 'CommandBase & LocalCommand'.
    Property 'supportsNonInteractive' is missing in type '{ type: 'local'; name: string; description: string; argumentHint: string; isEnabled: () => true; load: () => Promise<typeof import("./index.ts")>; }' but required in type 'LocalCommand'.
src/commands/less-permission-prompts/index.ts(9,15): error TS2322: Type 'Promise<typeof import("D:/doge-code/src/commands/less-permission-prompts/lessPermissionPrompts")>' is not assignable to type 'Promise<LocalCommandModule>'.
  Type 'typeof import("D:/doge-code/src/commands/less-permission-prompts/lessPermissionPrompts")' is not assignable to type 'LocalCommandModule'.
    Types of property 'call' are incompatible.
      Type 'LocalJSXCommandCall' is not assignable to type 'LocalCommandCall'.
        Target signature provides too few arguments. Expected 3 or more, but got 2.
src/commands/less-permission-prompts/lessPermissionPrompts.ts(5,14): error TS2322: Type '(onDone: LocalJSXCommandOnDone, context: ToolUseContext & { canUseTool?: CanUseToolFn; updateProgress?: (message: string) => void; ... 5 more ...; resume?: (sessionId: `${string}-${string}-${string}-${string}-${string}`, log: LogOption, entrypoint: ResumeEntrypoint) => Promise<...>; }, args: string) => Promise<...>' is not assignable to type 'LocalJSXCommandCall'.
  Type 'Promise<{ type: string; render: () => string; }>' is not assignable to type 'Promise<ReactNode>'.
    Type '{ type: string; render: () => string; }' is not assignable to type 'ReactNode'.
      Type '{ type: string; render: () => string; }' is missing the following properties from type 'ReactPortal': children, props, key
src/commands/logger/index.ts(7,15): error TS2322: Type 'Promise<typeof import("D:/doge-code/src/commands/logger/logger")>' is not assignable to type 'Promise<LocalCommandModule>'.
  Type 'typeof import("D:/doge-code/src/commands/logger/logger")' is not assignable to type 'LocalCommandModule'.
    Types of property 'call' are incompatible.
      Type 'LocalJSXCommandCall' is not assignable to type 'LocalCommandCall'.
        Target signature provides too few arguments. Expected 3 or more, but got 2.
src/commands/loop-dashboard/index.ts(73,13): error TS2349: This expression is not callable.
  Type 'Boolean' has no call signatures.
src/commands/loop/engine.ts(856,7): error TS2741: Property 'full' is missing in type '{ none: undefined[]; test: string[]; build: string[]; lint: string[]; files: undefined[]; }' but required in type 'Record<VerifyMode, string[]>'.
src/commands/mcp-config/index.ts(10,15): error TS2322: Type 'Promise<typeof import("D:/doge-code/src/commands/mcp-config/mcp-config")>' is not assignable to type 'Promise<LocalCommandModule>'.
  Property 'call' is missing in type 'typeof import("D:/doge-code/src/commands/mcp-config/mcp-config")' but required in type 'LocalCommandModule'.
src/commands/mcp-discovery/index.ts(26,15): error TS2322: Type 'Promise<{ call: (args: string) => { type: "text"; value: string; }; }>' is not assignable to type 'Promise<LocalCommandModule>'.
  Type '{ call: (args: string) => { type: 'text'; value: string; }; }' is not assignable to type 'LocalCommandModule'.
    The types returned by 'call(...)' are incompatible between these types.
      Type '{ type: 'text'; value: string; }' is missing the following properties from type 'Promise<LocalCommandResult>': then, catch, [Symbol.toStringTag], finally
src/commands/mcp-tool-search/index.ts(8,15): error TS2322: Type 'Promise<typeof import("D:/doge-code/src/commands/mcp-tool-search/mcpToolsearch")>' is not assignable to type 'Promise<LocalCommandModule>'.
  Type 'typeof import("D:/doge-code/src/commands/mcp-tool-search/mcpToolsearch")' is not assignable to type 'LocalCommandModule'.
    Types of property 'call' are incompatible.
      Type 'LocalJSXCommandCall' is not assignable to type 'LocalCommandCall'.
        Target signature provides too few arguments. Expected 3 or more, but got 2.
src/commands/mcp-tool-search/mcpToolsearch.ts(3,14): error TS2322: Type '(onDone: LocalJSXCommandOnDone, context: ToolUseContext & { canUseTool?: CanUseToolFn; updateProgress?: (message: string) => void; ... 5 more ...; resume?: (sessionId: `${string}-${string}-${string}-${string}-${string}`, log: LogOption, entrypoint: ResumeEntrypoint) => Promise<...>; }, args: string) => Promise<...>' is not assignable to type 'LocalJSXCommandCall'.
  Type 'Promise<void>' is not assignable to type 'Promise<ReactNode>'.
    Type 'void' is not assignable to type 'ReactNode'.
src/commands/memory-bank/index.ts(877,14): error TS2322: Type '(args: string) => Promise<string>' is not assignable to type 'LocalCommandCall'.
  Type 'Promise<string>' is not assignable to type 'Promise<LocalCommandResult>'.
    Type 'string' is not assignable to type 'LocalCommandResult'.
src/commands/memory-monitor/memoryMonitor.ts(204,14): error TS2322: Type '(onDone: LocalJSXCommandOnDone, context: ToolUseContext & { canUseTool?: CanUseToolFn; updateProgress?: (message: string) => void; ... 5 more ...; resume?: (sessionId: `${string}-${string}-${string}-${string}-${string}`, log: LogOption, entrypoint: ResumeEntrypoint) => Promise<...>; }, args: string) => Promise<...>' is not assignable to type 'LocalJSXCommandCall'.
  Type 'Promise<{ type: string; render: () => string; }>' is not assignable to type 'Promise<ReactNode>'.
    Type '{ type: string; render: () => string; }' is not assignable to type 'ReactNode'.
      Type '{ type: string; render: () => string; }' is missing the following properties from type 'ReactPortal': children, props, key
src/commands/memory-search/index.ts(972,14): error TS2322: Type '(args: string) => Promise<{ type: "text"; value: string; } | { type: "json"; value: string; }>' is not assignable to type 'LocalCommandCall'.
  Type 'Promise<{ type: "text"; value: string; } | { type: "json"; value: string; }>' is not assignable to type 'Promise<LocalCommandResult>'.
    Type '{ type: "text"; value: string; } | { type: "json"; value: string; }' is not assignable to type 'LocalCommandResult'.
      Type '{ type: "json"; value: string; }' is not assignable to type 'LocalCommandResult'.
        Type '{ type: "json"; value: string; }' is not assignable to type '{ type: "text"; value: string; }'.
          Types of property 'type' are incompatible.
            Type '"json"' is not assignable to type '"text"'.
src/commands/metrics/index.ts(7,15): error TS2322: Type 'Promise<typeof import("D:/doge-code/src/commands/metrics/metrics")>' is not assignable to type 'Promise<LocalCommandModule>'.
  Type 'typeof import("D:/doge-code/src/commands/metrics/metrics")' is not assignable to type 'LocalCommandModule'.
    Types of property 'call' are incompatible.
      Type 'LocalJSXCommandCall' is not assignable to type 'LocalCommandCall'.
        Target signature provides too few arguments. Expected 3 or more, but got 2.
src/commands/monitor/index.ts(7,15): error TS2322: Type 'Promise<typeof import("D:/doge-code/src/commands/monitor/monitor")>' is not assignable to type 'Promise<LocalCommandModule>'.
  Type 'typeof import("D:/doge-code/src/commands/monitor/monitor")' is not assignable to type 'LocalCommandModule'.
    Types of property 'call' are incompatible.
      Type 'LocalJSXCommandCall' is not assignable to type 'LocalCommandCall'.
        Target signature provides too few arguments. Expected 3 or more, but got 2.
src/commands/monitor/monitor.ts(3,14): error TS2322: Type '(onDone: LocalJSXCommandOnDone, context: ToolUseContext & { canUseTool?: CanUseToolFn; updateProgress?: (message: string) => void; ... 5 more ...; resume?: (sessionId: `${string}-${string}-${string}-${string}-${string}`, log: LogOption, entrypoint: ResumeEntrypoint) => Promise<...>; }, args: string) => Promise<...>' is not assignable to type 'LocalJSXCommandCall'.
  Type 'Promise<void>' is not assignable to type 'Promise<ReactNode>'.
    Type 'void' is not assignable to type 'ReactNode'.
src/commands/nginx/index.ts(43,259): error TS1360: Type '{ type: 'local'; name: string; description: string; argumentHint: string; isEnabled: () => true; load: () => Promise<typeof import("./index.ts")>; }' does not satisfy the expected type 'Command'.
  Type '{ type: 'local'; name: string; description: string; argumentHint: string; isEnabled: () => true; load: () => Promise<typeof import("./index.ts")>; }' is not assignable to type 'CommandBase & LocalCommand'.
    Property 'supportsNonInteractive' is missing in type '{ type: 'local'; name: string; description: string; argumentHint: string; isEnabled: () => true; load: () => Promise<typeof import("./index.ts")>; }' but required in type 'LocalCommand'.
src/commands/notebook/notebook-ui.tsx(62,37): error TS2339: Property 'id' does not exist on type 'Note | PaginatedResult<Note>'.
  Property 'id' does not exist on type 'PaginatedResult<Note>'.
src/commands/notebook/notebook-view.tsx(4,8): error TS2613: Module '"D:/doge-code/src/components/BaseTextInput"' has no default export. Did you mean to use 'import { BaseTextInput } from "D:/doge-code/src/components/BaseTextInput"' instead?
src/commands/notebook/notebook.ts(1,155): error TS2724: '"../../services/notebook/database.js"' has no exported member named 'CreateNoteInput'. Did you mean 'createNote'?
src/commands/notebook/notebook.ts(1,177): error TS2724: '"../../services/notebook/database.js"' has no exported member named 'UpdateNoteInput'. Did you mean 'updateNote'?
src/commands/notebook/notebook.ts(1,199): error TS2459: Module '"../../services/notebook/database.js"' declares 'SearchParams' locally, but it is not exported.
src/commands/pair/index.ts(498,32): error TS2345: Argument of type '"--focus"' is not assignable to parameter of type 'never'.
src/commands/pair/index.ts(500,34): error TS2345: Argument of type '"--auto-fix"' is not assignable to parameter of type 'never'.
src/commands/pdf/index.ts(30,184): error TS1360: Type '{ type: 'local'; name: string; description: string; argumentHint: string; isEnabled: () => true; load: () => Promise<typeof import("./index.ts")>; }' does not satisfy the expected type 'Command'.
  Type '{ type: 'local'; name: string; description: string; argumentHint: string; isEnabled: () => true; load: () => Promise<typeof import("./index.ts")>; }' is not assignable to type 'CommandBase & LocalCommand'.
    Property 'supportsNonInteractive' is missing in type '{ type: 'local'; name: string; description: string; argumentHint: string; isEnabled: () => true; load: () => Promise<typeof import("./index.ts")>; }' but required in type 'LocalCommand'.
src/commands/performance-profiler/index.ts(7,15): error TS2322: Type 'Promise<typeof import("D:/doge-code/src/commands/performance-profiler/performance_profiler")>' is not assignable to type 'Promise<LocalCommandModule>'.
  Type 'typeof import("D:/doge-code/src/commands/performance-profiler/performance_profiler")' is not assignable to type 'LocalCommandModule'.
    Types of property 'call' are incompatible.
      Type 'LocalJSXCommandCall' is not assignable to type 'LocalCommandCall'.
        Target signature provides too few arguments. Expected 3 or more, but got 2.
src/commands/performance-profiler/performance_profiler.ts(344,14): error TS2322: Type '(onDone: LocalJSXCommandOnDone, context: ToolUseContext & { canUseTool?: CanUseToolFn; updateProgress?: (message: string) => void; ... 5 more ...; resume?: (sessionId: `${string}-${string}-${string}-${string}-${string}`, log: LogOption, entrypoint: ResumeEntrypoint) => Promise<...>; }, args: string) => Promise<...>' is not assignable to type 'LocalJSXCommandCall'.
  Type 'Promise<{ type: string; render: () => string; }>' is not assignable to type 'Promise<ReactNode>'.
    Type '{ type: string; render: () => string; }' is not assignable to type 'ReactNode'.
      Type '{ type: string; render: () => string; }' is missing the following properties from type 'ReactPortal': children, props, key
src/commands/plugin-market/index.ts(132,14): error TS2322: Type '(args: string) => Promise<{ type: string; value: string; }>' is not assignable to type 'LocalCommandCall'.
  Type 'Promise<{ type: string; value: string; }>' is not assignable to type 'Promise<LocalCommandResult>'.
    Type '{ type: string; value: string; }' is not assignable to type 'LocalCommandResult'.
      Type '{ type: string; value: string; }' is not assignable to type '{ type: "text"; value: string; }'.
        Types of property 'type' are incompatible.
          Type 'string' is not assignable to type '"text"'.
src/commands/plugin/BrowseMarketplace.tsx(337,26): error TS2339: Property 'error' does not exist on type 'InstallPluginResult'.
  Property 'error' does not exist on type '{ success: true; message: string; }'.
src/commands/plugin/BrowseMarketplace.tsx(400,32): error TS2339: Property 'error' does not exist on type 'InstallPluginResult'.
  Property 'error' does not exist on type '{ success: true; message: string; }'.
src/commands/plugin/BrowseMarketplace.tsx(457,15): error TS2353: Object literal may only specify known properties, and 'targetMarketplace' does not exist in type '{ type: "manage-plugins"; action?: string; targetPlugin?: string; }'.
src/commands/plugin/DiscoverPlugins.tsx(251,26): error TS2339: Property 'error' does not exist on type 'InstallPluginResult'.
  Property 'error' does not exist on type '{ success: true; message: string; }'.
src/commands/plugin/DiscoverPlugins.tsx(309,32): error TS2339: Property 'error' does not exist on type 'InstallPluginResult'.
  Property 'error' does not exist on type '{ success: true; message: string; }'.
src/commands/plugin/DiscoverPlugins.tsx(382,15): error TS2353: Object literal may only specify known properties, and 'targetMarketplace' does not exist in type '{ type: "manage-plugins"; action?: string; targetPlugin?: string; }'.
src/commands/plugin/ManagePlugins.tsx(52,15): error TS2724: '"./unifiedTypes.js"' has no exported member named 'UnifiedInstalledItem'. Did you mean 'UnifiedInstalledPlugin'?
src/commands/plugin/UnifiedInstalledCell.tsx(6,15): error TS2724: '"./unifiedTypes.js"' has no exported member named 'UnifiedInstalledItem'. Did you mean 'UnifiedInstalledPlugin'?
src/commands/powerup/index.ts(7,15): error TS2322: Type 'Promise<typeof import("D:/doge-code/src/commands/powerup/powerup")>' is not assignable to type 'Promise<LocalJSXCommandModule>'.
  Type 'typeof import("D:/doge-code/src/commands/powerup/powerup")' is not assignable to type 'LocalJSXCommandModule'.
    The types returned by 'call(...)' are incompatible between these types.
      Type 'Promise<void>' is not assignable to type 'Promise<ReactNode>'.
        Type 'void' is not assignable to type 'ReactNode'.
src/commands/project-purge/index.ts(7,15): error TS2322: Type 'Promise<typeof import("D:/doge-code/src/commands/project-purge/project-purge")>' is not assignable to type 'Promise<LocalJSXCommandModule>'.
  Type 'typeof import("D:/doge-code/src/commands/project-purge/project-purge")' is not assignable to type 'LocalJSXCommandModule'.
    Types of property 'call' are incompatible.
      Type '(onDone: LocalJSXCommandOnDone, args: string) => Promise<void>' is not assignable to type 'LocalJSXCommandCall'.
        Types of parameters 'args' and 'context' are incompatible.
          Type 'ToolUseContext & { canUseTool?: CanUseToolFn; updateProgress?: (message: string) => void; setMessages: (updater: (prev: Message[]) => Message[]) => void; ... 4 more ...; resume?: (sessionId: `${string}-${string}-${string}-${string}-${string}`, log: LogOption, entrypoint: ResumeEntrypoint) => Promise<...>; }' is not assignable to type 'string'.
src/commands/prompt-diff/prompt-diff.tsx(4,16): error TS2322: Type '(_onDone: LocalJSXCommandOnDone, context: ToolUseContext & { canUseTool?: CanUseToolFn; updateProgress?: (message: string) => void; ... 5 more ...; resume?: (sessionId: `${string}-${string}-${string}-${string}-${string}`, log: LogOption, entrypoint: ResumeEntrypoint) => Promise<...>; }, _args: string) => Promise<...>' is not assignable to type 'LocalJSXCommandCall'.
  Type 'Promise<void>' is not assignable to type 'Promise<ReactNode>'.
    Type 'void' is not assignable to type 'ReactNode'.
src/commands/prompt-diff/prompt-diff.tsx(4,104): error TS2339: Property 'toolUseContext' does not exist on type 'ToolUseContext & { canUseTool?: CanUseToolFn; updateProgress?: (message: string) => void; setMessages: (updater: (prev: Message[]) => Message[]) => void; ... 4 more ...; resume?: (sessionId: `${string}-${string}-${string}-${string}-${string}`, log: LogOption, entrypoint: ResumeEntrypoint) => Promise<...>; }'.
src/commands/prompt-diff/prompt-diff.tsx(4,165): error TS2339: Property 'toolUseContext' does not exist on type 'ToolUseContext & { canUseTool?: CanUseToolFn; updateProgress?: (message: string) => void; setMessages: (updater: (prev: Message[]) => Message[]) => void; ... 4 more ...; resume?: (sessionId: `${string}-${string}-${string}-${string}-${string}`, log: LogOption, entrypoint: ResumeEntrypoint) => Promise<...>; }'.
src/commands/queue/index.ts(7,15): error TS2322: Type 'Promise<typeof import("D:/doge-code/src/commands/queue/queue")>' is not assignable to type 'Promise<LocalCommandModule>'.
  Type 'typeof import("D:/doge-code/src/commands/queue/queue")' is not assignable to type 'LocalCommandModule'.
    Types of property 'call' are incompatible.
      Type 'LocalJSXCommandCall' is not assignable to type 'LocalCommandCall'.
        Target signature provides too few arguments. Expected 3 or more, but got 2.
src/commands/rag/index.ts(42,3): error TS1360: Type '{ type: 'local'; name: string; description: string; argumentHint: string; isEnabled: () => true; load: () => Promise<typeof import("./index.ts")>; }' does not satisfy the expected type 'Command'.
  Type '{ type: 'local'; name: string; description: string; argumentHint: string; isEnabled: () => true; load: () => Promise<typeof import("./index.ts")>; }' is not assignable to type 'CommandBase & LocalCommand'.
    Property 'supportsNonInteractive' is missing in type '{ type: 'local'; name: string; description: string; argumentHint: string; isEnabled: () => true; load: () => Promise<typeof import("./index.ts")>; }' but required in type 'LocalCommand'.
src/commands/redis/index.ts(31,231): error TS1360: Type '{ type: 'local'; name: string; description: string; argumentHint: string; isEnabled: () => true; load: () => Promise<typeof import("./index.ts")>; }' does not satisfy the expected type 'Command'.
  Type '{ type: 'local'; name: string; description: string; argumentHint: string; isEnabled: () => true; load: () => Promise<typeof import("./index.ts")>; }' is not assignable to type 'CommandBase & LocalCommand'.
    Property 'supportsNonInteractive' is missing in type '{ type: 'local'; name: string; description: string; argumentHint: string; isEnabled: () => true; load: () => Promise<typeof import("./index.ts")>; }' but required in type 'LocalCommand'.
src/commands/refactor.ts(450,3): error TS2353: Object literal may only specify known properties, and 'call' does not exist in type 'CommandBase & LocalCommand'.
src/commands/refactor/index.ts(130,14): error TS2322: Type '(args: string) => Promise<string>' is not assignable to type 'LocalCommandCall'.
  Type 'Promise<string>' is not assignable to type 'Promise<LocalCommandResult>'.
    Type 'string' is not assignable to type 'LocalCommandResult'.
src/commands/reflect/reflect.ts(15,28): error TS2339: Property 'planMode' does not exist on type 'AppState'.
src/commands/release-notes/release-notes.ts(739,59): error TS2345: Argument of type '"major" | "minor" | "none" | "patch"' is not assignable to parameter of type '"major" | "minor" | "patch"'.
  Type '"none"' is not assignable to type '"major" | "minor" | "patch"'.
src/commands/remote-setup/remote-setup.tsx(135,28): error TS2339: Property 'error' does not exist on type '{ ok: true; result: ImportTokenResult; } | { ok: false; error: ImportTokenError; }'.
  Property 'error' does not exist on type '{ ok: true; result: ImportTokenResult; }'.
src/commands/remote-setup/remote-setup.tsx(137,34): error TS2339: Property 'error' does not exist on type '{ ok: true; result: ImportTokenResult; } | { ok: false; error: ImportTokenError; }'.
  Property 'error' does not exist on type '{ ok: true; result: ImportTokenResult; }'.
src/commands/rename/generateSessionName.ts(46,40): error TS2345: Argument of type 'AssistantMessageContent' is not assignable to parameter of type 'readonly { readonly type: string; }[]'.
  Type 'string' is not assignable to type 'readonly { readonly type: string; }[]'.
src/commands/rename/rename.ts(69,11): error TS2322: Type 'void | string' is not assignable to type 'string'.
  Type 'void' is not assignable to type 'string'.
src/commands/repo-map/index.tsx(12,50): error TS2694: Namespace '"D:/doge-code/src/engine/repoMap"' has no exported member 'SymbolKind'.
src/commands/repo-map/index.tsx(37,14): error TS2322: Type '(onDone: LocalJSXCommandOnDone, _context: ToolUseContext & { canUseTool?: CanUseToolFn; updateProgress?: (message: string) => void; ... 5 more ...; resume?: (sessionId: `${string}-${string}-${string}-${string}-${string}`, log: LogOption, entrypoint: ResumeEntrypoint) => Promise<...>; }, args: string) => Promise<...>' is not assignable to type 'LocalJSXCommandCall'.
  Type 'Promise<Element | { type: "text"; value: string; }>' is not assignable to type 'Promise<ReactNode>'.
    Type 'Element | { type: "text"; value: string; }' is not assignable to type 'ReactNode'.
      Type '{ type: 'text'; value: string; }' is not assignable to type 'ReactNode'.
        Type '{ type: 'text'; value: string; }' is missing the following properties from type 'ReactPortal': children, props, key
src/commands/repo-map/index.tsx(45,76): error TS2694: Namespace '"D:/doge-code/src/engine/repoMap"' has no exported member 'SymbolEntry'.
src/commands/repo-map/index.tsx(83,11): error TS2322: Type 'Map<string, SymbolEntry[]>' is not assignable to type 'Map<string, { symbols: any[]; }>'.
  Property 'symbols' is missing in type 'SymbolEntry[]' but required in type '{ symbols: any[]; }'.
src/commands/repo-map/index.tsx(122,71): error TS2694: Namespace '"D:/doge-code/src/engine/repoMap"' has no exported member 'SymbolEntry'.
src/commands/resume/resume.tsx(159,56): error TS2339: Property 'command' does not exist on type '{ isCrossProject: true; isSameRepoWorktree: true; projectPath: string; } | { isCrossProject: true; isSameRepoWorktree: false; command: string; projectPath: string; }'.
  Property 'command' does not exist on type '{ isCrossProject: true; isSameRepoWorktree: true; projectPath: string; }'.
src/commands/resume/resume.tsx(167,82): error TS2339: Property 'command' does not exist on type '{ isCrossProject: true; isSameRepoWorktree: true; projectPath: string; } | { isCrossProject: true; isSameRepoWorktree: false; command: string; projectPath: string; }'.
  Property 'command' does not exist on type '{ isCrossProject: true; isSameRepoWorktree: true; projectPath: string; }'.
src/commands/review.ts(263,4): error TS1064: The return type of an async function or method must be the global Promise<T> type. Did you mean to write 'Promise<string>'?
src/commands/review/reviewRemote.ts(139,34): error TS2339: Property 'errors' does not exist on type 'RemoteAgentPreconditionResult'.
  Property 'errors' does not exist on type '{ eligible: true; }'.
src/commands/security/index.ts(390,167): error TS2739: Type '{ score: number; grade: string; riskLevel: string; scanDuration: number; filesScanned: number; }' is missing the following properties from type 'ScanResult': findings, stats
src/commands/security/index.ts(424,42): error TS2741: Property 'total' is missing in type '{ bySeverity: { critical: number; high: number; medium: number; low: number; info: number; }; byType: Record<string, number>; byFile: Record<string, number>; }' but required in type '{ total: number; bySeverity: Record<string, number>; byType: Record<string, number>; byFile: Record<string, number>; }'.
src/commands/security/index.ts(425,145): error TS2551: Property 'catch' does not exist on type 'string'. Did you mean 'match'?
src/commands/self-check/index.ts(686,24): error TS2488: Type 'number' must have a '[Symbol.iterator]()' method that returns an iterator.
src/commands/self-check/index.ts(855,36): error TS2353: Object literal may only specify known properties, and 'patch' does not exist in type '{ applied: boolean; files: string[]; error?: string; }'.
src/commands/sessions/index.tsx(732,14): error TS2322: Type '(onDone: LocalJSXCommandOnDone, _context: ToolUseContext & { canUseTool?: CanUseToolFn; updateProgress?: (message: string) => void; ... 5 more ...; resume?: (sessionId: `${string}-${string}-${string}-${string}-${string}`, log: LogOption, entrypoint: ResumeEntrypoint) => Promise<...>; }, args: string) => Promise<...>' is not assignable to type 'LocalJSXCommandCall'.
  Type 'Promise<FunctionComponentElement<SessionsProps> | { type: string; value: string; }>' is not assignable to type 'Promise<ReactNode>'.
    Type 'FunctionComponentElement<SessionsProps> | { type: string; value: string; }' is not assignable to type 'ReactNode'.
      Type '{ type: string; value: string; }' is not assignable to type 'ReactNode'.
        Type '{ type: string; value: string; }' is missing the following properties from type 'ReactPortal': children, props, key
src/commands/sessions/index.tsx(753,41): error TS2345: Argument of type 'string' is not assignable to parameter of type 'string[]'.
src/commands/sessions/index.tsx(1162,9): error TS2488: Type 'number' must have a '[Symbol.iterator]()' method that returns an iterator.
src/commands/sessions/index.tsx(1162,33): error TS2362: The left-hand side of an arithmetic operation must be of type 'any', 'number', 'bigint' or an enum type.
src/commands/sessions/index.tsx(1162,48): error TS2693: 'string' only refers to a type, but is being used as a value here.
src/commands/sessions/index.tsx(1162,57): error TS2721: Cannot invoke an object which is possibly 'null'.
src/commands/shell/index.ts(8,15): error TS2322: Type 'Promise<typeof import("D:/doge-code/src/commands/shell/shell")>' is not assignable to type 'Promise<LocalCommandModule>'.
  Type 'typeof import("D:/doge-code/src/commands/shell/shell")' is not assignable to type 'LocalCommandModule'.
    The types returned by 'call(...)' are incompatible between these types.
      Type 'Promise<string>' is not assignable to type 'Promise<LocalCommandResult>'.
        Type 'string' is not assignable to type 'LocalCommandResult'.
src/commands/snapshot/index.ts(10,15): error TS2322: Type 'Promise<typeof import("D:/doge-code/src/commands/snapshot/snapshot")>' is not assignable to type 'Promise<LocalCommandModule>'.
  Property 'call' is missing in type 'typeof import("D:/doge-code/src/commands/snapshot/snapshot")' but required in type 'LocalCommandModule'.
src/commands/snippet/index.ts(986,28): error TS2353: Object literal may only specify known properties, and 'content' does not exist in type '{ type: "text"; value: string; }'.
src/commands/spec-workflow/index.ts(154,31): error TS2322: Type '"in-progress" | "not-started"' is not assignable to type '"approved" | "created" | "in-progress" | "missing"'.
  Type '"not-started"' is not assignable to type '"approved" | "created" | "in-progress" | "missing"'.
src/commands/spec-workflow/index.ts(232,9): error TS2739: Type '{ exists: false; }' is missing the following properties from type '{ exists: boolean; approved: boolean; lastModified: string; }': approved, lastModified
src/commands/spec-workflow/index.ts(333,15): error TS2322: Type 'string' is not assignable to type '"action" | "document"'.
src/commands/spec-workflow/index.ts(334,15): error TS2322: Type 'string' is not assignable to type '"spec" | "steering"'.
src/commands/task/index.ts(9,3): error TS1360: Type '{ type: "local"; name: string; description: string; argumentHint: string; load: () => Promise<typeof import("./task.ts")>; }' does not satisfy the expected type 'Command'.
  Type '{ type: "local"; name: string; description: string; argumentHint: string; load: () => Promise<typeof import("./task.ts")>; }' is not assignable to type 'CommandBase & LocalCommand'.
    Property 'supportsNonInteractive' is missing in type '{ type: "local"; name: string; description: string; argumentHint: string; load: () => Promise<typeof import("./task.ts")>; }' but required in type 'LocalCommand'.
src/commands/task/task.ts(96,14): error TS2322: Type '(args: string, context: LocalJSXCommandContext) => Promise<{ type: string; value: string; }>' is not assignable to type 'LocalCommandCall'.
  Type 'Promise<{ type: string; value: string; }>' is not assignable to type 'Promise<LocalCommandResult>'.
    Type '{ type: string; value: string; }' is not assignable to type 'LocalCommandResult'.
      Type '{ type: string; value: string; }' is not assignable to type '{ type: "text"; value: string; }'.
        Types of property 'type' are incompatible.
          Type 'string' is not assignable to type '"text"'.
src/commands/team-collab/index.ts(349,3): error TS1360: Type '{ type: "local"; name: string; description: string; load: () => Promise<{ call: LocalCommandCall; }>; }' does not satisfy the expected type 'Command'.
  Type '{ type: "local"; name: string; description: string; load: () => Promise<{ call: LocalCommandCall; }>; }' is not assignable to type 'CommandBase & LocalCommand'.
    Property 'supportsNonInteractive' is missing in type '{ type: "local"; name: string; description: string; load: () => Promise<{ call: LocalCommandCall; }>; }' but required in type 'LocalCommand'.
src/commands/team-onboarding/index.ts(7,15): error TS2322: Type 'Promise<typeof import("D:/doge-code/src/commands/team-onboarding/team-onboarding")>' is not assignable to type 'Promise<LocalJSXCommandModule>'.
  Type 'typeof import("D:/doge-code/src/commands/team-onboarding/team-onboarding")' is not assignable to type 'LocalJSXCommandModule'.
    Types of property 'call' are incompatible.
      Type '(onDone: LocalJSXCommandOnDone, args: string) => Promise<void>' is not assignable to type 'LocalJSXCommandCall'.
        Types of parameters 'args' and 'context' are incompatible.
          Type 'ToolUseContext & { canUseTool?: CanUseToolFn; updateProgress?: (message: string) => void; setMessages: (updater: (prev: Message[]) => Message[]) => void; ... 4 more ...; resume?: (sessionId: `${string}-${string}-${string}-${string}-${string}`, log: LogOption, entrypoint: ResumeEntrypoint) => Promise<...>; }' is not assignable to type 'string'.
src/commands/team/index.ts(7,15): error TS2322: Type 'Promise<typeof import("D:/doge-code/src/commands/team/team")>' is not assignable to type 'Promise<LocalJSXCommandModule>'.
  Type 'typeof import("D:/doge-code/src/commands/team/team")' is not assignable to type 'LocalJSXCommandModule'.
    Types of property 'call' are incompatible.
      Type '(onDone: LocalJSXCommandOnDone, args: string) => Promise<void>' is not assignable to type 'LocalJSXCommandCall'.
        Types of parameters 'args' and 'context' are incompatible.
          Type 'ToolUseContext & { canUseTool?: CanUseToolFn; updateProgress?: (message: string) => void; setMessages: (updater: (prev: Message[]) => Message[]) => void; ... 4 more ...; resume?: (sessionId: `${string}-${string}-${string}-${string}-${string}`, log: LogOption, entrypoint: ResumeEntrypoint) => Promise<...>; }' is not assignable to type 'string'.
src/commands/test-gen.ts(492,39): error TS2339: Property 'lower' does not exist on type 'string'.
src/commands/test-gen.ts(497,25): error TS2339: Property 'lower' does not exist on type 'string'.
src/commands/test-gen.ts(1251,14): error TS2322: Type '(args: string) => Promise<{ type: "text"; value: string; } | { type: "json"; value: string; }>' is not assignable to type 'LocalCommandCall'.
  Type 'Promise<{ type: "text"; value: string; } | { type: "json"; value: string; }>' is not assignable to type 'Promise<LocalCommandResult>'.
    Type '{ type: "text"; value: string; } | { type: "json"; value: string; }' is not assignable to type 'LocalCommandResult'.
      Type '{ type: "json"; value: string; }' is not assignable to type 'LocalCommandResult'.
        Type '{ type: "json"; value: string; }' is not assignable to type '{ type: "text"; value: string; }'.
          Types of property 'type' are incompatible.
            Type '"json"' is not assignable to type '"text"'.
src/commands/ultraplan.tsx(321,42): error TS2339: Property 'errors' does not exist on type 'RemoteAgentPreconditionResult'.
  Property 'errors' does not exist on type '{ eligible: true; }'.
src/commands/ultraplan.tsx(323,35): error TS2339: Property 'errors' does not exist on type 'RemoteAgentPreconditionResult'.
  Property 'errors' does not exist on type '{ eligible: true; }'.
src/commands/vector-search/index.tsx(289,3): error TS2353: Object literal may only specify known properties, and 'args' does not exist in type 'Command'.
src/commands/watch/index.ts(149,39): error TS2345: Argument of type 'Map<string, unknown>' is not assignable to parameter of type 'Map<string, number>'.
  Type 'unknown' is not assignable to type 'number'.
src/commands/websocket/index.ts(8,15): error TS2322: Type 'Promise<typeof import("D:/doge-code/src/commands/websocket/websocket")>' is not assignable to type 'Promise<LocalCommandModule>'.
  Type 'typeof import("D:/doge-code/src/commands/websocket/websocket")' is not assignable to type 'LocalCommandModule'.
    The types returned by 'call(...)' are incompatible between these types.
      Type 'Promise<string>' is not assignable to type 'Promise<LocalCommandResult>'.
        Type 'string' is not assignable to type 'LocalCommandResult'.
src/commands/wiki/index.ts(820,73): error TS2345: Argument of type '{}' is not assignable to parameter of type 'LocalJSXCommandContext'.
  Type '{}' is missing the following properties from type 'ToolUseContext': options, abortController, readFileState, getAppState, and 6 more.
src/commands/wiki/index.ts(821,55): error TS2345: Argument of type '{}' is not assignable to parameter of type 'LocalJSXCommandContext'.
  Type '{}' is missing the following properties from type 'ToolUseContext': options, abortController, readFileState, getAppState, and 6 more.
src/commands/wiki/index.ts(822,67): error TS2345: Argument of type '{}' is not assignable to parameter of type 'LocalJSXCommandContext'.
  Type '{}' is missing the following properties from type 'ToolUseContext': options, abortController, readFileState, getAppState, and 6 more.
src/commands/workflows/index.ts(48,34): error TS2351: This expression is not constructable.
  Type 'BuiltTool<{ name: string; maxResultSizeChars: number; description: () => Promise<string>; callOn: string; prompt(): Promise<string>; readonly inputSchema: ZodObject<{ script: ZodString; args: ZodOptional<...>; mode: ZodOptional<...>; }, $strip>; ... 7 more ...; call({ script, args, mode }: { ...; }): Promise<...>; }>' has no construct signatures.
src/commands/workflows/index.ts(62,13): error TS2322: Type 'unknown' is not assignable to type 'string'.
src/commands/workspace.ts(778,14): error TS2322: Type '(args: string) => Promise<{ type: string; value: string; }>' is not assignable to type 'LocalCommandCall'.
  Type 'Promise<{ type: string; value: string; }>' is not assignable to type 'Promise<LocalCommandResult>'.
    Type '{ type: string; value: string; }' is not assignable to type 'LocalCommandResult'.
      Type '{ type: string; value: string; }' is not assignable to type '{ type: "text"; value: string; }'.
        Types of property 'type' are incompatible.
          Type 'string' is not assignable to type '"text"'.
src/components/App.tsx(26,19): error TS4113: This member cannot have an 'override' modifier because it is not declared in the base class 'Component<{ children: ReactNode; }, BootstrapBoundaryState, any>'.
src/components/CustomSelect/select.tsx(510,40): error TS2345: Argument of type 'unknown' is not assignable to parameter of type 'number'.
src/components/EffortCallout.tsx(94,9): error TS2322: Type 'string' is not assignable to type '"high" | "low" | "max" | "medium"'.
src/components/Feedback.tsx(226,59): error TS2345: Argument of type '{ latestAssistantMessageId: unknown; message_count: number; datetime: string; description: string; platform: Platform; gitRepo: boolean; terminal: string; version: string; transcript: (AssistantMessage | UserMessage)[]; errors: { ...; }[]; lastApiRequest: Omit<...>; subagentTranscripts: { ...; }; rawTranscriptJsonl:...' is not assignable to parameter of type 'FeedbackData'.
  Types of property 'latestAssistantMessageId' are incompatible.
    Type 'unknown' is not assignable to type 'string'.
src/components/FeedbackSurvey/useMemorySurvey.tsx(191,37): error TS2345: Argument of type 'AssistantMessageContent' is not assignable to parameter of type 'readonly { readonly type: string; }[]'.
  Type 'string' is not assignable to type 'readonly { readonly type: string; }[]'.
src/components/FileEditToolDiff.tsx(66,5): error TS2339: Property 'patch' does not exist on type '{}'.
src/components/FileEditToolDiff.tsx(67,5): error TS2339: Property 'firstLine' does not exist on type '{}'.
src/components/FileEditToolDiff.tsx(68,5): error TS2339: Property 'fileContent' does not exist on type '{}'.
src/components/FileEditToolUseRejectedMessage.tsx(106,29): error TS2322: Type '{ code: any; filePath: any; width: number; dim: boolean; }' is not assignable to type 'IntrinsicAttributes & object'.
  Property 'code' does not exist on type 'IntrinsicAttributes & object'.
src/components/GhostText.tsx(3,21): error TS2724: '"../ink.js"' has no exported member named 'useAppTheme'. Did you mean 'useTheme'?
src/components/GhostText.tsx(110,7): error TS2322: Type 'Timeout' is not assignable to type 'number'.
src/components/HighlightedCode.tsx(21,5): error TS2339: Property 'code' does not exist on type '{}'.
src/components/HighlightedCode.tsx(22,5): error TS2339: Property 'filePath' does not exist on type '{}'.
src/components/HighlightedCode.tsx(23,5): error TS2339: Property 'width' does not exist on type '{}'.
src/components/HighlightedCode.tsx(24,5): error TS2339: Property 'dim' does not exist on type '{}'.
src/components/HighlightedCode/Fallback.tsx(147,16): error TS2339: Property 'supportsLanguage' does not exist on type 'unknown'.
src/components/HighlightedCode/Fallback.tsx(155,30): error TS2345: Argument of type 'unknown' is not assignable to parameter of type 'CliHighlight'.
  Type '{}' is missing the following properties from type 'CliHighlight': highlight, supportsLanguage
src/components/HighlightedCode/Fallback.tsx(162,34): error TS2345: Argument of type 'unknown' is not assignable to parameter of type 'CliHighlight'.
  Type '{}' is missing the following properties from type 'CliHighlight': highlight, supportsLanguage
src/components/ImageDisplay.tsx(40,24): error TS2503: Cannot find namespace 'JSX'.
src/components/ImageDisplay.tsx(65,5): error TS2503: Cannot find namespace 'JSX'.
src/components/ImageDisplay.tsx(70,59): error TS2503: Cannot find namespace 'JSX'.
src/components/ImageDisplay.tsx(96,77): error TS2503: Cannot find namespace 'JSX'.
src/components/LogoV2/LogoV2.tsx(234,23): error TS2304: Cannot find name 'GateOverridesWarning'.
src/components/LogoV2/LogoV2.tsx(235,23): error TS2304: Cannot find name 'ExperimentEnrollmentNotice'.
src/components/LogoV2/LogoV2.tsx(329,23): error TS2304: Cannot find name 'GateOverridesWarning'.
src/components/LogoV2/LogoV2.tsx(330,23): error TS2304: Cannot find name 'ExperimentEnrollmentNotice'.
src/components/LogoV2/LogoV2.tsx(532,21): error TS2304: Cannot find name 'GateOverridesWarning'.
src/components/LogoV2/LogoV2.tsx(533,21): error TS2304: Cannot find name 'ExperimentEnrollmentNotice'.
src/components/Markdown.tsx(139,51): error TS2322: Type '{ key: any; dimColor: any; children: string; }' is not assignable to type 'IntrinsicAttributes & object'.
  Property 'dimColor' does not exist on type 'IntrinsicAttributes & object'.
src/components/Message.tsx(254,13): error TS2339: Property 'isSnipMarkerMessage' does not exist on type 'typeof import("D:/doge-code/src/services/compact/snipCompact")'.
src/components/Message.tsx(269,41): error TS2322: Type '{ message: any; }' is not assignable to type 'IntrinsicAttributes'.
  Property 'message' does not exist on type 'IntrinsicAttributes'.
src/components/Message.tsx(609,83): error TS2345: Argument of type 'CollapsedReadSearchGroup | AssistantMessage | AttachmentMessage | GroupedToolUseMessage | SystemMessage | UserMessage' is not assignable to parameter of type '{ type: string; message?: { content: { type: string; }[]; }; }'.
  Type 'AssistantMessage' is not assignable to type '{ type: string; message?: { content: { type: string; }[]; }; }'.
    The types of 'message.content' are incompatible between these types.
      Type 'AssistantMessageContent' is not assignable to type '{ type: string; }[]'.
        Type 'string' is not assignable to type '{ type: string; }[]'.
src/components/MessageRow.tsx(303,3): error TS2578: Unused '@ts-expect-error' directive.
src/components/MessageRow.tsx(308,34): error TS2345: Argument of type 'AssistantMessage | AttachmentMessage | HookResultMessage | ProgressMessage<unknown> | SystemMessage | TombstoneMessage | ToolUseSummaryMessage | UserMessage' is not assignable to parameter of type 'NormalizedMessage'.
  Type 'HookResultMessage' is not assignable to type 'NormalizedMessage'.
    Type 'HookResultMessage' is not assignable to type 'UserMessage'.
      Type 'HookResultMessage' is not assignable to type '{ type: "user"; message: { [key: string]: unknown; content: string | ContentBlockParam[]; }; sourceToolAssistantUUID?: string; }'.
        Types of property 'type' are incompatible.
          Type '"hook_result"' is not assignable to type '"user"'.
src/components/MessageRow.tsx(323,3): error TS2578: Unused '@ts-expect-error' directive.
src/components/MessageRow.tsx(334,34): error TS2345: Argument of type 'AssistantMessage | AttachmentMessage | HookResultMessage | ProgressMessage<unknown> | SystemMessage | TombstoneMessage | ToolUseSummaryMessage | UserMessage' is not assignable to parameter of type 'NormalizedMessage'.
  Type 'HookResultMessage' is not assignable to type 'NormalizedMessage'.
    Type 'HookResultMessage' is not assignable to type 'UserMessage'.
      Type 'HookResultMessage' is not assignable to type '{ type: "user"; message: { [key: string]: unknown; content: string | ContentBlockParam[]; }; sourceToolAssistantUUID?: string; }'.
        Types of property 'type' are incompatible.
          Type '"hook_result"' is not assignable to type '"user"'.
src/components/MessageRow.tsx(355,3): error TS2578: Unused '@ts-expect-error' directive.
src/components/MessageRow.tsx(371,83): error TS2345: Argument of type 'Message' is not assignable to parameter of type '{ type: string; message?: { content: { type: string; }[]; }; }'.
  Type 'AssistantMessage' is not assignable to type '{ type: string; message?: { content: { type: string; }[]; }; }'.
    The types of 'message.content' are incompatible between these types.
      Type 'AssistantMessageContent' is not assignable to type '{ type: string; }[]'.
        Type 'string' is not assignable to type '{ type: string; }[]'.
src/components/MessageSelector.tsx(77,47): error TS2345: Argument of type 'string' is not assignable to parameter of type '`${string}-${string}-${string}-${string}-${string}`'.
src/components/MessageSelector.tsx(174,66): error TS2345: Argument of type 'string' is not assignable to parameter of type '`${string}-${string}-${string}-${string}-${string}`'.
src/components/MessageSelector.tsx(295,65): error TS2345: Argument of type 'string' is not assignable to parameter of type '`${string}-${string}-${string}-${string}-${string}`'.
src/components/MessageSelector.tsx(297,86): error TS2345: Argument of type 'string' is not assignable to parameter of type '`${string}-${string}-${string}-${string}-${string}`'.
src/components/Messages.tsx(58,5): error TS2339: Property 'agentDefinitions' does not exist on type '{}'.
src/components/Messages.tsx(411,51): error TS2339: Property 'some' does not exist on type 'string | ContentBlockParam[]'.
  Property 'some' does not exist on type 'string'.
src/components/Messages.tsx(514,109): error TS2345: Argument of type '(AssistantMessage | AttachmentMessage | SystemMessage | UserMessage)[]' is not assignable to parameter of type '{ type: string; subtype?: string; isMeta?: boolean; isApiErrorMessage?: boolean; message?: { content: { type: string; name?: string; tool_use_id?: string; }[]; }; attachment?: { type: string; isMeta?: boolean; origin?: unknown; commandMode?: string; }; }[]'.
  Type 'AssistantMessage | AttachmentMessage | SystemMessage | UserMessage' is not assignable to type '{ type: string; subtype?: string; isMeta?: boolean; isApiErrorMessage?: boolean; message?: { content: { type: string; name?: string; tool_use_id?: string; }[]; }; attachment?: { type: string; isMeta?: boolean; origin?: unknown; commandMode?: string; }; }'.
    Type 'AssistantMessage' is not assignable to type '{ type: string; subtype?: string; isMeta?: boolean; isApiErrorMessage?: boolean; message?: { content: { type: string; name?: string; tool_use_id?: string; }[]; }; attachment?: { type: string; isMeta?: boolean; origin?: unknown; commandMode?: string; }; }'.
      The types of 'message.content' are incompatible between these types.
        Type 'AssistantMessageContent' is not assignable to type '{ type: string; name?: string; tool_use_id?: string; }[]'.
          Type 'string' is not assignable to type '{ type: string; name?: string; tool_use_id?: string; }[]'.
src/components/Messages.tsx(514,207): error TS2345: Argument of type '(AssistantMessage | AttachmentMessage | SystemMessage | UserMessage)[]' is not assignable to parameter of type '{ type: string; isMeta?: boolean; message?: { content: { type: string; name?: string; }[]; }; }[]'.
  Type 'AssistantMessage | AttachmentMessage | SystemMessage | UserMessage' is not assignable to type '{ type: string; isMeta?: boolean; message?: { content: { type: string; name?: string; }[]; }; }'.
    Type 'AssistantMessage' is not assignable to type '{ type: string; isMeta?: boolean; message?: { content: { type: string; name?: string; }[]; }; }'.
      The types of 'message.content' are incompatible between these types.
        Type 'AssistantMessageContent' is not assignable to type '{ type: string; name?: string; }[]'.
          Type 'string' is not assignable to type '{ type: string; name?: string; }[]'.
src/components/Messages.tsx(519,23): error TS2345: Argument of type '{ type: string; isMeta?: boolean; message?: { content: { type: string; name?: string; }[]; }; }[] | (AssistantMessage | AttachmentMessage | SystemMessage | UserMessage)[]' is not assignable to parameter of type 'MessageWithoutProgress[]'.
  Type '{ type: string; isMeta?: boolean; message?: { content: { type: string; name?: string; }[]; }; }[]' is not assignable to type 'MessageWithoutProgress[]'.
    Type '{ type: string; isMeta?: boolean; message?: { content: { type: string; name?: string; }[]; }; }' is not assignable to type 'MessageWithoutProgress'.
      Type '{ type: string; isMeta?: boolean; message?: { content: { type: string; name?: string; }[]; }; }' is not assignable to type 'UserMessage'.
        Type '{ type: string; isMeta?: boolean; message?: { content: { type: string; name?: string; }[]; }; }' is not assignable to type '{ type: "user"; message: { [key: string]: unknown; content: string | ContentBlockParam[]; }; sourceToolAssistantUUID?: string; }'.
          Types of property 'type' are incompatible.
            Type 'string' is not assignable to type '"user"'.
src/components/Messages.tsx(521,61): error TS2345: Argument of type '{ type: string; isMeta?: boolean; message?: { content: { type: string; name?: string; }[]; }; }[] | (AssistantMessage | AttachmentMessage | SystemMessage | UserMessage)[]' is not assignable to parameter of type 'Message[]'.
  Type '{ type: string; isMeta?: boolean; message?: { content: { type: string; name?: string; }[]; }; }[]' is not assignable to type 'Message[]'.
    Type '{ type: string; isMeta?: boolean; message?: { content: { type: string; name?: string; }[]; }; }' is not assignable to type 'Message'.
      Type '{ type: string; isMeta?: boolean; message?: { content: { type: string; name?: string; }[]; }; }' is not assignable to type 'UserMessage'.
        Type '{ type: string; isMeta?: boolean; message?: { content: { type: string; name?: string; }[]; }; }' is not assignable to type '{ type: "user"; message: { [key: string]: unknown; content: string | ContentBlockParam[]; }; sourceToolAssistantUUID?: string; }'.
          Types of property 'type' are incompatible.
            Type 'string' is not assignable to type '"user"'.
src/components/Messages.tsx(541,55): error TS2345: Argument of type 'Message[]' is not assignable to parameter of type 'readonly { uuid: string; }[]'.
  Type 'Message' is not assignable to type '{ uuid: string; }'.
    Type 'AssistantMessage' is not assignable to type '{ uuid: string; }'.
      Property 'uuid' is optional in type 'AssistantMessage' but required in type '{ uuid: string; }'.
src/components/Messages.tsx(583,5): error TS2578: Unused '@ts-expect-error' directive.
src/components/Messages.tsx(623,5): error TS2578: Unused '@ts-expect-error' directive.
src/components/Messages.tsx(681,73): error TS2322: Type '{ agentDefinitions: AgentDefinitionsResult; }' is not assignable to type 'IntrinsicAttributes & object'.
  Property 'agentDefinitions' does not exist on type 'IntrinsicAttributes & object'.
src/components/ModelPicker.tsx(236,13): error TS2322: Type 'string' is not assignable to type '"high" | "low" | "max" | "medium"'.
src/components/NotebookEditToolUseRejectedMessage.tsx(73,95): error TS2322: Type '{ code: any; filePath: string; dim: boolean; }' is not assignable to type 'IntrinsicAttributes & object'.
  Property 'code' does not exist on type 'IntrinsicAttributes & object'.
src/components/Passes/Passes.tsx(66,52): error TS2339: Property 'referral_link' does not exist on type 'unknown'.
src/components/Passes/Passes.tsx(67,65): error TS2339: Property 'referral_link' does not exist on type 'unknown'.
src/components/Passes/Passes.tsx(71,27): error TS2345: Argument of type 'unknown' is not assignable to parameter of type 'SetStateAction<ReferrerRewardInfo>'.
src/components/Passes/Passes.tsx(74,65): error TS2339: Property 'campaign' does not exist on type 'unknown'.
src/components/Passes/Passes.tsx(91,25): error TS2365: Operator '<' cannot be applied to types 'number' and 'unknown'.
src/components/PromptInput/PromptInput.tsx(842,5): error TS2339: Property 'jumpToIndex' does not exist on type 'UseInputBufferResult'.
src/components/PromptInput/PromptInput.tsx(1070,27): error TS2339: Property 'error' does not exist on type 'DirectMessageResult'.
  Property 'error' does not exist on type '{ success: true; recipientName: string; }'.
src/components/PromptInput/PromptInput.tsx(1175,7): error TS2739: Type 'ImageDimensions' is missing the following properties from type '{ width: number; height: number; }': width, height
src/components/PromptInput/PromptInput.tsx(1993,33): error TS2304: Cannot find name 'getCurrentIndex'.
src/components/PromptInput/PromptInput.tsx(2226,25): error TS2552: Cannot find name 'getBuffer'. Did you mean 'Buffer'?
src/components/PromptInput/PromptInput.tsx(2227,24): error TS2552: Cannot find name 'getCurrentIndex'. Did you mean 'currentIdx'?
src/components/PromptInput/PromptInput.tsx(2396,26): error TS2488: Type 'unknown' must have a '[Symbol.iterator]()' method that returns an iterator.
src/components/PromptInput/PromptInputFooterSuggestions.tsx(40,5): error TS2339: Property 'item' does not exist on type '{}'.
src/components/PromptInput/PromptInputFooterSuggestions.tsx(41,5): error TS2339: Property 'maxColumnWidth' does not exist on type '{}'.
src/components/PromptInput/PromptInputFooterSuggestions.tsx(42,5): error TS2339: Property 'isSelected' does not exist on type '{}'.
src/components/PromptInput/PromptInputFooterSuggestions.tsx(251,57): error TS2322: Type '{ key: any; item: any; maxColumnWidth: any; isSelected: boolean; }' is not assignable to type 'IntrinsicAttributes & object'.
  Property 'item' does not exist on type 'IntrinsicAttributes & object'.
src/components/Settings/Config.tsx(112,97): error TS2339: Property 'openaiCompatMode' does not exist on type '{ provider?: "anthropic" | "openai"; baseURL?: string; apiKey?: string; model?: string; savedModels?: string[]; }'.
src/components/Settings/Config.tsx(307,11): error TS2322: Type '"anthropic" | "gemini" | "openai"' is not assignable to type '"anthropic" | "openai"'.
  Type '"gemini"' is not assignable to type '"anthropic" | "openai"'.
src/components/Settings/Config.tsx(309,42): error TS2339: Property 'openaiCompatMode' does not exist on type '{ provider?: "anthropic" | "openai"; baseURL?: string; apiKey?: string; model?: string; savedModels?: string[]; }'.
src/components/Settings/Config.tsx(1305,11): error TS2322: Type '"ABLATION_BASELINE" | "AGENT_MEMORY_SNAPSHOT" | "AGENT_TRIGGERS" | "AGENT_TRIGGERS_REMOTE" | "BG_SESSIONS" | "BRIDGE_MODE" | "BYOC_ENVIRONMENT_RUNNER" | "CACHED_MICROCOMPACT" | ... 39 more ... | "WORKFLOW_SCRIPTS"' is not assignable to type 'number | boolean'.
  Type '"ABLATION_BASELINE"' is not assignable to type 'number | boolean'.
src/components/Settings/Settings.tsx(101,48): error TS2304: Cannot find name 'Gates'.
src/components/Settings/Status.tsx(210,19): error TS2339: Property 'length' does not exist on type 'unknown'.
src/components/Settings/Status.tsx(222,22): error TS2339: Property 'map' does not exist on type 'unknown'.
src/components/Spinner.tsx(227,32): error TS2304: Cannot find name 'apiMetricsRef'.
src/components/StatusLine.tsx(125,21): error TS2339: Property 'five_hour' does not exist on type 'unknown'.
src/components/StatusLine.tsx(125,45): error TS2339: Property 'seven_day' does not exist on type 'unknown'.
src/components/StatusNotices.tsx(35,42): error TS2345: Argument of type '{ config: GlobalConfig; agentDefinitions: any; memoryFiles: unknown; }' is not assignable to parameter of type 'StatusNoticeContext'.
  Types of property 'memoryFiles' are incompatible.
    Type 'unknown' is not assignable to type 'MemoryFileInfo[]'.
      Type '{}' is missing the following properties from type 'MemoryFileInfo[]': length, pop, push, concat, and 35 more.
src/components/StatusNotices.tsx(42,89): error TS2345: Argument of type '{ config: GlobalConfig; agentDefinitions: any; memoryFiles: unknown; }' is not assignable to parameter of type 'StatusNoticeContext'.
  Types of property 'memoryFiles' are incompatible.
    Type 'unknown' is not assignable to type 'MemoryFileInfo[]'.
      Type '{}' is missing the following properties from type 'MemoryFileInfo[]': length, pop, push, concat, and 35 more.
src/components/StructuredDiff.tsx(98,5): error TS2339: Property 'patch' does not exist on type '{}'.
src/components/StructuredDiff.tsx(99,5): error TS2339: Property 'dim' does not exist on type '{}'.
src/components/StructuredDiff.tsx(100,5): error TS2339: Property 'filePath' does not exist on type '{}'.
src/components/StructuredDiff.tsx(101,5): error TS2339: Property 'firstLine' does not exist on type '{}'.
src/components/StructuredDiff.tsx(102,5): error TS2339: Property 'fileContent' does not exist on type '{}'.
src/components/StructuredDiff.tsx(103,5): error TS2339: Property 'width' does not exist on type '{}'.
src/components/StructuredDiff.tsx(104,5): error TS2339: Property 'skipHighlighting' does not exist on type '{}'.
src/components/StructuredDiffList.tsx(33,25): error TS2322: Type '{ patch: StructuredPatchHunk; dim: boolean; width: number; filePath: string; firstLine: string; fileContent: string; }' is not assignable to type 'IntrinsicAttributes & object'.
  Property 'patch' does not exist on type 'IntrinsicAttributes & object'.
src/components/TextInput.tsx(72,29): error TS2339: Property 'length' does not exist on type 'unknown'.
src/components/TextInput.tsx(72,66): error TS2339: Property 'length' does not exist on type 'unknown'.
src/components/ThemePicker.tsx(75,3): error TS2554: Expected 2 arguments, but got 1.
src/components/ThemePicker.tsx(246,173): error TS2322: Type '{ patch: any; dim: boolean; filePath: string; firstLine: null; width: number; }' is not assignable to type 'IntrinsicAttributes & object'.
  Property 'patch' does not exist on type 'IntrinsicAttributes & object'.
src/components/TokenWarning.tsx(51,19): error TS2339: Property 'split' does not exist on type 'unknown'.
src/components/VirtualMessageList.tsx(348,7): error TS2322: Type '"assistant" | "attachment" | "collapsed_read_search" | "grouped_tool_use" | "hook_result" | "progress" | "system" | "tombstone" | "tool_use_summary" | "user"' is not assignable to type '"assistant" | "attachment" | "collapsed_read_search" | "grouped_tool_use" | "system" | "user"'.
  Type '"hook_result"' is not assignable to type '"assistant" | "attachment" | "collapsed_read_search" | "grouped_tool_use" | "system" | "user"'.
src/components/WorkflowMultiselectDialog.tsx(20,3): error TS2322: Type 'string' is not assignable to type 'Workflow'.
src/components/WorkflowMultiselectDialog.tsx(23,3): error TS2322: Type 'string' is not assignable to type 'Workflow'.
src/components/agents/ToolSelector.tsx(255,70): error TS2339: Property 'name' does not exist on type 'unknown'.
src/components/agents/ToolSelector.tsx(325,74): error TS2339: Property 'name' does not exist on type 'unknown'.
src/components/design-system/ThemeProvider.tsx(73,54): error TS2345: Argument of type 'Dispatch<SetStateAction<SystemTheme>>' is not assignable to parameter of type 'SetThemeFn'.
  Types of parameters 'value' and 'theme' are incompatible.
    Type 'Theme' is not assignable to type 'SetStateAction<SystemTheme>'.
      Type '"unknown"' is not assignable to type 'SetStateAction<SystemTheme>'.
src/components/diff/DiffDetailView.tsx(243,124): error TS2322: Type '{ key: any; patch: any; filePath: any; firstLine: any; fileContent: any; dim: boolean; width: number; }' is not assignable to type 'IntrinsicAttributes & object'.
  Property 'patch' does not exist on type 'IntrinsicAttributes & object'.
src/components/mcp/MCPAgentServerMenu.tsx(140,52): error TS2339: Property 'join' does not exist on type 'unknown'.
src/components/mcp/MCPListPanel.tsx(81,28): error TS2345: Argument of type 'unknown' is not assignable to parameter of type '"claudeai" | "dynamic" | "enterprise" | "local" | "managed" | "project" | "user"'.
src/components/mcp/MCPListPanel.tsx(83,18): error TS2345: Argument of type 'unknown' is not assignable to parameter of type '"claudeai" | "dynamic" | "enterprise" | "local" | "managed" | "project" | "user"'.
src/components/mcp/MCPRemoteServerMenu.tsx(121,7): error TS2322: Type 'unknown' is not assignable to type '"claudeai" | "dynamic" | "enterprise" | "local" | "managed" | "project" | "user"'.
src/components/mcp/MCPRemoteServerMenu.tsx(223,41): error TS2339: Property 'startsWith' does not exist on type 'unknown'.
src/components/mcp/MCPRemoteServerMenu.tsx(223,91): error TS2339: Property 'slice' does not exist on type 'unknown'.
src/components/mcp/MCPRemoteServerMenu.tsx(266,47): error TS2345: Argument of type 'Record<string, unknown>' is not assignable to parameter of type '{ type: "sse"; url: string; headers?: Record<string, string>; headersHelper?: string; oauth?: { clientId?: string; callbackPort?: number; authServerMetadataUrl?: string; xaa?: boolean; }; } | { ...; }'.
  Type 'Record<string, unknown>' is missing the following properties from type '{ type: "http"; url: string; headers?: Record<string, string>; headersHelper?: string; oauth?: { clientId?: string; callbackPort?: number; authServerMetadataUrl?: string; xaa?: boolean; }; }': type, url
src/components/mcp/MCPRemoteServerMenu.tsx(271,48): error TS2345: Argument of type 'Record<string, unknown>' is not assignable to parameter of type '{ type: "sse"; url: string; headers?: Record<string, string>; headersHelper?: string; oauth?: { clientId?: string; callbackPort?: number; authServerMetadataUrl?: string; xaa?: boolean; }; } | { ...; }'.
  Type 'Record<string, unknown>' is missing the following properties from type '{ type: "http"; url: string; headers?: Record<string, string>; headersHelper?: string; oauth?: { clientId?: string; callbackPort?: number; authServerMetadataUrl?: string; xaa?: boolean; }; }': type, url
src/components/mcp/MCPRemoteServerMenu.tsx(307,45): error TS2345: Argument of type 'Record<string, unknown>' is not assignable to parameter of type '{ type: "sse"; url: string; headers?: Record<string, string>; headersHelper?: string; oauth?: { clientId?: string; callbackPort?: number; authServerMetadataUrl?: string; xaa?: boolean; }; } | { ...; }'.
  Type 'Record<string, unknown>' is missing the following properties from type '{ type: "http"; url: string; headers?: Record<string, string>; headersHelper?: string; oauth?: { clientId?: string; callbackPort?: number; authServerMetadataUrl?: string; xaa?: boolean; }; }': type, url
src/components/mcp/MCPRemoteServerMenu.tsx(313,9): error TS2322: Type 'unknown' is not assignable to type '"claudeai" | "dynamic" | "enterprise" | "local" | "managed" | "project" | "user"'.
src/components/mcp/MCPRemoteServerMenu.tsx(345,86): error TS2339: Property 'xaa' does not exist on type 'unknown'.
src/components/mcp/MCPRemoteServerMenu.tsx(565,55): error TS2345: Argument of type 'unknown' is not assignable to parameter of type '"claudeai" | "dynamic" | "enterprise" | "local" | "managed" | "project" | "user"'.
src/components/mcp/MCPStdioServerMenu.tsx(120,53): error TS2339: Property 'length' does not exist on type 'unknown'.
src/components/mcp/MCPStdioServerMenu.tsx(122,50): error TS2339: Property 'join' does not exist on type 'unknown'.
src/components/messageActions.tsx(426,76): error TS2345: Argument of type 'MessageBase' is not assignable to parameter of type 'UserMessage'.
  Property 'type' is missing in type 'MessageBase' but required in type '{ type: "user"; message: { [key: string]: unknown; content: string | ContentBlockParam[]; }; sourceToolAssistantUUID?: string; }'.
src/components/messageActions.tsx(426,124): error TS2339: Property 'map' does not exist on type 'unknown'.
src/components/messageActions.tsx(428,29): error TS2322: Type 'unknown' is not assignable to type 'string'.
src/components/messages/AssistantToolUseMessage.tsx(125,56): error TS2339: Property 'toolUseId' does not exist on type 'unknown'.
src/components/messages/AssistantToolUseMessage.tsx(343,126): error TS2339: Property 'type' does not exist on type 'unknown'.
src/components/messages/AttachmentMessage.tsx(354,23): error TS1360: Type '"agent_mention" | "auto_mode" | "auto_mode_exit" | "bagel_console" | "budget_usd" | "compaction_reminder" | "companion_intro" | "context_efficiency" | "critical_system_reminder" | ... 23 more ... | "verify_plan_reminder"' does not satisfy the expected type '"agent_mention" | "auto_mode" | "auto_mode_exit" | "budget_usd" | "command_permissions" | "compaction_reminder" | "companion_intro" | "context_efficiency" | "critical_system_reminder" | ... 26 more ... | "verify_plan_reminder"'.
  Type '"bagel_console"' is not assignable to type '"agent_mention" | "auto_mode" | "auto_mode_exit" | "budget_usd" | "command_permissions" | "compaction_reminder" | "companion_intro" | "context_efficiency" | "critical_system_reminder" | ... 26 more ... | "verify_plan_reminder"'.
src/components/messages/AttachmentMessage.tsx(447,13): error TS2339: Property 'type' does not exist on type 'unknown'.
src/components/messages/AttachmentMessage.tsx(459,21): error TS2339: Property 'identity' does not exist on type 'unknown'.
src/components/messages/AttachmentMessage.tsx(460,26): error TS2339: Property 'identity' does not exist on type 'unknown'.
src/components/messages/AttachmentMessage.tsx(461,17): error TS2339: Property 'identity' does not exist on type 'unknown'.
src/components/messages/AttachmentMessage.tsx(476,44): error TS2339: Property 'identity' does not exist on type 'unknown'.
src/components/messages/AttachmentMessage.tsx(477,71): error TS2339: Property 'identity' does not exist on type 'unknown'.
src/components/messages/AttachmentMessage.tsx(479,17): error TS2339: Property 'identity' does not exist on type 'unknown'.
src/components/messages/CollapsedReadSearchContent.tsx(208,19): error TS2339: Property 'type' does not exist on type 'unknown'.
src/components/messages/CollapsedReadSearchContent.tsx(208,55): error TS2339: Property 'phase' does not exist on type 'unknown'.
src/components/messages/CollapsedReadSearchContent.tsx(209,30): error TS2339: Property 'toolInput' does not exist on type 'unknown'.
src/components/messages/CollapsedReadSearchContent.tsx(214,112): error TS2339: Property 'toolName' does not exist on type 'unknown'.
src/components/messages/CollapsedReadSearchContent.tsx(225,23): error TS2345: Argument of type 'MessageBase' is not assignable to parameter of type 'AssistantMessage'.
  Property 'type' is missing in type 'MessageBase' but required in type '{ type: "assistant"; message?: { [key: string]: unknown; id?: string; content?: AssistantMessageContent; model?: string; role?: string; stop_reason?: string; stop_sequence?: string; error?: string; errorDetails?: string; usage?: { ...; }; context_management?: unknown; }; }'.
src/components/messages/CollapsedReadSearchContent.tsx(227,26): error TS2488: Type 'unknown' must have a '[Symbol.iterator]()' method that returns an iterator.
src/components/messages/CollapsedReadSearchContent.tsx(279,17): error TS2339: Property 'type' does not exist on type 'unknown'.
src/components/messages/CollapsedReadSearchContent.tsx(279,51): error TS2339: Property 'type' does not exist on type 'unknown'.
src/components/messages/CollapsedReadSearchContent.tsx(282,41): error TS2339: Property 'elapsedTimeSeconds' does not exist on type 'unknown'.
src/components/messages/CollapsedReadSearchContent.tsx(283,24): error TS2339: Property 'elapsedTimeSeconds' does not exist on type 'unknown'.
src/components/messages/CollapsedReadSearchContent.tsx(284,22): error TS2339: Property 'totalLines' does not exist on type 'unknown'.
src/components/messages/GroupedToolUseContent.tsx(31,27): error TS2488: Type 'unknown' must have a '[Symbol.iterator]()' method that returns an iterator.
src/components/messages/GroupedToolUseContent.tsx(54,36): error TS2345: Argument of type '{ param: ToolUseBlockParam; isResolved: boolean; isError: boolean; isInProgress: boolean; progressMessages: ProgressMessage<ToolProgressData>[]; result: { ...; }; }[]' is not assignable to parameter of type '{ param: ToolUseBlockParam; isResolved: boolean; isError: boolean; isInProgress: boolean; progressMessages: ProgressMessage<ToolProgressData>[]; result?: { ...; }; }[]'.
  Type '{ param: ToolUseBlockParam; isResolved: boolean; isError: boolean; isInProgress: boolean; progressMessages: ProgressMessage<ToolProgressData>[]; result: { ...; }; }' is not assignable to type '{ param: ToolUseBlockParam; isResolved: boolean; isError: boolean; isInProgress: boolean; progressMessages: ProgressMessage<ToolProgressData>[]; result?: { ...; }; }'.
    The types of 'param.input' are incompatible between these types.
      Type 'unknown' is not assignable to type 'Record<string, unknown>'.
        Index signature for type 'string' is missing in type '{}'.
src/components/messages/SystemAPIErrorMessage.tsx(31,21): error TS2365: Operator '>' cannot be applied to types 'unknown' and 'number'.
src/components/messages/SystemAPIErrorMessage.tsx(32,18): error TS2365: Operator '<' cannot be applied to types 'unknown' and 'number'.
src/components/messages/SystemAPIErrorMessage.tsx(36,7): error TS2365: Operator '>' cannot be applied to types 'unknown' and 'number'.
src/components/messages/SystemAPIErrorMessage.tsx(38,5): error TS2322: Type 'unknown' is not assignable to type 'number'.
src/components/messages/SystemAPIErrorMessage.tsx(41,16): error TS2365: Operator '>=' cannot be applied to types 'number' and 'unknown'.
src/components/messages/SystemAPIErrorMessage.tsx(52,54): error TS2362: The left-hand side of an arithmetic operation must be of type 'any', 'number', 'bigint' or an enum type.
src/components/messages/SystemAPIErrorMessage.tsx(53,36): error TS2345: Argument of type 'string' is not assignable to parameter of type 'APIError<number, Headers, Object>'.
src/components/messages/UserTextMessage.tsx(107,40): error TS2322: Type '{ addMargin: any; param: any; }' is not assignable to type 'IntrinsicAttributes'.
  Property 'addMargin' does not exist on type 'IntrinsicAttributes'.
src/components/messages/UserTextMessage.tsx(204,42): error TS2322: Type '{ addMargin: any; param: any; }' is not assignable to type 'IntrinsicAttributes'.
  Property 'addMargin' does not exist on type 'IntrinsicAttributes'.
src/components/messages/UserTextMessage.tsx(228,39): error TS2322: Type '{ addMargin: any; param: any; }' is not assignable to type 'IntrinsicAttributes'.
  Property 'addMargin' does not exist on type 'IntrinsicAttributes'.
src/components/messages/nullRenderingAttachments.ts(43,3): error TS2322: Type '"pen_mode_enter"' is not assignable to type '"agent_listing_delta" | "agent_mention" | "already_read_file" | "async_hook_response" | "auto_mode" | "auto_mode_exit" | "bagel_console" | "budget_usd" | "command_permissions" | ... 50 more ... | "verify_plan_reminder"'.
src/components/messages/nullRenderingAttachments.ts(44,3): error TS2820: Type '"pen_mode_exit"' is not assignable to type '"agent_listing_delta" | "agent_mention" | "already_read_file" | "async_hook_response" | "auto_mode" | "auto_mode_exit" | "bagel_console" | "budget_usd" | "command_permissions" | ... 50 more ... | "verify_plan_reminder"'. Did you mean '"plan_mode_exit"'?
src/components/messages/nullRenderingAttachments.ts(53,7): error TS2322: Type 'Set<"agent_mention" | "auto_mode" | "auto_mode_exit" | "budget_usd" | "command_permissions" | "compaction_reminder" | "companion_intro" | "context_efficiency" | "critical_system_reminder" | ... 24 more ... | "verify_plan_reminder">' is not assignable to type 'ReadonlySet<"agent_listing_delta" | "agent_mention" | "already_read_file" | "async_hook_response" | "auto_mode" | "auto_mode_exit" | "bagel_console" | "budget_usd" | "command_permissions" | ... 50 more ... | "verify_plan_reminder">'.
  Types of property 'forEach' are incompatible.
    Type '(callbackfn: (value: "agent_mention" | "auto_mode" | "auto_mode_exit" | "budget_usd" | "command_permissions" | "compaction_reminder" | "companion_intro" | "context_efficiency" | "critical_system_reminder" | ... 24 more ... | "verify_plan_reminder", value2: "agent_mention" | ... 32 more ... | "verify_plan_reminder", ...' is not assignable to type '(callbackfn: (value: "agent_listing_delta" | "agent_mention" | "already_read_file" | "async_hook_response" | "auto_mode" | "auto_mode_exit" | "bagel_console" | "budget_usd" | "command_permissions" | ... 50 more ... | "verify_plan_reminder", value2: "agent_listing_delta" | ... 58 more ... | "verify_plan_reminder", se...'.
      Types of parameters 'callbackfn' and 'callbackfn' are incompatible.
        Types of parameters 'value' and 'value' are incompatible.
          Type '"agent_mention" | "auto_mode" | "auto_mode_exit" | "budget_usd" | "command_permissions" | "compaction_reminder" | "companion_intro" | "context_efficiency" | "critical_system_reminder" | ... 24 more ... | "verify_plan_reminder"' is not assignable to type '"agent_listing_delta" | "agent_mention" | "already_read_file" | "async_hook_response" | "auto_mode" | "auto_mode_exit" | "bagel_console" | "budget_usd" | "command_permissions" | ... 50 more ... | "verify_plan_reminder"'.
            Type '"pen_mode_enter"' is not assignable to type '"agent_listing_delta" | "agent_mention" | "already_read_file" | "async_hook_response" | "auto_mode" | "auto_mode_exit" | "bagel_console" | "budget_usd" | "command_permissions" | ... 50 more ... | "verify_plan_reminder"'.
src/components/messages/teamMemSaved.ts(17,5): error TS2322: Type 'unknown' is not assignable to type 'number'.
src/components/permissions/AskUserQuestionPermissionRequest/AskUserQuestionPermissionRequest.tsx(186,22): error TS2345: Argument of type '{ id: number; type: string; content: any; mediaType: any; filename: any; dimensions: any; }' is not assignable to parameter of type 'PastedContent'.
  Types of property 'type' are incompatible.
    Type 'string' is not assignable to type '"image" | "text"'.
src/components/permissions/AskUserQuestionPermissionRequest/AskUserQuestionPermissionRequest.tsx(187,18): error TS2345: Argument of type '{ id: number; type: string; content: any; mediaType: any; filename: any; dimensions: any; }' is not assignable to parameter of type 'PastedContent'.
  Types of property 'type' are incompatible.
    Type 'string' is not assignable to type '"image" | "text"'.
src/components/permissions/ExitPlanModePermissionRequest/ExitPlanModePermissionRequest.tsx(43,133): error TS2307: Cannot find module '../../utils/permissions/autoModeState.js' or its corresponding type declarations.
src/components/permissions/ExitPlanModePermissionRequest/ExitPlanModePermissionRequest.tsx(154,59): error TS2345: Argument of type '{ [key: string]: unknown; input_tokens?: number; output_tokens?: number; output_tokens_details?: unknown; cache_creation_input_tokens?: number; cache_read_input_tokens?: number; cache_creation?: { ephemeral_1h_input_tokens?: number; ephemeral_5m_input_tokens?: number; }; service_tier?: string; }' is not assignable to parameter of type '{ input_tokens: number; cache_creation_input_tokens?: number; cache_read_input_tokens?: number; }'.
  Property 'input_tokens' is optional in type '{ [key: string]: unknown; input_tokens?: number; output_tokens?: number; output_tokens_details?: unknown; cache_creation_input_tokens?: number; cache_read_input_tokens?: number; cache_creation?: { ephemeral_1h_input_tokens?: number; ephemeral_5m_input_tokens?: number; }; service_tier?: string; }' but required in type '{ input_tokens: number; cache_creation_input_tokens?: number; cache_read_input_tokens?: number; }'.
src/components/permissions/ExitPlanModePermissionRequest/ExitPlanModePermissionRequest.tsx(167,7): error TS2739: Type 'ImageDimensions' is missing the following properties from type '{ width: number; height: number; }': width, height
src/components/permissions/FileWritePermissionRequest/FileWriteToolDiff.tsx(65,78): error TS2322: Type '{ key: any; patch: any; dim: boolean; filePath: any; firstLine: any; fileContent: any; width: number; }' is not assignable to type 'IntrinsicAttributes & object'.
  Property 'patch' does not exist on type 'IntrinsicAttributes & object'.
src/components/permissions/FileWritePermissionRequest/FileWriteToolDiff.tsx(65,219): error TS2322: Type '{ code: any; filePath: any; }' is not assignable to type 'IntrinsicAttributes & object'.
  Property 'code' does not exist on type 'IntrinsicAttributes & object'.
src/components/permissions/NotebookEditPermissionRequest/NotebookEditToolDiff.tsx(6,15): error TS2724: '"../../../types/notebook.js"' has no exported member named 'NotebookCellType'. Did you mean 'NotebookCell'?
src/components/permissions/NotebookEditPermissionRequest/NotebookEditToolDiff.tsx(87,26): error TS2339: Property 'cells' does not exist on type 'unknown'.
src/components/permissions/NotebookEditPermissionRequest/NotebookEditToolDiff.tsx(88,39): error TS2339: Property 'cells' does not exist on type 'unknown'.
src/components/permissions/NotebookEditPermissionRequest/NotebookEditToolDiff.tsx(111,35): error TS2339: Property 'cells' does not exist on type 'unknown'.
src/components/permissions/NotebookEditPermissionRequest/NotebookEditToolDiff.tsx(209,96): error TS2322: Type '{ code: any; filePath: any; }' is not assignable to type 'IntrinsicAttributes & object'.
  Property 'code' does not exist on type 'IntrinsicAttributes & object'.
src/components/permissions/NotebookEditPermissionRequest/NotebookEditToolDiff.tsx(209,235): error TS2322: Type '{ code: any; filePath: any; }' is not assignable to type 'IntrinsicAttributes & object'.
  Property 'code' does not exist on type 'IntrinsicAttributes & object'.
src/components/permissions/NotebookEditPermissionRequest/NotebookEditToolDiff.tsx(209,396): error TS2322: Type '{ key: any; patch: any; dim: boolean; width: any; filePath: any; firstLine: any; fileContent: any; }' is not assignable to type 'IntrinsicAttributes & object'.
  Property 'patch' does not exist on type 'IntrinsicAttributes & object'.
src/components/permissions/NotebookEditPermissionRequest/NotebookEditToolDiff.tsx(209,559): error TS2322: Type '{ code: any; filePath: any; }' is not assignable to type 'IntrinsicAttributes & object'.
  Property 'code' does not exist on type 'IntrinsicAttributes & object'.
src/components/permissions/PermissionDecisionDebugInfo.tsx(63,23): error TS2488: Type 'unknown' must have a '[Symbol.iterator]()' method that returns an iterator.
src/components/permissions/SedEditPermissionRequest/SedEditPermissionRequest.tsx(103,5): error TS2339: Property 'oldContent' does not exist on type '{}'.
src/components/permissions/SedEditPermissionRequest/SedEditPermissionRequest.tsx(104,5): error TS2339: Property 'fileExists' does not exist on type '{}'.
src/components/permissions/rules/PermissionRuleList.tsx(799,72): error TS2538: Type 'unknown' cannot be used as an index type.
src/components/permissions/rules/PermissionRuleList.tsx(849,40): error TS2339: Property 'ruleBehavior' does not exist on type 'never'.
src/components/permissions/rules/PermissionRuleList.tsx(874,64): error TS2339: Property 'ruleBehavior' does not exist on type 'never'.
src/components/permissions/rules/PermissionRuleList.tsx(874,137): error TS2339: Property 'ruleValue' does not exist on type 'never'.
src/components/permissions/rules/PermissionRuleList.tsx(961,77): error TS2345: Argument of type '{ type: "addDirectories"; directories: any[]; destination: string; }' is not assignable to parameter of type 'PermissionUpdate'.
  Type '{ type: "addDirectories"; directories: any[]; destination: string; }' is not assignable to type '{ type: "addDirectories"; destination: PermissionUpdateDestination; directories: string[]; }'.
    Types of property 'destination' are incompatible.
      Type 'string' is not assignable to type 'PermissionUpdateDestination'.
src/components/permissions/rules/PermissionRuleList.tsx(967,35): error TS2345: Argument of type '{ type: "addDirectories"; directories: any[]; destination: string; }' is not assignable to parameter of type 'PermissionUpdate'.
  Type '{ type: "addDirectories"; directories: any[]; destination: string; }' is not assignable to type '{ type: "addDirectories"; destination: PermissionUpdateDestination; directories: string[]; }'.
    Types of property 'destination' are incompatible.
      Type 'string' is not assignable to type 'PermissionUpdateDestination'.
src/components/skills/SkillsMenu.tsx(85,13): error TS2339: Property 'sort' does not exist on type 'unknown'.
src/components/tasks/ShellDetailDialog.tsx(311,5): error TS2339: Property 'content' does not exist on type '{}'.
src/components/tasks/ShellDetailDialog.tsx(312,5): error TS2339: Property 'bytesTotal' does not exist on type '{}'.
src/components/wizard/WizardProvider.tsx(8,44): error TS2315: Type 'WizardContextValue' is not generic.
src/components/wizard/WizardProvider.tsx(22,35): error TS2304: Cannot find name 'T'.
src/components/wizard/useWizard.ts(7,6): error TS2315: Type 'WizardContextValue' is not generic.
src/components/wizard/useWizard.ts(8,48): error TS2315: Type 'WizardContextValue' is not generic.
src/context-mode/adapters/opencode/plugin.ts(436,9): error TS2322: Type 'ZodObject<{ [x: string]: unknown; }, $strip>' is not assignable to type 'Record<string, unknown>'.
  Index signature for type 'string' is missing in type 'ZodObject<{ [x: string]: unknown; }, $strip>'.
src/context-mode/server.ts(4234,9): error TS2322: Type 'Database' is not assignable to type 'never'.
src/context-mode/server.ts(4235,16): error TS2339: Property 'exec' does not exist on type 'never'.
src/context-mode/server.ts(4236,16): error TS2339: Property 'exec' does not exist on type 'never'.
src/context-mode/server.ts(4237,28): error TS2339: Property 'prepare' does not exist on type 'never'.
src/context-mode/server.ts(4246,24): error TS2339: Property 'close' does not exist on type 'never'.
src/context-mode/server.ts(4855,51): error TS2339: Property 'reason' does not exist on type 'BrowserOpenResult'.
  Property 'reason' does not exist on type '{ ok: true; method: string; }'.
src/context-mode/session/pricing.ts(63,15): error TS2352: Conversion of type '{ models: {}; }' to type 'Record<string, RawRow>' may be a mistake because neither type sufficiently overlaps with the other. If this was intentional, convert the expression to 'unknown' first.
  Property '"models"' is incompatible with index signature.
    Type '{}' is missing the following properties from type 'RawRow': input_per_mtok, output_per_mtok, cache_read_per_mtok, cache_write_per_mtok
src/core/WorkerPool.ts(81,25): error TS2339: Property 'waitForMemory' does not exist on type 'MemoryManager'.
src/core/WorkerPool.ts(94,48): error TS2339: Property 'isDead' does not exist on type 'Worker'.
src/core/WorkerPool.ts(117,15): error TS2339: Property 'tryGC' does not exist on type 'MemoryManager'.
src/core/WorkerPool.ts(132,29): error TS2339: Property 'getStatus' does not exist on type 'MemoryManager'.
src/dev/installRuntimeGlobals.ts(82,12): error TS2339: Property 'MACRO' does not exist on type 'typeof globalThis'.
src/dev/installRuntimeGlobals.ts(84,25): error TS2339: Property 'MACRO' does not exist on type 'typeof globalThis'.
src/dev/installRuntimeGlobals.ts(84,65): error TS2339: Property 'MACRO' does not exist on type 'typeof globalThis'.
src/dialogLaunchers.tsx(10,15): error TS2724: '"./assistant/sessionDiscovery.js"' has no exported member named 'AssistantSession'. Did you mean 'getAssistantSession'?
src/dialogLaunchers.tsx(64,132): error TS2322: Type '{ sessions: AssistantSession[]; onSelect: (id: string) => void; onCancel: () => void; }' is not assignable to type 'IntrinsicAttributes & { sessions: AssistantSession[]; onSelect: (sessionId: string) => void; onClose: () => void; title?: string; }'.
  Property 'onCancel' does not exist on type 'IntrinsicAttributes & { sessions: AssistantSession[]; onSelect: (sessionId: string) => void; onClose: () => void; title?: string; }'.
src/engine/autoCompactor.ts(319,50): error TS2339: Property 'map' does not exist on type 'Set<string>'.
src/engine/autoCompactor.ts(321,3): error TS2322: Type '{ role: InternalRole; toolUseId?: string; content: unknown; }[]' is not assignable to type 'InternalMessage[]'.
  Type '{ role: InternalRole; toolUseId?: string; content: unknown; }' is not assignable to type 'InternalMessage'.
    Types of property 'content' are incompatible.
      Type 'unknown' is not assignable to type 'InternalContent'.
src/engine/codeExplainer.ts(113,65): error TS2353: Object literal may only specify known properties, and 'mtimeMs' does not exist in type 'GraphSourceFile'.
src/engine/codeExplainer.ts(124,14): error TS2339: Property 'type' does not exist on type 'GraphEdge'.
src/engine/codeExplainer.ts(128,14): error TS2339: Property 'type' does not exist on type 'GraphEdge'.
src/engine/codeExplainer.ts(132,14): error TS2339: Property 'type' does not exist on type 'GraphEdge'.
src/engine/codeExplainer.ts(136,14): error TS2339: Property 'type' does not exist on type 'GraphEdge'.
src/engine/flow/factory.ts(24,9): error TS2322: Type 'PlanningFlow' is not assignable to type 'BaseFlow'.
  Types of property 'execute' are incompatible.
    Type '(input: string, executorFn: (step: PlanStep, agentKey?: string) => Promise<string>) => Promise<FlowResult>' is not assignable to type '(input: string) => Promise<FlowResult>'.
      Target signature provides too few arguments. Expected 2 or more, but got 1.
src/engine/flow/planning.ts(107,9): error TS2416: Property 'execute' in type 'PlanningFlow' is not assignable to the same property in base type 'BaseFlow'.
  Type '(input: string, executorFn: (step: PlanStep, agentKey?: string) => Promise<string>) => Promise<FlowResult>' is not assignable to type '(input: string) => Promise<FlowResult>'.
    Target signature provides too few arguments. Expected 2 or more, but got 1.
src/engine/index.ts(242,14): error TS1308: 'await' expressions are only allowed within async functions and at the top levels of modules.
src/engine/index.ts(344,15): error TS2740: Type 'Record<string, unknown>' is missing the following properties from type 'ToolUseContext': options, abortController, readFileState, getAppState, and 6 more.
src/engine/index.ts(373,9): error TS2353: Object literal may only specify known properties, and 'type' does not exist in type 'QueryResult'.
src/engine/orchestrator/orchestrator.ts(236,13): error TS2322: Type '"discuss"' is not assignable to type 'WorkflowStage'.
src/engine/orchestrator/orchestrator.ts(272,13): error TS2322: Type '"discuss"' is not assignable to type 'WorkflowStage'.
src/engine/orchestrator/orchestrator.ts(284,13): error TS2322: Type '"discuss"' is not assignable to type 'WorkflowStage'.
src/engine/orchestrator/teamRunner.ts(58,29): error TS1361: 'Orchestrator' cannot be used as a value because it was imported using 'import type'.
src/engine/streaming/streamProcessor.ts(206,57): error TS2339: Property 'thinking' does not exist on type '{ type: string; text?: string; partial_json?: string; }'.
src/engine/streaming/streamProcessor.ts(227,90): error TS2339: Property 'thinking' does not exist on type '{ type: string; text?: string; id?: string; inputDelta?: string; index?: number; }'.
src/entrypoints/cli.tsx(14,24): error TS2339: Property 'projects' does not exist on type 'unknown'.
src/entrypoints/cli.tsx(17,45): error TS2339: Property 'projects' does not exist on type 'unknown'.
src/entrypoints/cli.tsx(22,29): error TS2339: Property 'projects' does not exist on type 'unknown'.
src/entrypoints/cli.tsx(23,36): error TS2339: Property 'projects' does not exist on type 'unknown'.
src/entrypoints/mcp.ts(146,50): error TS2339: Property 'message' does not exist on type 'ValidationResult'.
  Property 'message' does not exist on type '{ result: true; }'.
src/entrypoints/sdk/coreTypes.generated.ts(100,3): error TS2724: '"./coreSchemas.js"' has no exported member named 'SDKUserMessageContentSchema'. Did you mean 'SDKUserMessageSchema'?
src/feature-repository.ts(11,3): error TS2305: Module '"."' has no exported member 'GrowthBook'.
src/feature-repository.ts(12,3): error TS2305: Module '"."' has no exported member 'InitOptions'.
src/feature-repository.ts(13,3): error TS2305: Module '"."' has no exported member 'InitSyncOptions'.
src/feature-repository.ts(14,3): error TS2305: Module '"."' has no exported member 'GrowthBookClient'.
src/features/emojiAutocomplete.ts(213,3): error TS1117: An object literal cannot have multiple properties with the same name.
src/features/emojiAutocomplete.ts(228,3): error TS1117: An object literal cannot have multiple properties with the same name.
src/features/emojiAutocomplete.ts(234,3): error TS1117: An object literal cannot have multiple properties with the same name.
src/generated/macro.ts(4,12): error TS2339: Property 'MACRO' does not exist on type 'typeof globalThis'.
src/hooks/notifs/useCanSwitchToExistingSubscription.tsx(14,26): error TS2345: Argument of type '() => Promise<{ key: string; jsx: Element; priority: string; }>' is not assignable to parameter of type '() => Promise<Result> | Result'.
  Type 'Promise<{ key: string; jsx: Element; priority: string; }>' is not assignable to type 'Promise<Result> | Result'.
    Type 'Promise<{ key: string; jsx: Element; priority: string; }>' is not assignable to type 'Promise<Result>'.
      Type '{ key: string; jsx: React.JSX.Element; priority: string; }' is not assignable to type 'Result'.
        Type '{ key: string; jsx: React.JSX.Element; priority: string; }' is not assignable to type 'JSXNotification'.
          Type '{ key: string; jsx: React.JSX.Element; priority: string; }' is not assignable to type 'BaseNotification'.
            Types of property 'priority' are incompatible.
              Type 'string' is not assignable to type 'Priority'.
src/hooks/notifs/useCanSwitchToExistingSubscription.tsx(52,23): error TS2339: Property 'has_claude_max' does not exist on type 'unknown'.
src/hooks/notifs/useCanSwitchToExistingSubscription.tsx(55,23): error TS2339: Property 'has_claude_pro' does not exist on type 'unknown'.
src/hooks/notifs/useInstallMessages.tsx(4,26): error TS2345: Argument of type '() => Promise<{ key: string; text: any; priority: string; color: string; }[]>' is not assignable to parameter of type '() => Promise<Result> | Result'.
  Type 'Promise<{ key: string; text: any; priority: string; color: string; }[]>' is not assignable to type 'Promise<Result> | Result'.
    Type 'Promise<{ key: string; text: any; priority: string; color: string; }[]>' is not assignable to type 'Promise<Result>'.
      Type '{ key: string; text: any; priority: string; color: string; }[]' is not assignable to type 'Result'.
        Type '{ key: string; text: any; priority: string; color: string; }[]' is not assignable to type 'Notification[]'.
          Type '{ key: string; text: any; priority: string; color: string; }' is not assignable to type 'Notification'.
            Type '{ key: string; text: any; priority: string; color: string; }' is not assignable to type 'TextNotification'.
              Type '{ key: string; text: any; priority: string; color: string; }' is not assignable to type 'BaseNotification'.
                Types of property 'priority' are incompatible.
                  Type 'string' is not assignable to type 'Priority'.
src/hooks/notifs/useNpmDeprecationNotification.tsx(8,26): error TS2345: Argument of type '() => Promise<{ timeoutMs: number; key: string; text: string; color: string; priority: string; }>' is not assignable to parameter of type '() => Promise<Result> | Result'.
  Type 'Promise<{ timeoutMs: number; key: string; text: string; color: string; priority: string; }>' is not assignable to type 'Promise<Result> | Result'.
    Type 'Promise<{ timeoutMs: number; key: string; text: string; color: string; priority: string; }>' is not assignable to type 'Promise<Result>'.
      Type '{ timeoutMs: number; key: string; text: string; color: string; priority: string; }' is not assignable to type 'Result'.
        Type '{ timeoutMs: number; key: string; text: string; color: string; priority: string; }' is not assignable to type 'TextNotification'.
          Type '{ timeoutMs: number; key: string; text: string; color: string; priority: string; }' is not assignable to type 'BaseNotification'.
            Types of property 'priority' are incompatible.
              Type 'string' is not assignable to type 'Priority'.
src/hooks/useArrowKeyHistory.tsx(137,32): error TS2345: Argument of type '{ display: string; pastedContents: Record<number, PastedContent>; mode: PromptInputMode; }' is not assignable to parameter of type 'SetStateAction<HistoryEntry & { mode?: PromptInputMode; }>'.
  Type '{ display: string; pastedContents: Record<number, PastedContent>; mode: PromptInputMode; }' is not assignable to type 'HistoryEntry & { mode?: PromptInputMode; }'.
    Type '{ display: string; pastedContents: Record<number, PastedContent>; mode: PromptInputMode; }' is missing the following properties from type 'HistoryEntry': timestamp, project, sessionId
src/hooks/useCanUseTool.tsx(130,35): error TS2339: Property 'command' does not exist on type 'void | { command?: string; }'.
  Property 'command' does not exist on type 'void'.
src/hooks/useCanUseTool.tsx(137,34): error TS2339: Property 'type' does not exist on type 'unknown'.
src/hooks/useCanUseTool.tsx(137,66): error TS2339: Property 'result' does not exist on type 'unknown'.
src/hooks/useCanUseTool.tsx(137,95): error TS2339: Property 'result' does not exist on type 'unknown'.
src/hooks/useCanUseTool.tsx(139,52): error TS2339: Property 'result' does not exist on type 'unknown'.
src/hooks/useCanUseTool.tsx(153,72): error TS2339: Property 'result' does not exist on type 'unknown'.
src/hooks/useChromeExtensionNotification.tsx(17,26): error TS2345: Argument of type '() => Promise<{ key: string; jsx: Element; priority: string; timeoutMs: number; text?: undefined; } | { jsx?: undefined; timeoutMs?: undefined; key: string; text: string; priority: string; }>' is not assignable to parameter of type '() => Promise<Result> | Result'.
  Type 'Promise<{ key: string; jsx: Element; priority: string; timeoutMs: number; text?: undefined; } | { jsx?: undefined; timeoutMs?: undefined; key: string; text: string; priority: string; }>' is not assignable to type 'Promise<Result> | Result'.
    Type 'Promise<{ key: string; jsx: Element; priority: string; timeoutMs: number; text?: undefined; } | { jsx?: undefined; timeoutMs?: undefined; key: string; text: string; priority: string; }>' is not assignable to type 'Promise<Result>'.
      Type '{ key: string; jsx: Element; priority: string; timeoutMs: number; text?: undefined; } | { jsx?: undefined; timeoutMs?: undefined; key: string; text: string; priority: string; }' is not assignable to type 'Result'.
        Type '{ key: string; jsx: React.JSX.Element; priority: string; timeoutMs: number; text?: undefined; }' is not assignable to type 'Result'.
          Type '{ key: string; jsx: React.JSX.Element; priority: string; timeoutMs: number; text?: undefined; }' is not assignable to type 'TextNotification'.
            Type '{ key: string; jsx: React.JSX.Element; priority: string; timeoutMs: number; text?: undefined; }' is not assignable to type 'BaseNotification'.
              Types of property 'priority' are incompatible.
                Type 'string' is not assignable to type 'Priority'.
src/hooks/useClaudeCodeHintRecommendation.tsx(93,40): error TS2339: Property 'error' does not exist on type 'InstallPluginResult'.
  Property 'error' does not exist on type '{ success: true; message: string; }'.
src/hooks/useGlobalKeybindings.tsx(257,33): error TS2345: Argument of type '() => true' is not assignable to parameter of type '() => void | false | Promise<void>'.
  Type 'true' is not assignable to type 'void | false | Promise<void>'.
src/hooks/useHistorySearch.ts(213,23): error TS2739: Type '{ display: string; pastedContents: Record<number, PastedContent>; }' is missing the following properties from type 'HistoryEntry': timestamp, project, sessionId
src/hooks/useHistorySearch.ts(221,23): error TS2739: Type '{ display: string; pastedContents: Record<number, PastedContent>; }' is missing the following properties from type 'HistoryEntry': timestamp, project, sessionId
src/hooks/useInputBuffer.ts(161,5): error TS2353: Object literal may only specify known properties, and 'jumpToIndex' does not exist in type 'UseInputBufferResult'.
src/hooks/useReplBridge.tsx(103,13): error TS2353: Object literal may only specify known properties, and 'outboundOnly' does not exist in type 'LocalBridgeOptions'.
src/hooks/useReplBridge.tsx(194,25): error TS2322: Type '{ type: 'user'; message: { role: 'user'; content: Record<string, unknown>[]; }; session_id: string; parent_tool_use_id: any; uuid: `${string}-${string}-${string}-${string}-${string}`; }' is not assignable to type 'string | ContentBlockParam[]'.
src/hooks/useReplBridge.tsx(300,57): error TS2345: Argument of type 'unknown' is not assignable to parameter of type 'string'.
src/hooks/useReplBridge.tsx(302,44): error TS2345: Argument of type 'unknown' is not assignable to parameter of type 'string'.
src/hooks/useSSHSession.ts(72,29): error TS2349: This expression is not callable.
  Type '{}' has no call signatures.
src/hooks/useSSHSession.ts(184,32): error TS2349: This expression is not callable.
  Type '{}' has no call signatures.
src/hooks/useSSHSession.ts(186,39): error TS2339: Property 'exitCode' does not exist on type 'unknown'.
src/hooks/useSSHSession.ts(196,80): error TS2339: Property 'signalCode' does not exist on type 'unknown'.
src/hooks/useSSHSession.ts(211,21): error TS2339: Property 'stop' does not exist on type 'unknown'.
src/hooks/useSSHSession.ts(221,16): error TS2339: Property 'sendMessage' does not exist on type 'SSHSessionManager'.
src/hooks/useSSHSession.ts(227,25): error TS2339: Property 'sendInterrupt' does not exist on type 'SSHSessionManager'.
src/hooks/useSSHSession.ts(232,25): error TS2339: Property 'disconnect' does not exist on type 'SSHSessionManager'.
src/hooks/useVoiceIntegration.tsx(264,95): error TS2339: Property 'length' does not exist on type 'unknown'.
src/hooks/useVoiceIntegration.tsx(273,86): error TS2339: Property 'length' does not exist on type 'unknown'.
src/hooks/useVoiceIntegration.tsx(331,32): error TS2339: Property 'length' does not exist on type 'unknown'.
src/hooks/useVoiceIntegration.tsx(333,97): error TS2339: Property 'length' does not exist on type 'unknown'.
src/hooks/useVoiceIntegration.tsx(335,48): error TS2339: Property 'length' does not exist on type 'unknown'.
src/ink/Ansi.tsx(35,5): error TS2339: Property 'children' does not exist on type '{}'.
src/ink/Ansi.tsx(36,5): error TS2339: Property 'dimColor' does not exist on type '{}'.
src/ink/components/Box.tsx(192,10): error TS2339: Property 'ink-box' does not exist on type 'JSX.IntrinsicElements'.
src/ink/components/Box.tsx(192,320): error TS2339: Property 'ink-box' does not exist on type 'JSX.IntrinsicElements'.
src/ink/components/Link.tsx(22,18): error TS2339: Property 'ink-link' does not exist on type 'JSX.IntrinsicElements'.
src/ink/components/Link.tsx(22,48): error TS2339: Property 'ink-link' does not exist on type 'JSX.IntrinsicElements'.
src/ink/components/Newline.tsx(31,10): error TS2339: Property 'ink-text' does not exist on type 'JSX.IntrinsicElements'.
src/ink/components/Newline.tsx(31,24): error TS2339: Property 'ink-text' does not exist on type 'JSX.IntrinsicElements'.
src/ink/components/RawAnsi.tsx(47,10): error TS2339: Property 'ink-raw-ansi' does not exist on type 'JSX.IntrinsicElements'.
src/ink/components/ScrollBox.tsx(217,10): error TS2339: Property 'ink-box' does not exist on type 'JSX.IntrinsicElements'.
src/ink/components/ScrollBox.tsx(234,5): error TS2339: Property 'ink-box' does not exist on type 'JSX.IntrinsicElements'.
src/ink/components/Text.tsx(244,11): error TS2339: Property 'ink-text' does not exist on type 'JSX.IntrinsicElements'.
src/ink/components/Text.tsx(244,67): error TS2339: Property 'ink-text' does not exist on type 'JSX.IntrinsicElements'.
src/ink/devtools.ts(62,3): error TS2322: Type '(gb: GrowthBook | UserScopedGrowthBook | GrowthBookClient) => void' is not assignable to type 'Plugin'.
  Types of parameters 'gb' and 'gb' are incompatible.
    Type 'import("D:/doge-code/node_modules/@growthbook/growthbook/dist/GrowthBook").GrowthBook<Record<string, any>> | import("D:/doge-code/node_modules/@growthbook/growthbook/dist/GrowthBookClient").GrowthBookClient<Record<string, any>> | import("D:/doge-code/node_modules/@growthbook/growthbook/dist/GrowthBookClient").UserSc...' is not assignable to type 'import("D:/doge-code/src/GrowthBook").GrowthBook<Record<string, any>> | import("D:/doge-code/src/GrowthBookClient").GrowthBookClient<Record<string, any>> | import("D:/doge-code/src/GrowthBookClient").UserScopedGrowthBook<...>'.
      Type 'GrowthBook<Record<string, any>>' is not assignable to type 'GrowthBook<Record<string, any>> | GrowthBookClient<Record<string, any>> | UserScopedGrowthBook<Record<string, any>>'.
        Type 'import("D:/doge-code/node_modules/@growthbook/growthbook/dist/GrowthBook").GrowthBook<Record<string, any>>' is not assignable to type 'import("D:/doge-code/src/GrowthBook").GrowthBook<Record<string, any>>'.
          Types have separate declarations of a private property 'context'.
src/ink/devtools.ts(108,3): error TS2322: Type '(gb: GrowthBook | UserScopedGrowthBook | GrowthBookClient) => void' is not assignable to type 'Plugin'.
  Types of parameters 'gb' and 'gb' are incompatible.
    Type 'import("D:/doge-code/node_modules/@growthbook/growthbook/dist/GrowthBook").GrowthBook<Record<string, any>> | import("D:/doge-code/node_modules/@growthbook/growthbook/dist/GrowthBookClient").GrowthBookClient<Record<string, any>> | import("D:/doge-code/node_modules/@growthbook/growthbook/dist/GrowthBookClient").UserSc...' is not assignable to type 'import("D:/doge-code/src/GrowthBook").GrowthBook<Record<string, any>> | import("D:/doge-code/src/GrowthBookClient").GrowthBookClient<Record<string, any>> | import("D:/doge-code/src/GrowthBookClient").UserScopedGrowthBook<...>'.
      Type 'GrowthBook<Record<string, any>>' is not assignable to type 'GrowthBook<Record<string, any>> | GrowthBookClient<Record<string, any>> | UserScopedGrowthBook<Record<string, any>>'.
        Type 'import("D:/doge-code/node_modules/@growthbook/growthbook/dist/GrowthBook").GrowthBook<Record<string, any>>' is not assignable to type 'import("D:/doge-code/src/GrowthBook").GrowthBook<Record<string, any>>'.
          Types have separate declarations of a private property 'context'.
src/ink/devtools.ts(127,27): error TS2345: Argument of type 'import("D:/doge-code/src/GrowthBook").GrowthBook<Record<string, any>> | import("D:/doge-code/src/GrowthBookClient").GrowthBookClient<Record<string, any>> | import("D:/doge-code/src/GrowthBookClient").UserScopedGrowthBook<...>' is not assignable to parameter of type 'import("D:/doge-code/node_modules/@growthbook/growthbook/dist/GrowthBook").GrowthBook<Record<string, any>> | import("D:/doge-code/node_modules/@growthbook/growthbook/dist/GrowthBookClient").GrowthBookClient<Record<string, any>> | import("D:/doge-code/node_modules/@growthbook/growthbook/dist/GrowthBookClient").UserSc...'.
  Type 'GrowthBook<Record<string, any>>' is not assignable to type 'GrowthBook<Record<string, any>> | GrowthBookClient<Record<string, any>> | UserScopedGrowthBook<Record<string, any>>'.
    Type 'import("D:/doge-code/src/GrowthBook").GrowthBook<Record<string, any>>' is missing the following properties from type 'import("D:/doge-code/node_modules/@growthbook/growthbook/dist/GrowthBook").GrowthBook<Record<string, any>>': _featureUsageSubs, _customEventSubs, _subscribeFeatureUsage, _subscribeCustomEvents
src/ink/devtools.ts(139,3): error TS2322: Type '(gb: GrowthBook | UserScopedGrowthBook | GrowthBookClient) => void' is not assignable to type 'Plugin'.
  Types of parameters 'gb' and 'gb' are incompatible.
    Type 'import("D:/doge-code/node_modules/@growthbook/growthbook/dist/GrowthBook").GrowthBook<Record<string, any>> | import("D:/doge-code/node_modules/@growthbook/growthbook/dist/GrowthBookClient").GrowthBookClient<Record<string, any>> | import("D:/doge-code/node_modules/@growthbook/growthbook/dist/GrowthBookClient").UserSc...' is not assignable to type 'import("D:/doge-code/src/GrowthBook").GrowthBook<Record<string, any>> | import("D:/doge-code/src/GrowthBookClient").GrowthBookClient<Record<string, any>> | import("D:/doge-code/src/GrowthBookClient").UserScopedGrowthBook<...>'.
      Type 'GrowthBook<Record<string, any>>' is not assignable to type 'GrowthBook<Record<string, any>> | GrowthBookClient<Record<string, any>> | UserScopedGrowthBook<Record<string, any>>'.
        Type 'import("D:/doge-code/node_modules/@growthbook/growthbook/dist/GrowthBook").GrowthBook<Record<string, any>>' is not assignable to type 'import("D:/doge-code/src/GrowthBook").GrowthBook<Record<string, any>>'.
          Types have separate declarations of a private property 'context'.
src/ink/devtools.ts(160,27): error TS2345: Argument of type 'import("D:/doge-code/src/GrowthBook").GrowthBook<Record<string, any>> | import("D:/doge-code/src/GrowthBookClient").GrowthBookClient<Record<string, any>> | import("D:/doge-code/src/GrowthBookClient").UserScopedGrowthBook<...>' is not assignable to parameter of type 'import("D:/doge-code/node_modules/@growthbook/growthbook/dist/GrowthBook").GrowthBook<Record<string, any>> | import("D:/doge-code/node_modules/@growthbook/growthbook/dist/GrowthBookClient").GrowthBookClient<Record<string, any>> | import("D:/doge-code/node_modules/@growthbook/growthbook/dist/GrowthBookClient").UserSc...'.
  Type 'GrowthBook<Record<string, any>>' is not assignable to type 'GrowthBook<Record<string, any>> | GrowthBookClient<Record<string, any>> | UserScopedGrowthBook<Record<string, any>>'.
    Type 'import("D:/doge-code/src/GrowthBook").GrowthBook<Record<string, any>>' is missing the following properties from type 'import("D:/doge-code/node_modules/@growthbook/growthbook/dist/GrowthBook").GrowthBook<Record<string, any>>': _featureUsageSubs, _customEventSubs, _subscribeFeatureUsage, _subscribeCustomEvents
src/interactiveHelpers.tsx(113,5): error TS2739: Type '{ hasTrustDialogAccepted: true; }' is missing the following properties from type 'ProjectConfig': allowedTools, mcpContextUris, projectOnboardingSeenCount
src/main.tsx(250,62): error TS2349: This expression is not callable.
  Type '{}' has no call signatures.
src/main.tsx(1430,9): error TS2322: Type '{ [x: string]: unknown; }' is not assignable to type 'Record<string, ScopedMcpServerConfig>'.
  'string' index signatures are incompatible.
    Type 'unknown' is not assignable to type 'ScopedMcpServerConfig'.
src/main.tsx(2118,49): error TS2339: Property 'message' does not exist on type 'OrgValidationResult'.
  Property 'message' does not exist on type '{ valid: true; }'.
src/main.tsx(2366,44): error TS2339: Property 'message' does not exist on type 'OrgValidationResult'.
  Property 'message' does not exist on type '{ valid: true; }'.
src/main.tsx(2750,7): error TS2322: Type '{ teamId: string; teamName: string; } | { teamName: string; teamFilePath: string; leadAgentId: string; selfAgentId?: string; selfAgentName?: string; isLeader?: boolean; selfAgentColor?: string; teammates: { ...; }; }' is not assignable to type '{ teamName: string; teamFilePath: string; leadAgentId: string; selfAgentId?: string; selfAgentName?: string; isLeader?: boolean; selfAgentColor?: string; teammates: { [teammateId: string]: { name: string; agentType?: string; ... 5 more ...; spawnedAt: number; }; }; }'.
  Type '{ teamId: string; teamName: string; }' is missing the following properties from type '{ teamName: string; teamFilePath: string; leadAgentId: string; selfAgentId?: string; selfAgentName?: string; isLeader?: boolean; selfAgentColor?: string; teammates: { [teammateId: string]: { name: string; agentType?: string; ... 5 more ...; spawnedAt: number; }; }; }': teamFilePath, leadAgentId, teammates
src/main.tsx(2911,2): error TS2339: Property 'createLocalSSHSession' does not exist on type 'typeof import("D:/doge-code/src/ssh/createSSHSession")'.
src/main.tsx(2912,2): error TS2339: Property 'SSHSessionError' does not exist on type 'typeof import("D:/doge-code/src/ssh/createSSHSession")'.
src/main.tsx(2930,40): error TS2554: Expected 0 arguments, but got 2.
src/main.tsx(3725,4): error TS2322: Type 'number' is not assignable to type 'string'.
src/main.tsx(3760,217): error TS2345: Argument of type '(ccUrl: string, opts: { print?: string | boolean; outputFormat: string; }) => Promise<void>' is not assignable to parameter of type '(this: Command<[string], { ...; }, {}>, args_0: string, args_1: { outputFormat?: string; print?: string | true; }, args_2: Command<[string], { outputFormat?: string; print?: string | true; }, {}>) => void | Promise<...>'.
  Types of parameters 'opts' and 'args_1' are incompatible.
    Type '{ outputFormat?: string; print?: string | true; }' is not assignable to type '{ print?: string | boolean; outputFormat: string; }'.
      Property 'outputFormat' is optional in type '{ outputFormat?: string; print?: string | true; }' but required in type '{ print?: string | boolean; outputFormat: string; }'.
src/memdir/findRelevantMemories.ts(101,13): error TS2339: Property 'logMemoryRecallShape' does not exist on type 'typeof import("D:/doge-code/src/memdir/memoryShapeTelemetry")'.
src/memdir/memdir.ts(233,23): error TS2448: Block-scoped variable 'whenToAccessConcise' used before its declaration.
src/memdir/memdir.ts(234,23): error TS2448: Block-scoped variable 'trustingRecallConcise' used before its declaration.
src/outputStyles/loadOutputStylesDir.ts(96,30): error TS2339: Property 'cache' does not exist on type '(subdir: any, cwd: string) => Promise<MarkdownFile[]>'.
src/plugins/builtinPlugins.ts(152,5): error TS2322: Type '(args: string, context: ToolUseContext) => ContentBlockParam[] | Promise<ContentBlockParam[]>' is not assignable to type '(args: string, context: ToolUseContext) => Promise<ContentBlockParam[]>'.
  Type 'ContentBlockParam[] | Promise<ContentBlockParam[]>' is not assignable to type 'Promise<ContentBlockParam[]>'.
    Type 'ContentBlockParam[]' is missing the following properties from type 'Promise<ContentBlockParam[]>': then, catch, [Symbol.toStringTag], finally
src/plugins/devtools.ts(62,3): error TS2322: Type '(gb: GrowthBook | UserScopedGrowthBook | GrowthBookClient) => void' is not assignable to type 'Plugin'.
  Types of parameters 'gb' and 'gb' are incompatible.
    Type 'import("D:/doge-code/node_modules/@growthbook/growthbook/dist/GrowthBook").GrowthBook<Record<string, any>> | import("D:/doge-code/node_modules/@growthbook/growthbook/dist/GrowthBookClient").GrowthBookClient<Record<string, any>> | import("D:/doge-code/node_modules/@growthbook/growthbook/dist/GrowthBookClient").UserSc...' is not assignable to type 'import("D:/doge-code/src/GrowthBook").GrowthBook<Record<string, any>> | import("D:/doge-code/src/GrowthBookClient").GrowthBookClient<Record<string, any>> | import("D:/doge-code/src/GrowthBookClient").UserScopedGrowthBook<...>'.
      Type 'GrowthBook<Record<string, any>>' is not assignable to type 'GrowthBook<Record<string, any>> | GrowthBookClient<Record<string, any>> | UserScopedGrowthBook<Record<string, any>>'.
        Type 'import("D:/doge-code/node_modules/@growthbook/growthbook/dist/GrowthBook").GrowthBook<Record<string, any>>' is not assignable to type 'import("D:/doge-code/src/GrowthBook").GrowthBook<Record<string, any>>'.
          Types have separate declarations of a private property 'context'.
src/plugins/devtools.ts(108,3): error TS2322: Type '(gb: GrowthBook | UserScopedGrowthBook | GrowthBookClient) => void' is not assignable to type 'Plugin'.
  Types of parameters 'gb' and 'gb' are incompatible.
    Type 'import("D:/doge-code/node_modules/@growthbook/growthbook/dist/GrowthBook").GrowthBook<Record<string, any>> | import("D:/doge-code/node_modules/@growthbook/growthbook/dist/GrowthBookClient").GrowthBookClient<Record<string, any>> | import("D:/doge-code/node_modules/@growthbook/growthbook/dist/GrowthBookClient").UserSc...' is not assignable to type 'import("D:/doge-code/src/GrowthBook").GrowthBook<Record<string, any>> | import("D:/doge-code/src/GrowthBookClient").GrowthBookClient<Record<string, any>> | import("D:/doge-code/src/GrowthBookClient").UserScopedGrowthBook<...>'.
      Type 'GrowthBook<Record<string, any>>' is not assignable to type 'GrowthBook<Record<string, any>> | GrowthBookClient<Record<string, any>> | UserScopedGrowthBook<Record<string, any>>'.
        Type 'import("D:/doge-code/node_modules/@growthbook/growthbook/dist/GrowthBook").GrowthBook<Record<string, any>>' is not assignable to type 'import("D:/doge-code/src/GrowthBook").GrowthBook<Record<string, any>>'.
          Types have separate declarations of a private property 'context'.
src/plugins/devtools.ts(127,27): error TS2345: Argument of type 'import("D:/doge-code/src/GrowthBook").GrowthBook<Record<string, any>> | import("D:/doge-code/src/GrowthBookClient").GrowthBookClient<Record<string, any>> | import("D:/doge-code/src/GrowthBookClient").UserScopedGrowthBook<...>' is not assignable to parameter of type 'import("D:/doge-code/node_modules/@growthbook/growthbook/dist/GrowthBook").GrowthBook<Record<string, any>> | import("D:/doge-code/node_modules/@growthbook/growthbook/dist/GrowthBookClient").GrowthBookClient<Record<string, any>> | import("D:/doge-code/node_modules/@growthbook/growthbook/dist/GrowthBookClient").UserSc...'.
  Type 'GrowthBook<Record<string, any>>' is not assignable to type 'GrowthBook<Record<string, any>> | GrowthBookClient<Record<string, any>> | UserScopedGrowthBook<Record<string, any>>'.
    Type 'import("D:/doge-code/src/GrowthBook").GrowthBook<Record<string, any>>' is missing the following properties from type 'import("D:/doge-code/node_modules/@growthbook/growthbook/dist/GrowthBook").GrowthBook<Record<string, any>>': _featureUsageSubs, _customEventSubs, _subscribeFeatureUsage, _subscribeCustomEvents
src/plugins/devtools.ts(139,3): error TS2322: Type '(gb: GrowthBook | UserScopedGrowthBook | GrowthBookClient) => void' is not assignable to type 'Plugin'.
  Types of parameters 'gb' and 'gb' are incompatible.
    Type 'import("D:/doge-code/node_modules/@growthbook/growthbook/dist/GrowthBook").GrowthBook<Record<string, any>> | import("D:/doge-code/node_modules/@growthbook/growthbook/dist/GrowthBookClient").GrowthBookClient<Record<string, any>> | import("D:/doge-code/node_modules/@growthbook/growthbook/dist/GrowthBookClient").UserSc...' is not assignable to type 'import("D:/doge-code/src/GrowthBook").GrowthBook<Record<string, any>> | import("D:/doge-code/src/GrowthBookClient").GrowthBookClient<Record<string, any>> | import("D:/doge-code/src/GrowthBookClient").UserScopedGrowthBook<...>'.
      Type 'GrowthBook<Record<string, any>>' is not assignable to type 'GrowthBook<Record<string, any>> | GrowthBookClient<Record<string, any>> | UserScopedGrowthBook<Record<string, any>>'.
        Type 'import("D:/doge-code/node_modules/@growthbook/growthbook/dist/GrowthBook").GrowthBook<Record<string, any>>' is not assignable to type 'import("D:/doge-code/src/GrowthBook").GrowthBook<Record<string, any>>'.
          Types have separate declarations of a private property 'context'.
src/plugins/devtools.ts(160,27): error TS2345: Argument of type 'import("D:/doge-code/src/GrowthBook").GrowthBook<Record<string, any>> | import("D:/doge-code/src/GrowthBookClient").GrowthBookClient<Record<string, any>> | import("D:/doge-code/src/GrowthBookClient").UserScopedGrowthBook<...>' is not assignable to parameter of type 'import("D:/doge-code/node_modules/@growthbook/growthbook/dist/GrowthBook").GrowthBook<Record<string, any>> | import("D:/doge-code/node_modules/@growthbook/growthbook/dist/GrowthBookClient").GrowthBookClient<Record<string, any>> | import("D:/doge-code/node_modules/@growthbook/growthbook/dist/GrowthBookClient").UserSc...'.
  Type 'GrowthBook<Record<string, any>>' is not assignable to type 'GrowthBook<Record<string, any>> | GrowthBookClient<Record<string, any>> | UserScopedGrowthBook<Record<string, any>>'.
    Type 'import("D:/doge-code/src/GrowthBook").GrowthBook<Record<string, any>>' is missing the following properties from type 'import("D:/doge-code/node_modules/@growthbook/growthbook/dist/GrowthBook").GrowthBook<Record<string, any>>': _featureUsageSubs, _customEventSubs, _subscribeFeatureUsage, _subscribeCustomEvents
src/query.ts(677,15): error TS2322: Type '(notif: import("D:/doge-code/src/types/context/notifications").Notification) => void' is not assignable to type '(notif: import("D:/doge-code/src/context/notifications").Notification) => void'.
  Types of parameters 'notif' and 'notif' are incompatible.
    Type 'import("D:/doge-code/src/context/notifications").Notification' is not assignable to type 'import("D:/doge-code/src/types/context/notifications").Notification'.
      Type 'JSXNotification' is missing the following properties from type 'Notification': type, message
src/query/emptyContentHandler.ts(28,7): error TS2322: Type 'string' is not assignable to type 'number | boolean'.
src/query/emptyContentHandler.ts(29,7): error TS2322: Type 'string' is not assignable to type 'number | boolean'.
src/query/stopHooks.ts(195,11): error TS2322: Type 'unknown' is not assignable to type 'string'.
src/query/stopHooks.ts(307,11): error TS2353: Object literal may only specify known properties, and 'key' does not exist in type 'Notification'.
src/query/stopHooks.ts(359,15): error TS2322: Type 'unknown' is not assignable to type 'string'.
src/query/stopHooks.ts(401,13): error TS2322: Type 'unknown' is not assignable to type 'string'.
src/remote/RemoteSessionManager.ts(145,33): error TS2345: Argument of type 'SDKControlCancelRequest | SDKControlRequest' is not assignable to parameter of type 'SDKControlRequest'.
  Type 'SDKControlCancelRequest' is missing the following properties from type 'SDKControlRequest': type, request_id, request
src/remote/RemoteSessionManager.ts(152,65): error TS2345: Argument of type 'unknown' is not assignable to parameter of type 'string'.
src/remote/RemoteSessionManager.ts(156,45): error TS2345: Argument of type 'unknown' is not assignable to parameter of type 'string'.
src/remote/RemoteSessionManager.ts(158,9): error TS2345: Argument of type 'unknown' is not assignable to parameter of type 'string'.
src/remote/RemoteSessionManager.ts(186,54): error TS2345: Argument of type '{ [key: string]: unknown; subtype: string; reason?: string; sdkMcpServers?: string[]; promptSuggestions?: unknown[]; agentProgressSummaries?: unknown[]; mode?: InternalPermissionMode; ultraplan?: boolean; ... 17 more ...; loginWithClaudeAi?: boolean; }' is not assignable to parameter of type 'SDKControlPermissionRequest'.
  Types of property 'subtype' are incompatible.
    Type 'string' is not assignable to type '"permission"'.
src/remote/RemoteSessionManager.ts(187,42): error TS2345: Argument of type '{ [key: string]: unknown; subtype: string; reason?: string; sdkMcpServers?: string[]; promptSuggestions?: unknown[]; agentProgressSummaries?: unknown[]; mode?: InternalPermissionMode; ultraplan?: boolean; ... 17 more ...; loginWithClaudeAi?: boolean; }' is not assignable to parameter of type 'SDKControlPermissionRequest'.
  Types of property 'subtype' are incompatible.
    Type 'string' is not assignable to type '"permission"'.
src/remote/sdkMessageAdapter.ts(172,13): error TS2322: Type '{ [x: string]: unknown; type: string; }[]' is not assignable to type 'string | ContentBlockParam[]'.
  Type '{ [x: string]: unknown; type: string; }[]' is not assignable to type 'ContentBlockParam[]'.
    Type '{ [x: string]: unknown; type: string; }' is not assignable to type 'ContentBlockParam'.
      Type '{ [x: string]: unknown; type: string; }' is missing the following properties from type 'ToolUseBlockParam': id, input, name
src/remote/sdkMessageAdapter.ts(186,15): error TS2322: Type 'string | { [x: string]: unknown; type: string; }[]' is not assignable to type 'string | ContentBlockParam[]'.
  Type '{ [x: string]: unknown; type: string; }[]' is not assignable to type 'string | ContentBlockParam[]'.
    Type '{ [x: string]: unknown; type: string; }[]' is not assignable to type 'ContentBlockParam[]'.
      Type '{ [x: string]: unknown; type: string; }' is not assignable to type 'ContentBlockParam'.
        Type '{ [x: string]: unknown; type: string; }' is missing the following properties from type 'ToolUseBlockParam': id, input, name
src/screens/Doctor.tsx(63,17): error TS2339: Property 'latest' does not exist on type 'unknown'.
src/screens/Doctor.tsx(74,25): error TS2339: Property 'stable' does not exist on type 'unknown'.
src/screens/Doctor.tsx(75,19): error TS2339: Property 'stable' does not exist on type 'unknown'.
src/screens/Doctor.tsx(75,53): error TS2339: Property 'stable' does not exist on type 'unknown'.
src/screens/Doctor.tsx(76,21): error TS2339: Property 'stable' does not exist on type 'unknown'.
src/screens/Doctor.tsx(82,25): error TS2339: Property 'latest' does not exist on type 'unknown'.
src/screens/Doctor.tsx(83,34): error TS2339: Property 'latest' does not exist on type 'unknown'.
src/screens/Doctor.tsx(84,21): error TS2339: Property 'latest' does not exist on type 'unknown'.
src/screens/REPL.tsx(2353,7): error TS2322: Type 'AddNotificationFn' is not assignable to type '(notif: Notification) => void'.
  Types of parameters 'content' and 'notif' are incompatible.
    Type 'import("D:/doge-code/src/types/context/notifications").Notification' is not assignable to type 'import("D:/doge-code/src/context/notifications").Notification'.
src/screens/ResumeConversation.tsx(184,58): error TS2339: Property 'command' does not exist on type '{ isCrossProject: true; isSameRepoWorktree: true; projectPath: string; } | { isCrossProject: true; isSameRepoWorktree: false; command: string; projectPath: string; }'.
  Property 'command' does not exist on type '{ isCrossProject: true; isSameRepoWorktree: true; projectPath: string; }'.
src/screens/ResumeConversation.tsx(186,50): error TS2339: Property 'command' does not exist on type '{ isCrossProject: true; isSameRepoWorktree: true; projectPath: string; } | { isCrossProject: true; isSameRepoWorktree: false; command: string; projectPath: string; }'.
  Property 'command' does not exist on type '{ isCrossProject: true; isSameRepoWorktree: true; projectPath: string; }'.
src/screens/ResumeConversation.tsx(267,139): error TS2554: Expected 0 arguments, but got 2.
src/security/InputValidator.ts(161,70): error TS2365: Operator '>' cannot be applied to types 'number' and 'unknown'.
src/security/InputValidator.ts(165,87): error TS2339: Property 'test' does not exist on type 'unknown'.
src/server/directConnectManager.ts(83,30): error TS2339: Property 'subtype' does not exist on type 'unknown'.
src/server/directConnectManager.ts(85,15): error TS2345: Argument of type 'unknown' is not assignable to parameter of type 'SDKControlPermissionRequest'.
  Property 'subtype' is missing in type '{}' but required in type 'SDKControlPermissionRequest'.
src/server/directConnectManager.ts(92,62): error TS2339: Property 'subtype' does not exist on type 'unknown'.
src/server/directConnectManager.ts(95,15): error TS2345: Argument of type 'unknown' is not assignable to parameter of type 'string'.
src/server/directConnectManager.ts(96,46): error TS2339: Property 'subtype' does not exist on type 'unknown'.
src/server/directConnectManager.ts(111,36): error TS2345: Argument of type 'StdoutMessage' is not assignable to parameter of type '{ type: "user"; message: { content?: string | { [x: string]: unknown; type: string; }[]; }; parent_tool_use_id?: string; isSynthetic?: boolean; tool_use_result?: unknown; priority?: "later" | "next" | "now"; timestamp?: string; uuid?: string; session_id?: string; } | ... 23 more ... | { ...; }'.
  Type 'StdoutMessage' is missing the following properties from type '{ type: "system"; subtype: "init"; agents?: string[]; apiKeySource: "oauth" | "org" | "project" | "temporary" | "user"; betas?: string[]; claude_code_version: string; cwd: string; tools: string[]; ... 9 more ...; session_id: string; }': apiKeySource, claude_code_version, cwd, tools, and 9 more.
src/server/web-term.ts(191,6): error TS2339: Property 'sendBlob' does not exist on type 'ServerWebSocket<undefined>'.
src/server/web-term.ts(229,38): error TS2339: Property 'getReader' does not exist on type 'number | ReadableStream<Uint8Array<ArrayBuffer>>'.
  Property 'getReader' does not exist on type 'number'.
src/server/web-term.ts(283,18): error TS2339: Property 'data' does not exist on type 'Server<{ ws?: ServerWebSocket<undefined>; }>'.
src/server/web-term.ts(297,37): error TS2339: Property 'write' does not exist on type 'number | FileSink'.
  Property 'write' does not exist on type 'number'.
src/services/PromptSuggestion/promptSuggestion.ts(362,30): error TS2322: Type 'unknown' is not assignable to type 'string'.
src/services/PromptSuggestion/promptSuggestion.ts(367,30): error TS2322: Type 'unknown' is not assignable to type 'string'.
src/services/PromptSuggestion/speculation.ts(268,35): error TS2698: Spread types may only be created from object types.
src/services/analytics/firstPartyEventLogger.ts(373,57): error TS2554: Expected 1 arguments, but got 2.
src/services/analytics/firstPartyEventLoggingExporter.ts(676,28): error TS2352: Conversion of type 'string | number | boolean | AnyValueArray | AnyValueMap | Uint8Array<ArrayBufferLike>' to type 'EventMetadata' may be a mistake because neither type sufficiently overlaps with the other. If this was intentional, convert the expression to 'unknown' first.
  Type 'Uint8Array<ArrayBufferLike>' is missing the following properties from type 'EventMetadata': model, sessionId, userType, envContext, and 5 more.
src/services/api/client.ts(43,17): error TS2339: Property 'oauthConfig' does not exist on type 'GlobalConfig'.
src/services/api/client.ts(124,11): error TS2322: Type '{ defaultHeaders: { [key: string]: string; }; maxRetries: number; timeout: number; dangerouslyAllowBrowser: boolean; fetchOptions: ClientOptions['fetchOptions']; fetch: Fetch; awsRegion: string; skipAuth: true; logger: { ...; }; }' is not assignable to type 'Omit<ClientOptions, "apiKey" | "authToken"> & { apiKey?: string; awsSecretKey?: string; awsAccessKey?: string; awsRegion?: string; awsSessionToken?: string; skipAuth?: boolean; providerChainResolver?: () => Promise<...>; } & SecretOnly'.
  Property 'awsSecretKey' is missing in type '{ defaultHeaders: { [key: string]: string; }; maxRetries: number; timeout: number; dangerouslyAllowBrowser: boolean; fetchOptions: ClientOptions['fetchOptions']; fetch: Fetch; awsRegion: string; skipAuth: true; logger: { ...; }; }' but required in type 'SecretOnly'.
src/services/api/client.ts(154,9): error TS2322: Type 'string' is not assignable to type 'never'.
src/services/api/emptyUsage.ts(20,3): error TS2322: Type 'undefined[]' is not assignable to type 'number'.
src/services/api/errors.ts(108,5): error TS2345: Argument of type 'unknown' is not assignable to parameter of type 'string'.
src/services/api/errors.ts(143,22): error TS2345: Argument of type 'unknown' is not assignable to parameter of type 'string'.
src/services/api/filesApi.ts(110,24): error TS2339: Property 'error' does not exist on type 'RetryResult<T>'.
  Property 'error' does not exist on type '{ done: true; value: T; }'.
src/services/api/logging.ts(695,5): error TS2741: Property 'output_tokens_details' is missing in type 'NonNullableUsage' but required in type 'BetaUsage'.
src/services/api/openaiCompat.ts(426,5): error TS2355: A function whose declared type is neither 'undefined', 'void', nor 'any' must return a value.
src/services/api/openaiCompat.ts(829,69): error TS2339: Property 'content_block' does not exist on type 'BetaRawMessageStreamEvent'.
src/services/api/openaiCompat.ts(897,65): error TS2339: Property 'delta' does not exist on type 'BetaRawMessageStreamEvent'.
src/services/api/openaiCompat.ts(1265,15): error TS2322: Type 'Record<string, unknown>' is not assignable to type 'BetaRawMessageStreamEvent'.
  Type 'Record<string, unknown>' is missing the following properties from type 'BetaRawMessageDeltaEvent': context_management, delta, type, usage
src/services/api/openaiCompat.ts(1269,14): error TS2352: Conversion of type 'Record<string, unknown>' to type 'BetaMessage' may be a mistake because neither type sufficiently overlaps with the other. If this was intentional, convert the expression to 'unknown' first.
  Type 'Record<string, unknown>' is missing the following properties from type 'BetaMessage': id, container, content, context_management, and 8 more.
src/services/api/openaiCompat.ts(1496,11): error TS2322: Type 'BetaMessage | BetaRawMessageStreamEvent' is not assignable to type 'BetaRawMessageStreamEvent'.
  Type 'BetaMessage' is not assignable to type 'BetaRawMessageStreamEvent'.
    Property 'delta' is missing in type 'BetaMessage' but required in type 'BetaRawMessageDeltaEvent'.
src/services/api/referral.ts(14,3): error TS2305: Module '"../oauth/types.ts"' has no exported member 'ReferralCampaign'.
src/services/api/referral.ts(122,5): error TS2322: Type 'unknown' is not assignable to type 'boolean'.
src/services/api/referral.ts(140,35): error TS2538: Type 'unknown' cannot be used as an index type.
src/services/api/referral.ts(141,18): error TS2362: The left-hand side of an arithmetic operation must be of type 'any', 'number', 'bigint' or an enum type.
src/services/api/referral.ts(155,3): error TS2322: Type 'unknown' is not assignable to type 'ReferrerRewardInfo'.
  Index signature for type 'string' is missing in type '{}'.
src/services/api/referral.ts(167,3): error TS2322: Type 'unknown' is not assignable to type 'number'.
src/services/api/sessionIngress.ts(81,36): error TS2345: Argument of type 'string' is not assignable to parameter of type '`${string}-${string}-${string}-${string}-${string}`'.
src/services/api/sessionIngress.ts(92,38): error TS2345: Argument of type 'string' is not assignable to parameter of type '`${string}-${string}-${string}-${string}-${string}`'.
src/services/api/sessionIngress.ts(205,34): error TS2345: Argument of type 'string' is not assignable to parameter of type '`${string}-${string}-${string}-${string}-${string}`'.
src/services/api/sessionIngress.ts(400,73): error TS2339: Property 'uuid' does not exist on type 'Entry'.
  Property 'uuid' does not exist on type 'AgentColorMessage'.
src/services/compact/compact.ts(1073,7): error TS2353: Object literal may only specify known properties, and 'key' does not exist in type 'Notification'.
src/services/compact/sessionMemoryCompact.ts(143,22): error TS2339: Property 'length' does not exist on type 'never'.
src/services/compact/sessionMemoryCompact.ts(450,5): error TS2345: Argument of type 'string' is not assignable to parameter of type '`${string}-${string}-${string}-${string}-${string}`'.
src/services/compact/sessionMemoryCompact.ts(454,36): error TS2339: Property 'preCompactDiscoveredTools' does not exist on type '{ preservedSegment?: { tailUuid: `${string}-${string}-${string}-${string}-${string}`; headUuid: `${string}-${string}-${string}-${string}-${string}`; anchorUuid?: `${string}-${string}-${string}-${string}-${string}`; }; }'.
src/services/compact/sessionMemoryCompact.ts(490,7): error TS2345: Argument of type 'string' is not assignable to parameter of type '`${string}-${string}-${string}-${string}-${string}`'.
src/services/lsp/LSPClient.ts(370,36): error TS2769: No overload matches this call.
  The last overload gave the following error.
    Argument of type '(params: TParams) => TResult | Promise<TResult>' is not assignable to parameter of type 'GenericRequestHandler<TResult, unknown>'.
      Type 'TResult | Promise<TResult>' is not assignable to type 'HandlerResult<TResult, unknown, TResult extends null ? void | TResult : TResult>'.
        Type 'TResult' is not assignable to type 'HandlerResult<TResult, unknown, TResult extends null ? void | TResult : TResult>'.
          Type 'TResult' is not assignable to type 'ResponseError<unknown>'.
src/services/lsp/passiveFeedback.ts(64,5): error TS2345: Argument of type '(diag: { message: string; severity?: number; range: { start: { line: number; character: number; }; end: { line: number; character: number; }; }; source?: string; code?: string | number; }) => { ...; }' is not assignable to parameter of type '(value: Diagnostic, index: number, array: Diagnostic[]) => { message: string; severity: "Error" | "Hint" | "Info" | "Warning"; range: { start: { line: number; character: number; }; end: { ...; }; }; source: string; code: string; }'.
  Types of parameters 'diag' and 'value' are incompatible.
    Type 'Diagnostic' is not assignable to type '{ message: string; severity?: number; range: { start: { line: number; character: number; }; end: { line: number; character: number; }; }; source?: string; code?: string | number; }'.
      Types of property 'message' are incompatible.
        Type 'string | MarkupContent' is not assignable to type 'string'.
          Type 'MarkupContent' is not assignable to type 'string'.
src/services/mcp/claudeai.ts(66,27): error TS2339: Property 'includes' does not exist on type 'unknown'.
src/services/mcp/claudeai.ts(68,83): error TS2339: Property 'join' does not exist on type 'unknown'.
src/services/mcp/client.ts(896,51): error TS2339: Property 'type' does not exist on type 'never'.
src/services/mcp/client.ts(917,51): error TS2339: Property 'type' does not exist on type 'never'.
src/services/mcp/client.ts(933,59): error TS2339: Property 'type' does not exist on type 'never'.
src/services/mcp/client.ts(949,48): error TS2339: Property 'type' does not exist on type 'never'.
src/services/mcp/client.ts(1373,36): error TS2339: Property 'cache' does not exist on type '(_client?: unknown) => Promise<any[]>'.
src/services/mcp/client.ts(1650,30): error TS2339: Property 'cache' does not exist on type '(_client?: unknown) => Promise<any[]>'.
src/services/mcp/config.ts(1356,22): error TS2339: Property 'command' does not exist on type '{ type?: "stdio"; command: string; args: string[]; env?: Record<string, string>; } | { type: "sse"; url: string; headers?: Record<string, string>; headersHelper?: string; oauth?: { ...; }; } | ... 5 more ... | { ...; }'.
  Property 'command' does not exist on type '{ type: "sse"; url: string; headers?: Record<string, string>; headersHelper?: string; oauth?: { clientId?: string; callbackPort?: number; authServerMetadataUrl?: string; xaa?: boolean; }; }'.
src/services/mcp/config.ts(1357,23): error TS2339: Property 'command' does not exist on type '{ type?: "stdio"; command: string; args: string[]; env?: Record<string, string>; } | { type: "sse"; url: string; headers?: Record<string, string>; headersHelper?: string; oauth?: { ...; }; } | ... 5 more ... | { ...; }'.
  Property 'command' does not exist on type '{ type: "sse"; url: string; headers?: Record<string, string>; headersHelper?: string; oauth?: { clientId?: string; callbackPort?: number; authServerMetadataUrl?: string; xaa?: boolean; }; }'.
src/services/mcp/config.ts(1358,23): error TS2339: Property 'command' does not exist on type '{ type?: "stdio"; command: string; args: string[]; env?: Record<string, string>; } | { type: "sse"; url: string; headers?: Record<string, string>; headersHelper?: string; oauth?: { ...; }; } | ... 5 more ... | { ...; }'.
  Property 'command' does not exist on type '{ type: "sse"; url: string; headers?: Record<string, string>; headersHelper?: string; oauth?: { clientId?: string; callbackPort?: number; authServerMetadataUrl?: string; xaa?: boolean; }; }'.
src/services/mcp/useManageMCPConnections.ts(723,46): error TS2339: Property 'cache' does not exist on type '(_client?: unknown) => Promise<any[]>'.
src/services/mcp/utils.ts(45,12): error TS2339: Property '_originalName' does not exist on type 'Tool'.
src/services/mcp/utils.ts(254,10): error TS2339: Property '_originalName' does not exist on type 'Tool'.
src/services/mcp/utils.ts(525,19): error TS2741: Property 'client' is missing in type '{ name: string; sourceAgents: string[]; transport: string; command: string; needsAuth: boolean; }' but required in type 'ServerInfo'.
src/services/mcp/utils.ts(533,19): error TS2741: Property 'client' is missing in type '{ name: string; sourceAgents: string[]; transport: string; url: string; needsAuth: boolean; }' but required in type 'ServerInfo'.
src/services/mcp/utils.ts(541,19): error TS2741: Property 'client' is missing in type '{ name: string; sourceAgents: string[]; transport: string; url: string; needsAuth: boolean; }' but required in type 'ServerInfo'.
src/services/mcp/utils.ts(549,19): error TS2741: Property 'client' is missing in type '{ name: string; sourceAgents: string[]; transport: string; url: string; needsAuth: boolean; }' but required in type 'ServerInfo'.
src/services/mcp/xaaIdpLogin.ts(119,19): error TS2339: Property 'mcpXaaIdp' does not exist on type '{}'.
src/services/mcp/xaaIdpLogin.ts(168,19): error TS2339: Property 'mcpXaaIdpConfig' does not exist on type '{}'.
src/services/notebook/database.ts(165,10): error TS2345: Argument of type 'unknown[]' is not assignable to parameter of type 'SQLQueryBindings[] | [string] | [number] | [bigint] | [false] | [true] | [BigInt64Array<ArrayBufferLike>] | [BigUint64Array<ArrayBufferLike>] | ... 9 more ... | [...]'.
  Type 'unknown[]' is not assignable to type 'SQLQueryBindings[]'.
    Type 'unknown' is not assignable to type 'SQLQueryBindings'.
src/services/notebook/database.ts(170,10): error TS2345: Argument of type '[...unknown[], number, number]' is not assignable to parameter of type 'SQLQueryBindings[] | [string] | [number] | [bigint] | [false] | [true] | [BigInt64Array<ArrayBufferLike>] | [BigUint64Array<ArrayBufferLike>] | ... 9 more ... | [...]'.
  Type '[...unknown[], number, number]' is not assignable to type 'SQLQueryBindings[]'.
    Type 'unknown' is not assignable to type 'SQLQueryBindings'.
src/services/notifier.ts(139,11): error TS2322: Type 'PlistValue' is not assignable to type 'Record<string, unknown>'.
  Type 'string' is not assignable to type 'Record<string, unknown>'.
src/services/oauth/client.ts(523,9): error TS2322: Type 'unknown' is not assignable to type 'string'.
src/services/oauth/client.ts(524,9): error TS2322: Type 'unknown' is not assignable to type 'string'.
src/services/oauth/client.ts(525,9): error TS2322: Type 'unknown' is not assignable to type 'string'.
src/services/oauth/index.ts(185,36): error TS2339: Property 'uuid' does not exist on type 'unknown'.
src/services/oauth/index.ts(186,44): error TS2339: Property 'email_address' does not exist on type 'unknown'.
src/services/oauth/index.ts(187,54): error TS2339: Property 'uuid' does not exist on type 'unknown'.
src/services/policyLimits/index.ts(197,23): error TS2339: Property 'includes' does not exist on type 'unknown'.
src/services/remoteManagedSettings/syncCache.ts(89,20): error TS2339: Property 'includes' does not exist on type 'unknown'.
src/services/teamMemorySync/index.ts(158,22): error TS2339: Property 'includes' does not exist on type 'unknown'.
src/services/teamMemorySync/index.ts(159,21): error TS2339: Property 'includes' does not exist on type 'unknown'.
src/services/tips/tipRegistry.ts(88,33): error TS2345: Argument of type 'unknown' is not assignable to parameter of type 'FileStateCache'.
  Type '{}' is missing the following properties from type 'FileStateCache': cache, get, set, has, and 10 more.
src/services/tips/tipRegistry.ts(681,56): error TS2349: This expression is not callable.
  Type '{}' has no call signatures.
src/services/tips/tipRegistry.ts(684,18): error TS2365: Operator '>=' cannot be applied to types 'number' and 'unknown'.
src/services/tips/tipRegistry.ts(684,44): error TS2345: Argument of type 'unknown' is not assignable to parameter of type 'string'.
src/services/tokenEstimation.ts(415,48): error TS2345: Argument of type 'string | (DocumentBlockParam | ImageBlockParam | SearchResultBlockParam | TextBlockParam | ToolReferenceBlockParam)[]' is not assignable to parameter of type 'string | ContentBlock[] | ContentBlockParam[]'.
  Type '(DocumentBlockParam | ImageBlockParam | SearchResultBlockParam | TextBlockParam | ToolReferenceBlockParam)[]' is not assignable to type 'string | ContentBlock[] | ContentBlockParam[]'.
    Type '(DocumentBlockParam | ImageBlockParam | SearchResultBlockParam | TextBlockParam | ToolReferenceBlockParam)[]' is not assignable to type 'ContentBlock[]'.
      Type 'DocumentBlockParam | ImageBlockParam | SearchResultBlockParam | TextBlockParam | ToolReferenceBlockParam' is not assignable to type 'ContentBlock'.
        Type 'DocumentBlockParam' is not assignable to type 'ContentBlock'.
          Property 'text' is missing in type 'DocumentBlockParam' but required in type 'TextBlock'.
src/services/tools/toolExecution.ts(1274,11): error TS2322: Type 'ToolProgressData' is not assignable to type 'HookProgress | ToolProgressData'.
  Type 'ToolProgressData' is missing the following properties from type 'HookProgress': type, hookEvent, hookName, command
src/services/tools/toolExecution.ts(1470,40): error TS2345: Argument of type 'Tool' is not assignable to parameter of type '{ name: string; maxResultSizeChars: number; mapToolResultToToolResultBlockParam: (result: unknown, toolUseID: string) => ToolResultBlockParam; }'.
  The types returned by 'mapToolResultToToolResultBlockParam(...).content' are incompatible between these types.
    Type 'unknown' is not assignable to type 'string | (DocumentBlockParam | ImageBlockParam | SearchResultBlockParam | TextBlockParam | ToolReferenceBlockParam)[]'.
src/services/tools/toolExecution.ts(1533,39): error TS2345: Argument of type 'import("D:/doge-code/src/types/tool").ToolResultBlockParam' is not assignable to parameter of type 'import("D:/doge-code/node_modules/@anthropic-ai/sdk/resources/messages/messages").ToolResultBlockParam'.
  Types of property 'content' are incompatible.
    Type 'unknown' is not assignable to type 'string | (DocumentBlockParam | ImageBlockParam | SearchResultBlockParam | TextBlockParam | ToolReferenceBlockParam)[]'.
src/services/tools/toolHooks.ts(102,19): error TS2322: Type 'AttachmentMessage | HookResultMessage | ProgressMessage' is not assignable to type 'AttachmentMessage | ProgressMessage<HookProgress>'.
  Type 'HookResultMessage' is not assignable to type 'AttachmentMessage | ProgressMessage<HookProgress>'.
    Type 'HookResultMessage' is not assignable to type 'ProgressMessage<HookProgress>'.
      Property 'data' is missing in type 'HookResultMessage' but required in type '{ type: "progress"; data: HookProgress; }'.
src/services/tools/toolHooks.ts(254,19): error TS2322: Type 'AttachmentMessage | HookResultMessage | ProgressMessage' is not assignable to type 'AttachmentMessage | ProgressMessage<HookProgress>'.
  Type 'HookResultMessage' is not assignable to type 'AttachmentMessage | ProgressMessage<HookProgress>'.
    Type 'HookResultMessage' is not assignable to type 'ProgressMessage<HookProgress>'.
      Property 'data' is missing in type 'HookResultMessage' but required in type '{ type: "progress"; data: HookProgress; }'.
src/services/tools/toolHooks.ts(479,47): error TS2322: Type 'AttachmentMessage | HookResultMessage | ProgressMessage' is not assignable to type 'AttachmentMessage | ProgressMessage<HookProgress>'.
  Type 'HookResultMessage' is not assignable to type 'AttachmentMessage | ProgressMessage<HookProgress>'.
    Type 'HookResultMessage' is not assignable to type 'ProgressMessage<HookProgress>'.
      Property 'data' is missing in type 'HookResultMessage' but required in type '{ type: "progress"; data: HookProgress; }'.
src/services/vcr.ts(169,33): error TS2339: Property 'model' does not exist on type 'unknown'.
src/services/vcr.ts(170,33): error TS2339: Property 'usage' does not exist on type 'unknown'.
src/services/vcr.ts(291,32): error TS2345: Argument of type 'StreamEvent | AssistantMessage' is not assignable to parameter of type 'AssistantMessage'.
  Type 'StreamEvent' is not assignable to type 'AssistantMessage'.
    Type 'StreamEvent' is not assignable to type '{ type: "assistant"; message?: { [key: string]: unknown; id?: string; content?: AssistantMessageContent; model?: string; role?: string; stop_reason?: string; stop_sequence?: string; error?: string; errorDetails?: string; usage?: { ...; }; context_management?: unknown; }; }'.
      Types of property 'type' are incompatible.
        Type 'string' is not assignable to type '"assistant"'.
src/services/voice.ts(355,7): error TS2554: Expected 0 arguments, but got 2.
src/setup.ts(100,15): error TS2339: Property 'startUdsMessaging' does not exist on type 'typeof import("D:/doge-code/src/utils/udsMessaging")'.
src/setup.ts(101,34): error TS2339: Property 'getDefaultUdsSocketPath' does not exist on type 'typeof import("D:/doge-code/src/utils/udsMessaging")'.
src/setup.ts(294,9): error TS2551: Property 'initContextCollapse' does not exist on type 'typeof import("D:/doge-code/src/services/contextCollapse/index")'. Did you mean 'resetContextCollapse'?
src/setup.ts(425,20): error TS2349: This expression is not callable.
  Type '{}' has no call signatures.
src/setup.ts(428,39): error TS2349: This expression is not callable.
  Type '{}' has no call signatures.
src/skills/bundledSkills.ts(106,5): error TS2322: Type '(args: string, context: ToolUseContext) => ContentBlockParam[] | Promise<ContentBlockParam[]>' is not assignable to type '(args: string, context: ToolUseContext) => Promise<ContentBlockParam[]>'.
  Type 'ContentBlockParam[] | Promise<ContentBlockParam[]>' is not assignable to type 'Promise<ContentBlockParam[]>'.
    Type 'ContentBlockParam[]' is missing the following properties from type 'Promise<ContentBlockParam[]>': then, catch, [Symbol.toStringTag], finally
src/skills/loadSkillsDir.ts(812,23): error TS2339: Property 'cache' does not exist on type '(cwd: string) => Promise<Command[]>'.
src/skills/loadSkillsDir.ts(813,30): error TS2339: Property 'cache' does not exist on type '(subdir: any, cwd: string) => Promise<MarkdownFile[]>'.
src/source-manager.ts(74,51): error TS2769: No overload matches this call.
  The last overload gave the following error.
    Argument of type 'string' is not assignable to parameter of type 'BufferEncoding | (ObjectEncodingOptions & { flag?: string; })'.
src/state/AppState.tsx(11,15): error TS2300: Duplicate identifier 'AppState'.
src/state/AppState.tsx(22,15): error TS2300: Duplicate identifier 'AppState'.
src/tasks/LocalMainSessionTask.ts(381,11): error TS2322: Type 'string' is not assignable to type '`${string}-${string}-${string}-${string}-${string}`'.
src/tasks/LocalMainSessionTask.ts(411,25): error TS2345: Argument of type 'StreamEvent | AssistantMessage | SystemMessage | UserMessage' is not assignable to parameter of type 'Message'.
  Type 'StreamEvent' is not assignable to type 'Message'.
    Type 'StreamEvent' is not assignable to type 'UserMessage'.
      Property 'message' is missing in type 'StreamEvent' but required in type '{ type: "user"; message: { [key: string]: unknown; content: string | ContentBlockParam[]; }; sourceToolAssistantUUID?: string; }'.
src/tasks/LocalMainSessionTask.ts(416,41): error TS2322: Type 'StreamEvent | AssistantMessage | SystemMessage | UserMessage' is not assignable to type 'Message'.
  Type 'StreamEvent' is not assignable to type 'Message'.
    Type 'StreamEvent' is not assignable to type 'UserMessage'.
      Property 'message' is missing in type 'StreamEvent' but required in type '{ type: "user"; message: { [key: string]: unknown; content: string | ContentBlockParam[]; }; sourceToolAssistantUUID?: string; }'.
src/tasks/LocalMainSessionTask.ts(419,9): error TS2322: Type 'unknown' is not assignable to type '`${string}-${string}-${string}-${string}-${string}`'.
src/tasks/LocalMainSessionTask.ts(423,99): error TS2694: Namespace '"D:/doge-code/node_modules/@anthropic-ai/sdk/index"' has no exported member 'ContentBlock'.
src/tasks/RemoteAgentTask/RemoteAgentTask.tsx(370,72): error TS2677: A type predicate's type must be assignable to its parameter's type.
  Type 'ToolUseBlock' is not assignable to type '{ [x: string]: unknown; type: string; }'.
    Index signature for type 'string' is missing in type 'ToolUseBlock'.
src/tools.ts(364,17): error TS2345: Argument of type 'ToolDef<ZodObject<{ operations: ZodArray<ZodObject<{ file_path: ZodString; old_string: ZodString; new_string: ZodString; }, $strict>>; }, $strict>, ZodObject<...>>' is not assignable to parameter of type 'Tool'.
  Property 'description' is optional in type 'ToolDef<ZodObject<{ operations: ZodArray<ZodObject<{ file_path: ZodString; old_string: ZodString; new_string: ZodString; }, $strict>>; }, $strict>, ZodObject<...>>' but required in type 'Tool'.
src/tools/ActionSamplerTool/ActionSamplerTool.tsx(46,8): error TS2339: Property 'confidence' does not exist on type '{ id: string; name: string; confidence?: number; metadata?: Record<string, unknown>; }[]'.
src/tools/ActionSamplerTool/ActionSamplerTool.tsx(46,32): error TS2339: Property 'confidence' does not exist on type '{ id: string; name: string; confidence?: number; metadata?: Record<string, unknown>; }[]'.
src/tools/ActionSamplerTool/ActionSamplerTool.tsx(140,51): error TS2345: Argument of type '{ id: string; name: string; confidence?: number; metadata?: Record<string, unknown>; }[]' is not assignable to parameter of type '{ id: string; name: string; confidence?: number; metadata?: Record<string, unknown>; }[][]'.
  Type '{ id: string; name: string; confidence?: number; metadata?: Record<string, unknown>; }' is missing the following properties from type '{ id: string; name: string; confidence?: number; metadata?: Record<string, unknown>; }[]': length, pop, push, concat, and 35 more.
src/tools/ActionSamplerTool/ActionSamplerTool.tsx(146,19): error TS2339: Property 'id' does not exist on type '{ id: string; name: string; confidence?: number; metadata?: Record<string, unknown>; }[]'.
src/tools/ActionSamplerTool/ActionSamplerTool.tsx(147,21): error TS2339: Property 'name' does not exist on type '{ id: string; name: string; confidence?: number; metadata?: Record<string, unknown>; }[]'.
src/tools/ActionSamplerTool/ActionSamplerTool.tsx(148,27): error TS2339: Property 'confidence' does not exist on type '{ id: string; name: string; confidence?: number; metadata?: Record<string, unknown>; }[]'.
src/tools/AgentIntegrationTool/AgentIntegrationTool.tsx(22,3): error TS2322: Type 'string' is not assignable to type '(input: any, options: { isNonInteractiveSession: boolean; toolPermissionContext: { readonly mode: InternalPermissionMode; readonly additionalWorkingDirectories: { readonly clear: () => void; ... 12 more ...; readonly getOrInsertComputed: (key: string, callback: (key: string) => AdditionalWorkingDirectory) => Additio...'.
src/tools/AgentIntegrationTool/AgentIntegrationTool.tsx(33,9): error TS2322: Type '(input: { action: "get" | "list" | "listByCategory" | "search" | "spawn"; agentType?: string; category?: "architecture" | "data" | "design" | "development" | "devops" | "documentation" | "security" | "testing"; query?: string; task?: string; }, ctx: ToolUseContext) => Promise<...>' is not assignable to type '(args: any, context?: ToolUseContext, canUseTool?: CanUseToolFn, parentMessage?: AssistantMessage, onProgress?: ToolCallProgress<any>) => Promise<...>'.
  Type 'Promise<{ type: string; value: string; }>' is not assignable to type 'Promise<ToolResult<any>>'.
    Property 'data' is missing in type '{ type: string; value: string; }' but required in type 'ToolResult<any>'.
src/tools/AgentTool/AgentTool.tsx(240,9): error TS2322: Type '({ prompt, subagent_type, description, model: modelParam, run_in_background, name, team_name, mode: spawnMode, isolation, cwd }: AgentToolInput, toolUseContext: ToolUseContext, canUseTool: CanUseToolFn, assistantMessage: AssistantMessage, onProgress?: ToolCallProgress<...>) => Promise<...>' is not assignable to type '(args: any, context?: ToolUseContext, canUseTool?: CanUseToolFn, parentMessage?: AssistantMessage, onProgress?: ToolCallProgress<any>) => Promise<...>'.
  Type 'Promise<{ status: "failed"; error: string; data?: undefined; } | { data: { status: "async_launched"; agentId: string; description: string; prompt: string; outputFile: string; canReadOutputFile?: boolean; } | { ...; }; } | { ...; }>' is not assignable to type 'Promise<ToolResult<any>>'.
    Type '{ status: "failed"; error: string; data?: undefined; } | { data: { status: "async_launched"; agentId: string; description: string; prompt: string; outputFile: string; canReadOutputFile?: boolean; } | { ...; }; } | { ...; }' is not assignable to type 'ToolResult<any>'.
      Type '{ status: 'failed'; error: string; data?: undefined; }' is not assignable to type 'ToolResult<any>'.
        Property 'data' is optional in type '{ status: "failed"; error: string; data?: undefined; }' but required in type 'ToolResult<any>'.
src/tools/AgentTool/AgentTool.tsx(240,9): error TS2322: Type '({ prompt, subagent_type, description, model: modelParam, run_in_background, name, team_name, mode: spawnMode, isolation, cwd }: AgentToolInput, toolUseContext: ToolUseContext, canUseTool: CanUseToolFn, assistantMessage: AssistantMessage, onProgress?: ToolCallProgress<...>) => Promise<...>' is not assignable to type '(args: { description: string; prompt: string; subagent_type?: string; model?: "haiku" | "opus" | "sonnet"; name?: string; team_name?: string; mode?: "acceptEdits" | "auto" | "bypassPermissions" | "default" | "dontAsk" | "plan"; isolation?: "worktree"; }, context?: ToolUseContext, canUseTool?: CanUseToolFn, parentMes...'.
  Type 'Promise<{ status: "failed"; error: string; data?: undefined; } | { data: { status: "async_launched"; agentId: string; description: string; prompt: string; outputFile: string; canReadOutputFile?: boolean; } | { ...; }; } | { ...; }>' is not assignable to type 'Promise<ToolResult<{ status: "async_launched"; agentId: string; description: string; prompt: string; outputFile: string; canReadOutputFile?: boolean; } | { agentId: string; agentType?: string; content: { type: "text"; text: string; }[]; ... 5 more ...; prompt: string; }>>'.
    Type '{ status: "failed"; error: string; data?: undefined; } | { data: { status: "async_launched"; agentId: string; description: string; prompt: string; outputFile: string; canReadOutputFile?: boolean; } | { ...; }; } | { ...; }' is not assignable to type 'ToolResult<{ status: "async_launched"; agentId: string; description: string; prompt: string; outputFile: string; canReadOutputFile?: boolean; } | { agentId: string; agentType?: string; content: { type: "text"; text: string; }[]; ... 5 more ...; prompt: string; }>'.
      Type '{ status: 'failed'; error: string; data?: undefined; }' is not assignable to type 'ToolResult<{ status: "async_launched"; agentId: string; description: string; prompt: string; outputFile: string; canReadOutputFile?: boolean; } | { agentId: string; agentType?: string; content: { type: "text"; text: string; }[]; ... 5 more ...; prompt: string; }>'.
        Property 'data' is optional in type '{ status: "failed"; error: string; data?: undefined; }' but required in type 'ToolResult<{ status: "async_launched"; agentId: string; description: string; prompt: string; outputFile: string; canReadOutputFile?: boolean; } | { agentId: string; agentType?: string; content: { type: "text"; text: string; }[]; ... 5 more ...; prompt: string; }>'.
src/tools/AgentTool/AgentTool.tsx(749,32): error TS2345: Argument of type '{ agentId: AgentId; parentSessionId: string; agentType: 'subagent'; subagentName: string; isBuiltIn: boolean; invokingRequestId: unknown; invocationKind: 'spawn'; invocationEmitted: boolean; }' is not assignable to parameter of type 'AgentContext'.
  Type '{ agentId: AgentId; parentSessionId: string; agentType: 'subagent'; subagentName: string; isBuiltIn: boolean; invokingRequestId: unknown; invocationKind: 'spawn'; invocationEmitted: boolean; }' is not assignable to type 'SubagentContext'.
    Types of property 'invokingRequestId' are incompatible.
      Type 'unknown' is not assignable to type 'string'.
src/tools/AgentTool/AgentTool.tsx(801,34): error TS2345: Argument of type '{ agentId: AgentId; parentSessionId: string; agentType: 'subagent'; subagentName: string; isBuiltIn: boolean; invokingRequestId: unknown; invocationKind: 'spawn'; invocationEmitted: boolean; }' is not assignable to parameter of type 'AgentContext'.
  Type '{ agentId: AgentId; parentSessionId: string; agentType: 'subagent'; subagentName: string; isBuiltIn: boolean; invokingRequestId: unknown; invocationKind: 'spawn'; invocationEmitted: boolean; }' is not assignable to type 'SubagentContext'.
    Types of property 'invokingRequestId' are incompatible.
      Type 'unknown' is not assignable to type 'string'.
src/tools/AgentTool/AgentTool.tsx(927,42): error TS2345: Argument of type '{ agentId: AgentId; parentSessionId: string; agentType: 'subagent'; subagentName: string; isBuiltIn: boolean; invokingRequestId: unknown; invocationKind: 'spawn'; invocationEmitted: boolean; }' is not assignable to parameter of type 'AgentContext'.
  Type '{ agentId: AgentId; parentSessionId: string; agentType: 'subagent'; subagentName: string; isBuiltIn: boolean; invokingRequestId: unknown; invocationKind: 'spawn'; invocationEmitted: boolean; }' is not assignable to type 'SubagentContext'.
    Types of property 'invokingRequestId' are incompatible.
      Type 'unknown' is not assignable to type 'string'.
src/tools/AgentTool/AgentTool.tsx(1407,3): error TS2322: Type '(toolUses: { param: ToolUseBlockParam; isResolved: boolean; isError: boolean; isInProgress: boolean; progressMessages: ProgressMessage<Progress>[]; result?: { ...; }; }[], options: { ...; }) => ReactNode' is not assignable to type '(toolUses: { param: ToolUseBlockParam; isResolved: boolean; isError: boolean; isInProgress: boolean; progressMessages: ProgressMessage<any>[]; result?: { param: ToolResultBlockParam; output: unknown; }; }[], options: { ...; }) => ReactNode'.
  Types of parameters 'toolUses' and 'toolUses' are incompatible.
    Type '{ param: ToolUseBlockParam; isResolved: boolean; isError: boolean; isInProgress: boolean; progressMessages: ProgressMessage<any>[]; result?: { param: ToolResultBlockParam; output: unknown; }; }[]' is not assignable to type '{ param: ToolUseBlockParam; isResolved: boolean; isError: boolean; isInProgress: boolean; progressMessages: ProgressMessage<Progress>[]; result?: { ...; }; }[]'.
      Type '{ param: ToolUseBlockParam; isResolved: boolean; isError: boolean; isInProgress: boolean; progressMessages: ProgressMessage<any>[]; result?: { param: ToolResultBlockParam; output: unknown; }; }' is not assignable to type '{ param: ToolUseBlockParam; isResolved: boolean; isError: boolean; isInProgress: boolean; progressMessages: ProgressMessage<Progress>[]; result?: { ...; }; }'.
        The types of 'result.param.content' are incompatible between these types.
          Type 'unknown' is not assignable to type 'string | (DocumentBlockParam | ImageBlockParam | SearchResultBlockParam | TextBlockParam | ToolReferenceBlockParam)[]'.
src/tools/AgentTool/AgentTool.tsx(1407,3): error TS2322: Type '(toolUses: { param: import("D:/doge-code/node_modules/@anthropic-ai/sdk/resources/messages/messages").ToolUseBlockParam; isResolved: boolean; isError: boolean; isInProgress: boolean; progressMessages: import("D:/doge-code/src/types/message").ProgressMessage<...>[]; result?: { ...; }; }[], options: { ...; }) => React...' is not assignable to type '(toolUses: { param: import("D:/doge-code/src/types/tool").ToolUseBlockParam; isResolved: boolean; isError: boolean; isInProgress: boolean; progressMessages: import("D:/doge-code/src/types/message").ProgressMessage<import("D:/doge-code/src/tools/AgentTool/AgentTool").Progress>[]; result?: { ...; }; }[], options: { .....'.
  Types of parameters 'toolUses' and 'toolUses' are incompatible.
    Type '{ param: import("D:/doge-code/src/types/tool").ToolUseBlockParam; isResolved: boolean; isError: boolean; isInProgress: boolean; progressMessages: import("D:/doge-code/src/types/message").ProgressMessage<import("D:/doge-code/src/tools/AgentTool/AgentTool").Progress>[]; result?: { ...; }; }[]' is not assignable to type '{ param: import("D:/doge-code/node_modules/@anthropic-ai/sdk/resources/messages/messages").ToolUseBlockParam; isResolved: boolean; isError: boolean; isInProgress: boolean; progressMessages: import("D:/doge-code/src/types/message").ProgressMessage<...>[]; result?: { ...; }; }[]'.
      Type '{ param: import("D:/doge-code/src/types/tool").ToolUseBlockParam; isResolved: boolean; isError: boolean; isInProgress: boolean; progressMessages: import("D:/doge-code/src/types/message").ProgressMessage<import("D:/doge-code/src/tools/AgentTool/AgentTool").Progress>[]; result?: { ...; }; }' is not assignable to type '{ param: import("D:/doge-code/node_modules/@anthropic-ai/sdk/resources/messages/messages").ToolUseBlockParam; isResolved: boolean; isError: boolean; isInProgress: boolean; progressMessages: import("D:/doge-code/src/types/message").ProgressMessage<...>[]; result?: { ...; }; }'.
        The types of 'result.param.content' are incompatible between these types.
          Type 'unknown' is not assignable to type 'string | (DocumentBlockParam | ImageBlockParam | SearchResultBlockParam | TextBlockParam | ToolReferenceBlockParam)[]'.
src/tools/AgentTool/agentToolUtils.ts(321,83): error TS2739: Type '{ [key: string]: unknown; input_tokens?: number; output_tokens?: number; output_tokens_details?: unknown; cache_creation_input_tokens?: number; cache_read_input_tokens?: number; cache_creation?: { ephemeral_1h_input_tokens?: number; ephemeral_5m_input_tokens?: number; }; service_tier?: string; }' is missing the following properties from type 'BetaUsage': inference_geo, iterations, server_tool_use, speed
src/tools/AgentTool/agentToolUtils.ts(357,5): error TS2322: Type '{ [key: string]: unknown; input_tokens?: number; output_tokens?: number; output_tokens_details?: unknown; cache_creation_input_tokens?: number; cache_read_input_tokens?: number; cache_creation?: { ephemeral_1h_input_tokens?: number; ephemeral_5m_input_tokens?: number; }; service_tier?: string; }' is not assignable to type '{ input_tokens: number; output_tokens: number; cache_creation_input_tokens?: number; cache_read_input_tokens?: number; server_tool_use?: { web_search_requests: number; web_fetch_requests: number; }; service_tier?: "batch" | ... 1 more ... | "standard"; cache_creation?: { ...; }; }'.
  Property 'input_tokens' is optional in type '{ [key: string]: unknown; input_tokens?: number; output_tokens?: number; output_tokens_details?: unknown; cache_creation_input_tokens?: number; cache_read_input_tokens?: number; cache_creation?: { ephemeral_1h_input_tokens?: number; ephemeral_5m_input_tokens?: number; }; service_tier?: string; }' but required in type '{ input_tokens: number; output_tokens: number; cache_creation_input_tokens?: number; cache_read_input_tokens?: number; server_tool_use?: { web_search_requests: number; web_fetch_requests: number; }; service_tier?: "batch" | ... 1 more ... | "standard"; cache_creation?: { ...; }; }'.
src/tools/AgentTool/builtInAgents.ts(48,15): error TS2339: Property 'getCoordinatorAgents' does not exist on type 'typeof import("D:/doge-code/src/coordinator/workerAgent")'.
src/tools/AgentTool/runAgent.ts(762,7): error TS2322: Type 'string' is not assignable to type '`${string}-${string}-${string}-${string}-${string}`'.
src/tools/AgentTool/runAgent.ts(780,23): error TS2339: Property 'type' does not exist on type 'unknown'.
src/tools/AgentTool/runAgent.ts(783,46): error TS2345: Argument of type 'unknown' is not assignable to parameter of type 'number'.
src/tools/AgentTool/runAgent.ts(790,32): error TS2339: Property 'type' does not exist on type 'unknown'.
src/tools/AgentTool/runAgent.ts(805,15): error TS2322: Type 'StreamEvent | AttachmentMessage' is not assignable to type 'Message'.
  Type 'StreamEvent' is not assignable to type 'Message'.
    Type 'StreamEvent' is not assignable to type 'UserMessage'.
      Property 'message' is missing in type 'StreamEvent' but required in type '{ type: "user"; message: { [key: string]: unknown; content: string | ContentBlockParam[]; }; sourceToolAssistantUUID?: string; }'.
src/tools/AgentTool/runAgent.ts(836,11): error TS2322: Type 'string' is not assignable to type '`${string}-${string}-${string}-${string}-${string}`'.
src/tools/BashTool/BashTool.tsx(1169,16): error TS2353: Object literal may only specify known properties, and 'result' does not exist in type 'PermissionResult'.
src/tools/BashTool/BashTool.tsx(1185,3): error TS2322: Type '({ interrupted, stdout, stderr, isImage, backgroundTaskId, backgroundedByUser, assistantAutoBackgrounded, structuredContent, persistedOutputPath, persistedOutputSize }: { stdout: string; stderr: string; rawOutputPath?: string; interrupted: boolean; isImage?: boolean; backgroundTaskId?: string; backgroundedByUser?: b...' is not assignable to type '(content: any, toolUseID: string) => ToolResultBlockParam'.
  Type 'import("D:/doge-code/node_modules/@anthropic-ai/sdk/resources/messages/messages").ToolResultBlockParam' is not assignable to type 'import("D:/doge-code/src/types/tool").ToolResultBlockParam'.
    Property 'content' is optional in type 'ToolResultBlockParam' but required in type 'ToolResultBlockParam'.
src/tools/BashTool/BashTool.tsx(1185,3): error TS2322: Type '({ interrupted, stdout, stderr, isImage, backgroundTaskId, backgroundedByUser, assistantAutoBackgrounded, structuredContent, persistedOutputPath, persistedOutputSize }: { stdout: string; stderr: string; rawOutputPath?: string; interrupted: boolean; isImage?: boolean; backgroundTaskId?: string; backgroundedByUser?: b...' is not assignable to type '(content: { stdout: string; stderr: string; rawOutputPath?: string; interrupted: boolean; isImage?: boolean; backgroundTaskId?: string; backgroundedByUser?: boolean; assistantAutoBackgrounded?: boolean; ... 5 more ...; persistedOutputSize?: number; }, toolUseID: string) => ToolResultBlockParam'.
  Type 'import("D:/doge-code/node_modules/@anthropic-ai/sdk/resources/messages/messages").ToolResultBlockParam' is not assignable to type 'import("D:/doge-code/src/types/tool").ToolResultBlockParam'.
    Property 'content' is optional in type 'ToolResultBlockParam' but required in type 'ToolResultBlockParam'.
src/tools/BashTool/BashTool.tsx(1274,9): error TS2322: Type '(input: { command: string; timeout?: number; description?: string; run_in_background?: boolean; dangerouslyDisableSandbox?: boolean; _simulatedSedEdit?: { filePath: string; newContent: string; }; }, toolUseContext: ToolUseContext, _canUseTool?: CanUseToolFn, parentMessage?: AssistantMessage, onProgress?: ToolCallPro...' is not assignable to type '(args: any, context?: ToolUseContext, canUseTool?: CanUseToolFn, parentMessage?: AssistantMessage, onProgress?: ToolCallProgress<any>) => Promise<...>'.
  Type 'Promise<SimulatedSedEditResult | { type: "tool_result"; content: { type: "text"; text: string; }[]; isError: boolean; }>' is not assignable to type 'Promise<ToolResult<any>>'.
    Type 'SimulatedSedEditResult | { type: "tool_result"; content: { type: "text"; text: string; }[]; isError: boolean; }' is not assignable to type 'ToolResult<any>'.
      Property 'data' is missing in type '{ type: 'tool_result'; content: { type: 'text'; text: string; }[]; isError: boolean; }' but required in type 'ToolResult<any>'.
src/tools/BashTool/BashTool.tsx(1274,9): error TS2322: Type '(input: { command: string; timeout?: number; description?: string; run_in_background?: boolean; dangerouslyDisableSandbox?: boolean; _simulatedSedEdit?: { filePath: string; newContent: string; }; }, toolUseContext: ToolUseContext, _canUseTool?: CanUseToolFn, parentMessage?: AssistantMessage, onProgress?: ToolCallPro...' is not assignable to type '(args: { command: string; timeout?: number; description?: string; dangerouslyDisableSandbox?: boolean; }, context?: ToolUseContext, canUseTool?: CanUseToolFn, parentMessage?: AssistantMessage, onProgress?: ToolCallProgress<...>) => Promise<...>'.
  Type 'Promise<SimulatedSedEditResult | { type: "tool_result"; content: { type: "text"; text: string; }[]; isError: boolean; }>' is not assignable to type 'Promise<ToolResult<{ stdout: string; stderr: string; rawOutputPath?: string; interrupted: boolean; isImage?: boolean; backgroundTaskId?: string; backgroundedByUser?: boolean; assistantAutoBackgrounded?: boolean; ... 5 more ...; persistedOutputSize?: number; }>>'.
    Type 'SimulatedSedEditResult | { type: "tool_result"; content: { type: "text"; text: string; }[]; isError: boolean; }' is not assignable to type 'ToolResult<{ stdout: string; stderr: string; rawOutputPath?: string; interrupted: boolean; isImage?: boolean; backgroundTaskId?: string; backgroundedByUser?: boolean; assistantAutoBackgrounded?: boolean; ... 5 more ...; persistedOutputSize?: number; }>'.
      Property 'data' is missing in type '{ type: 'tool_result'; content: { type: 'text'; text: string; }[]; isError: boolean; }' but required in type 'ToolResult<{ stdout: string; stderr: string; rawOutputPath?: string; interrupted: boolean; isImage?: boolean; backgroundTaskId?: string; backgroundedByUser?: boolean; assistantAutoBackgrounded?: boolean; ... 5 more ...; persistedOutputSize?: number; }>'.
src/tools/BashTool/BashTool.tsx(1325,47): error TS2345: Argument of type 'unknown' is not assignable to parameter of type 'string'.
src/tools/BashTool/BashTool.tsx(1365,42): error TS1064: The return type of an async function or method must be the global Promise<T> type. Did you mean to write 'Promise<void>'?
src/tools/BashTool/bashPermissions.ts(1797,21): error TS2339: Property 'reason' does not exist on type 'SemanticCheckResult'.
  Property 'reason' does not exist on type '{ ok: true; }'.
src/tools/BashTool/bashPermissions.ts(1828,46): error TS2339: Property 'error' does not exist on type 'ShellParseResult'.
  Property 'error' does not exist on type '{ success: true; tokens: ParseEntry[]; }'.
src/tools/BashTool/sedValidation.ts(406,49): error TS2339: Property 'error' does not exist on type 'ShellParseResult'.
  Property 'error' does not exist on type '{ success: true; tokens: ParseEntry[]; }'.
src/tools/BranchTool/BranchTool.ts(32,3): error TS2739: Type 'ShellCommand' is missing the following properties from type '{ stdout: string; stderr: string; code: number; }': stdout, stderr, code
src/tools/BriefTool/upload.ts(70,3): error TS2322: Type 'void | string' is not assignable to type 'string'.
  Type 'void' is not assignable to type 'string'.
src/tools/ConfigTool/supportedSettings.ts(34,23): error TS2322: Type 'readonly ["dark", "light", "light-daltonized", "dark-daltonized", "light-ansi", "dark-ansi"] | readonly ["auto", "dark", "light", "light-daltonized", "dark-daltonized", "light-ansi", "dark-ansi"]' is not assignable to type 'string[]'.
  The type 'readonly ["dark", "light", "light-daltonized", "dark-daltonized", "light-ansi", "dark-ansi"]' is 'readonly' and cannot be assigned to the mutable type 'string[]'.
src/tools/DatabaseTool/DatabaseTool.ts(123,44): error TS2339: Property 'substring' does not exist on type 'unknown'.
src/tools/DatabaseTool/DatabaseTool.ts(174,71): error TS2339: Property 'get' does not exist on type '{ all(...params: unknown[]): Record<string, unknown>[]; run(...params: unknown[]): { changes: number; }; }'.
src/tools/ExitPlanModeTool/ExitPlanModeV2Tool.ts(346,9): error TS2353: Object literal may only specify known properties, and 'key' does not exist in type 'Notification'.
src/tools/FileEditTool/UI.tsx(238,5): error TS2339: Property 'patch' does not exist on type '{}'.
src/tools/FileEditTool/UI.tsx(239,5): error TS2339: Property 'firstLine' does not exist on type '{}'.
src/tools/FileEditTool/UI.tsx(240,5): error TS2339: Property 'fileContent' does not exist on type '{}'.
src/tools/FileReadTool/FileReadTool.ts(643,3): error TS2322: Type '(data: { type: "text"; file: { filePath: string; content: string; numLines: number; startLine: number; totalLines: number; }; } | { type: "image"; file: { base64: string; type: "image/gif" | "image/jpeg" | "image/png" | "image/webp"; originalSize: number; dimensions?: { ...; }; }; } | { ...; } | { ...; } | { ...; } ...' is not assignable to type '(content: any, toolUseID: string) => ToolResultBlockParam'.
  Type 'ToolResultBlockParam | { tool_use_id: string; type: "tool_result"; content: { type: string; source: { type: string; data: string; media_type: "image/gif" | "image/jpeg" | "image/png" | "image/webp"; }; }[]; }' is not assignable to type 'ToolResultBlockParam'.
    Type 'import("D:/doge-code/node_modules/@anthropic-ai/sdk/resources/messages/messages").ToolResultBlockParam' is not assignable to type 'import("D:/doge-code/src/types/tool").ToolResultBlockParam'.
      Property 'content' is optional in type 'ToolResultBlockParam' but required in type 'ToolResultBlockParam'.
src/tools/FileReadTool/FileReadTool.ts(643,3): error TS2322: Type '(data: { type: "text"; file: { filePath: string; content: string; numLines: number; startLine: number; totalLines: number; }; } | { type: "image"; file: { base64: string; type: "image/gif" | "image/jpeg" | "image/png" | "image/webp"; originalSize: number; dimensions?: { ...; }; }; } | { ...; } | { ...; } | { ...; } ...' is not assignable to type '(content: { type: "text"; file: { filePath: string; content: string; numLines: number; startLine: number; totalLines: number; }; } | { type: "image"; file: { base64: string; type: "image/gif" | "image/jpeg" | "image/png" | "image/webp"; originalSize: number; dimensions?: { ...; }; }; } | { ...; } | { ...; } | { ...;...'.
  Type 'ToolResultBlockParam | { tool_use_id: string; type: "tool_result"; content: { type: string; source: { type: string; data: string; media_type: "image/gif" | "image/jpeg" | "image/png" | "image/webp"; }; }[]; }' is not assignable to type 'ToolResultBlockParam'.
    Type 'import("D:/doge-code/node_modules/@anthropic-ai/sdk/resources/messages/messages").ToolResultBlockParam' is not assignable to type 'import("D:/doge-code/src/types/tool").ToolResultBlockParam'.
      Property 'content' is optional in type 'ToolResultBlockParam' but required in type 'ToolResultBlockParam'.
src/tools/FileReadTool/FileReadTool.ts(891,39): error TS2339: Property 'error' does not exist on type 'PDFResult<PDFExtractPagesResult>'.
  Property 'error' does not exist on type '{ success: true; data: PDFExtractPagesResult; }'.
src/tools/FileReadTool/FileReadTool.ts(962,36): error TS2339: Property 'error' does not exist on type 'PDFResult<PDFExtractPagesResult>'.
  Property 'error' does not exist on type '{ success: true; data: PDFExtractPagesResult; }'.
src/tools/FileReadTool/FileReadTool.ts(978,34): error TS2339: Property 'error' does not exist on type 'PDFResult<{ type: "pdf"; file: { filePath: string; base64: string; originalSize: number; }; }>'.
  Property 'error' does not exist on type '{ success: true; data: { type: "pdf"; file: { filePath: string; base64: string; originalSize: number; }; }; }'.
src/tools/FileReadTool/FileReadTool.ts(1153,38): error TS2349: This expression is not callable.
  Type 'typeof import("D:/doge-code/node_modules/sharp/dist/index")' has no call signatures.
src/tools/FileReadTool/imageProcessor.ts(47,36): error TS2339: Property 'sharp' does not exist on type '{ processImage(buffer: Buffer<ArrayBufferLike>, options?: unknown): Promise<Buffer<ArrayBufferLike>>; default: typeof import("image-processor-napi"); }'.
src/tools/FileWatcherTool/FileWatcherTool.ts(69,43): error TS2339: Property 'substring' does not exist on type 'unknown'.
src/tools/FileWriteTool/UI.tsx(100,55): error TS2322: Type '{ code: any; filePath: any; width: number; }' is not assignable to type 'IntrinsicAttributes & object'.
  Property 'code' does not exist on type 'IntrinsicAttributes & object'.
src/tools/FileWriteTool/UI.tsx(284,12): error TS2339: Property 'type' does not exist on type 'unknown'.
src/tools/FileWriteTool/UI.tsx(287,12): error TS2339: Property 'type' does not exist on type 'unknown'.
src/tools/FileWriteTool/UI.tsx(298,21): error TS2339: Property 'oldContent' does not exist on type 'unknown'.
src/tools/FileWriteTool/UI.tsx(298,49): error TS2339: Property 'patch' does not exist on type 'unknown'.
src/tools/FileWriteTool/UI.tsx(299,94): error TS2339: Property 'patch' does not exist on type 'unknown'.
src/tools/FileWriteTool/UI.tsx(299,141): error TS2339: Property 'oldContent' does not exist on type 'unknown'.
src/tools/FileWriteTool/UI.tsx(300,17): error TS2339: Property 'oldContent' does not exist on type 'unknown'.
src/tools/FileWriteTool/UI.tsx(301,17): error TS2339: Property 'patch' does not exist on type 'unknown'.
src/tools/GitTool/GitTool.tsx(34,3): error TS2739: Type 'ShellCommand' is missing the following properties from type '{ stdout: string; stderr: string; code: number; }': stdout, stderr, code
src/tools/GraphqlTool/GraphqlTool.ts(56,38): error TS2339: Property 'substring' does not exist on type 'unknown'.
src/tools/GraphqlTool/GraphqlTool.ts(61,40): error TS2339: Property 'length' does not exist on type 'unknown'.
src/tools/GraphqlTool/GraphqlTool.ts(63,31): error TS2339: Property 'map' does not exist on type 'unknown'.
src/tools/LSPTool/UI.tsx(16,7): error TS2741: Property 'listDiagnostics' is missing in type '{ goToDefinition: { singular: string; plural: string; }; findReferences: { singular: string; plural: string; }; documentSymbol: { singular: string; plural: string; }; workspaceSymbol: { singular: string; plural: string; }; hover: { singular: string; plural: string; special: string; }; goToImplementation: { ...; }; p...' but required in type 'Record<"documentSymbol" | "findReferences" | "goToDefinition" | "goToImplementation" | "hover" | "incomingCalls" | "listDiagnostics" | "outgoingCalls" | "prepareCallHierarchy" | "workspaceSymbol", { ...; }>'.
src/tools/MCPTool/UI.tsx(74,30): error TS2365: Operator '>' cannot be applied to types 'unknown' and 'number'.
src/tools/MCPTool/UI.tsx(75,43): error TS2362: The left-hand side of an arithmetic operation must be of type 'any', 'number', 'bigint' or an enum type.
src/tools/MCPTool/UI.tsx(75,54): error TS2363: The right-hand side of an arithmetic operation must be of type 'any', 'number', 'bigint' or an enum type.
src/tools/McpAuthTool/McpAuthTool.ts(62,3): error TS2741: Property 'info' is missing in type '{ name: string; isMcp: true; mcpInfo: { serverName: string; toolName: string; }; isEnabled: () => true; isConcurrencySafe: () => false; isReadOnly: () => false; toAutoClassifierInput: () => string; userFacingName: () => string; ... 7 more ...; mapToolResultToToolResultBlockParam(data: McpAuthOutput, toolUseID: strin...' but required in type 'Tool<ZodObject<{}, $strip>, McpAuthOutput>'.
src/tools/McpAuthTool/McpAuthTool.ts(214,5): error TS2741: Property 'info' is missing in type '{ name: string; isMcp: true; mcpInfo: { serverName: string; toolName: string; }; isEnabled: () => true; isConcurrencySafe: () => false; isReadOnly: () => false; toAutoClassifierInput: () => string; userFacingName: () => string; ... 7 more ...; mapToolResultToToolResultBlockParam(data: McpAuthOutput, toolUseID: strin...' but required in type 'Tool<ZodObject<{}, $strip>, McpAuthOutput>'.
src/tools/McpToolSearchTool/McpToolSearchTool.ts(73,35): error TS2339: Property 'toLowerCase' does not exist on type '"" | ((input: { [key: string]: unknown; }, options: { isNonInteractiveSession: boolean; toolPermissionContext: { readonly mode: InternalPermissionMode; readonly additionalWorkingDirectories: { ...; }; ... 8 more ...; readonly prePlanMode?: InternalPermissionMode; }; tools: Tools; }) => Promise<...>)'.
  Property 'toLowerCase' does not exist on type '(input: { [key: string]: unknown; }, options: { isNonInteractiveSession: boolean; toolPermissionContext: { readonly mode: InternalPermissionMode; readonly additionalWorkingDirectories: { ...; }; ... 8 more ...; readonly prePlanMode?: InternalPermissionMode; }; tools: Tools; }) => Promise<...>'.
src/tools/McpToolSearchTool/McpToolSearchTool.ts(76,9): error TS2322: Type '{ name: string; server: string; description: string | ((input: { [key: string]: unknown; }, options: { isNonInteractiveSession: boolean; toolPermissionContext: { readonly mode: InternalPermissionMode; ... 9 more ...; readonly prePlanMode?: InternalPermissionMode; }; tools: Tools; }) => Promise<...>); }[]' is not assignable to type '{ name: string; server: string; description: string; }[]'.
  Type '{ name: string; server: string; description: string | ((input: { [key: string]: unknown; }, options: { isNonInteractiveSession: boolean; toolPermissionContext: ToolPermissionContext; tools: Tools; }) => Promise<string>); }' is not assignable to type '{ name: string; server: string; description: string; }'.
    Types of property 'description' are incompatible.
      Type 'string | ((input: { [key: string]: unknown; }, options: { isNonInteractiveSession: boolean; toolPermissionContext: { readonly mode: InternalPermissionMode; readonly additionalWorkingDirectories: { ...; }; ... 8 more ...; readonly prePlanMode?: InternalPermissionMode; }; tools: Tools; }) => Promise<...>)' is not assignable to type 'string'.
        Type '(input: { [key: string]: unknown; }, options: { isNonInteractiveSession: boolean; toolPermissionContext: { readonly mode: InternalPermissionMode; readonly additionalWorkingDirectories: { ...; }; ... 8 more ...; readonly prePlanMode?: InternalPermissionMode; }; tools: Tools; }) => Promise<...>' is not assignable to type 'string'.
src/tools/McpToolSearchTool/McpToolSearchTool.ts(82,9): error TS2322: Type '{ name: string; server: string; description: string | ((input: { [key: string]: unknown; }, options: { isNonInteractiveSession: boolean; toolPermissionContext: { readonly mode: InternalPermissionMode; ... 9 more ...; readonly prePlanMode?: InternalPermissionMode; }; tools: Tools; }) => Promise<...>); }[]' is not assignable to type '{ name: string; server: string; description: string; }[]'.
  Type '{ name: string; server: string; description: string | ((input: { [key: string]: unknown; }, options: { isNonInteractiveSession: boolean; toolPermissionContext: ToolPermissionContext; tools: Tools; }) => Promise<string>); }' is not assignable to type '{ name: string; server: string; description: string; }'.
    Types of property 'description' are incompatible.
      Type 'string | ((input: { [key: string]: unknown; }, options: { isNonInteractiveSession: boolean; toolPermissionContext: { readonly mode: InternalPermissionMode; readonly additionalWorkingDirectories: { ...; }; ... 8 more ...; readonly prePlanMode?: InternalPermissionMode; }; tools: Tools; }) => Promise<...>)' is not assignable to type 'string'.
        Type '(input: { [key: string]: unknown; }, options: { isNonInteractiveSession: boolean; toolPermissionContext: { readonly mode: InternalPermissionMode; readonly additionalWorkingDirectories: { ...; }; ... 8 more ...; readonly prePlanMode?: InternalPermissionMode; }; tools: Tools; }) => Promise<...>' is not assignable to type 'string'.
src/tools/McpToolSearchTool/McpToolSearchTool.ts(85,35): error TS2339: Property 'toLowerCase' does not exist on type '"" | ((input: { [key: string]: unknown; }, options: { isNonInteractiveSession: boolean; toolPermissionContext: { readonly mode: InternalPermissionMode; readonly additionalWorkingDirectories: { ...; }; ... 8 more ...; readonly prePlanMode?: InternalPermissionMode; }; tools: Tools; }) => Promise<...>)'.
  Property 'toLowerCase' does not exist on type '(input: { [key: string]: unknown; }, options: { isNonInteractiveSession: boolean; toolPermissionContext: { readonly mode: InternalPermissionMode; readonly additionalWorkingDirectories: { ...; }; ... 8 more ...; readonly prePlanMode?: InternalPermissionMode; }; tools: Tools; }) => Promise<...>'.
src/tools/MultiFileEditTool/MultiFileEditTool.ts(37,9): error TS2322: Type '(args: { operations: { file_path: string; old_string: string; new_string: string; }[]; }, toolUseContext: ToolUseContext) => Promise<{ data: { results: { file_path: string; success: boolean; error: string; }[]; summary: string; }; }>' is not assignable to type '(args: { operations: { file_path: string; old_string: string; new_string: string; }[]; }, context?: ToolUseContext, canUseTool?: CanUseToolFn, parentMessage?: AssistantMessage, onProgress?: ToolCallProgress<...>) => Promise<...>'.
  Type 'Promise<{ data: { results: { file_path: string; success: boolean; error: string; }[]; summary: string; }; }>' is not assignable to type 'Promise<ToolResult<ZodObject<{ results: ZodArray<ZodObject<{ file_path: ZodString; success: ZodBoolean; error: ZodNullable<ZodString>; }, $strip>>; summary: ZodString; }, $strip>>>'.
    Type '{ data: { results: { file_path: string; success: boolean; error: string | null; }[]; summary: string; }; }' is not assignable to type 'ToolResult<ZodObject<{ results: ZodArray<ZodObject<{ file_path: ZodString; success: ZodBoolean; error: ZodNullable<ZodString>; }, $strip>>; summary: ZodString; }, $strip>>'.
      Types of property 'data' are incompatible.
        Type '{ results: { file_path: string; success: boolean; error: string | null; }[]; summary: string; }' is missing the following properties from type 'ZodObject<{ results: ZodArray<ZodObject<{ file_path: ZodString; success: ZodBoolean; error: ZodNullable<ZodString>; }, $strip>>; summary: ZodString; }, $strip>': "~standard", shape, keyof, catchall, and 61 more.
src/tools/MultiSearchTool/MultiSearchTool.ts(103,42): error TS2345: Argument of type '{ name: string; searchHint: string; maxResultSizeChars: number; shouldDefer: true; isEnabled: () => true; isConcurrencySafe: () => true; isReadOnly: () => true; description(input: any): Promise<string>; ... 6 more ...; prompt(): Promise<...>; }' is not assignable to parameter of type 'AnyToolDef'.
  Property 'renderToolUseMessage' is missing in type '{ name: string; searchHint: string; maxResultSizeChars: number; shouldDefer: true; isEnabled: () => true; isConcurrencySafe: () => true; isReadOnly: () => true; description(input: any): Promise<string>; ... 6 more ...; prompt(): Promise<...>; }' but required in type 'Omit<Tool<any, any, any>, DefaultableToolKeys>'.
src/tools/NotebookEditTool/NotebookEditTool.ts(367,57): error TS2339: Property 'name' does not exist on type 'unknown'.
src/tools/NotebookEditTool/UI.tsx(88,28): error TS2322: Type '{ code: string; filePath: string; }' is not assignable to type 'IntrinsicAttributes & object'.
  Property 'code' does not exist on type 'IntrinsicAttributes & object'.
src/tools/PlanModeTool/PlanModeTool.ts(83,28): error TS2322: Type '"auto" | "plan"' is not assignable to type '"acceptEdits" | "bypassPermissions" | "default" | "dontAsk" | "plan"'.
  Type '"auto"' is not assignable to type '"acceptEdits" | "bypassPermissions" | "default" | "dontAsk" | "plan"'.
src/tools/PowerShellTool/PowerShellTool.tsx(388,3): error TS2322: Type '({ interrupted, stdout, stderr, isImage, persistedOutputPath, persistedOutputSize, backgroundTaskId, backgroundedByUser, assistantAutoBackgrounded }: { stdout: string; stderr: string; interrupted: boolean; returnCodeInterpretation?: string; isImage?: boolean; persistedOutputPath?: string; persistedOutputSize?: numbe...' is not assignable to type '(content: any, toolUseID: string) => ToolResultBlockParam'.
  Type 'import("D:/doge-code/node_modules/@anthropic-ai/sdk/resources/messages/messages").ToolResultBlockParam' is not assignable to type 'import("D:/doge-code/src/types/tool").ToolResultBlockParam'.
    Property 'content' is optional in type 'ToolResultBlockParam' but required in type 'ToolResultBlockParam'.
src/tools/PowerShellTool/PowerShellTool.tsx(388,3): error TS2322: Type '({ interrupted, stdout, stderr, isImage, persistedOutputPath, persistedOutputSize, backgroundTaskId, backgroundedByUser, assistantAutoBackgrounded }: { stdout: string; stderr: string; interrupted: boolean; returnCodeInterpretation?: string; isImage?: boolean; persistedOutputPath?: string; persistedOutputSize?: numbe...' is not assignable to type '(content: { stdout: string; stderr: string; interrupted: boolean; returnCodeInterpretation?: string; isImage?: boolean; persistedOutputPath?: string; persistedOutputSize?: number; backgroundTaskId?: string; backgroundedByUser?: boolean; assistantAutoBackgrounded?: boolean; }, toolUseID: string) => ToolResultBlockParam'.
  Type 'import("D:/doge-code/node_modules/@anthropic-ai/sdk/resources/messages/messages").ToolResultBlockParam' is not assignable to type 'import("D:/doge-code/src/types/tool").ToolResultBlockParam'.
    Property 'content' is optional in type 'ToolResultBlockParam' but required in type 'ToolResultBlockParam'.
src/tools/PowerShellTool/powershellPermissions.ts(442,7): error TS2353: Object literal may only specify known properties, and 'message' does not exist in type 'PermissionAllowDecision<{ [key: string]: unknown; }>'.
src/tools/PowerShellTool/powershellPermissions.ts(651,7): error TS2353: Object literal may only specify known properties, and 'message' does not exist in type 'PermissionAllowDecision<{ [key: string]: unknown; }>'.
src/tools/QueueTool/QueueTool.ts(121,39): error TS2488: Type 'Record<string, QueueEntry[]>' must have a '[Symbol.iterator]()' method that returns an iterator.
src/tools/SearchReplaceEditTool/SearchReplaceEditTool.ts(72,3): error TS2322: Type 'string' is not assignable to type '(input: any, options: { isNonInteractiveSession: boolean; toolPermissionContext: { readonly mode: InternalPermissionMode; readonly additionalWorkingDirectories: { readonly clear: () => void; ... 12 more ...; readonly getOrInsertComputed: (key: string, callback: (key: string) => AdditionalWorkingDirectory) => Additio...'.
src/tools/SendMessageTool/SendMessageTool.ts(777,19): error TS2339: Property 'sendToUdsSocket' does not exist on type 'typeof import("D:/doge-code/src/utils/udsClient")'.
src/tools/SendMessageTool/SendMessageTool.ts(829,17): error TS2322: Type 'unknown' is not assignable to type 'string'.
src/tools/SendMessageTool/SendMessageTool.ts(856,17): error TS2322: Type 'unknown' is not assignable to type 'string'.
src/tools/ShellTool/ShellTool.ts(54,26): error TS2339: Property 'substring' does not exist on type 'unknown'.
src/tools/ShellTool/ShellTool.ts(72,9): error TS2353: Object literal may only specify known properties, and 'cwd' does not exist in type 'ExecOptions'.
src/tools/ShellTool/ShellTool.ts(75,36): error TS2339: Property 'result' does not exist on type 'Promise<ShellCommand>'.
src/tools/SkillTool/SkillTool.ts(382,40): error TS2339: Property 'stripCanonicalPrefix' does not exist on type '{ isSkillSearchEnabled(): boolean; getRemoteSkillState(): any; loadRemoteSkill(): Promise<any>; logSkillSearchTelemetry(): void; }'.
src/tools/SkillTool/SkillTool.ts(386,42): error TS2339: Property 'getDiscoveredRemoteSkill' does not exist on type '{ isSkillSearchEnabled(): boolean; getRemoteSkillState(): any; loadRemoteSkill(): Promise<any>; logSkillSearchTelemetry(): void; }'.
src/tools/SkillTool/SkillTool.ts(517,40): error TS2339: Property 'stripCanonicalPrefix' does not exist on type '{ isSkillSearchEnabled(): boolean; getRemoteSkillState(): any; loadRemoteSkill(): Promise<any>; logSkillSearchTelemetry(): void; }'.
src/tools/SkillTool/SkillTool.ts(642,40): error TS2339: Property 'stripCanonicalPrefix' does not exist on type '{ isSkillSearchEnabled(): boolean; getRemoteSkillState(): any; loadRemoteSkill(): Promise<any>; logSkillSearchTelemetry(): void; }'.
src/tools/SkillTool/SkillTool.ts(876,3): error TS2322: Type '(result: { success: boolean; commandName: string; allowedTools?: string[]; model?: string; status?: "inline"; } | { success: boolean; commandName: string; status: "forked"; agentId: string; result: string; }, toolUseID: string) => ToolResultBlockParam' is not assignable to type '(content: any, toolUseID: string) => ToolResultBlockParam'.
  Type 'import("D:/doge-code/node_modules/@anthropic-ai/sdk/resources/messages/messages").ToolResultBlockParam' is not assignable to type 'import("D:/doge-code/src/types/tool").ToolResultBlockParam'.
    Property 'content' is optional in type 'ToolResultBlockParam' but required in type 'ToolResultBlockParam'.
src/tools/SkillTool/SkillTool.ts(876,3): error TS2322: Type '(result: { success: boolean; commandName: string; allowedTools?: string[]; model?: string; status?: "inline"; } | { success: boolean; commandName: string; status: "forked"; agentId: string; result: string; }, toolUseID: string) => ToolResultBlockParam' is not assignable to type '(content: { success: boolean; commandName: string; allowedTools?: string[]; model?: string; status?: "inline"; } | { success: boolean; commandName: string; status: "forked"; agentId: string; result: string; }, toolUseID: string) => ToolResultBlockParam'.
  Type 'import("D:/doge-code/node_modules/@anthropic-ai/sdk/resources/messages/messages").ToolResultBlockParam' is not assignable to type 'import("D:/doge-code/src/types/tool").ToolResultBlockParam'.
    Property 'content' is optional in type 'ToolResultBlockParam' but required in type 'ToolResultBlockParam'.
src/tools/SkillTool/SkillTool.ts(1006,11): error TS2339: Property 'getDiscoveredRemoteSkill' does not exist on type '{ isSkillSearchEnabled(): boolean; getRemoteSkillState(): any; loadRemoteSkill(): Promise<any>; logSkillSearchTelemetry(): void; }'.
src/tools/SkillTool/SkillTool.ts(1006,54): error TS2339: Property 'logRemoteSkillLoaded' does not exist on type '{ isSkillSearchEnabled(): boolean; getRemoteSkillState(): any; loadRemoteSkill(): Promise<any>; logSkillSearchTelemetry(): void; }'.
src/tools/SkillTool/SkillTool.ts(1021,40): error TS2554: Expected 0 arguments, but got 2.
src/tools/SkillTool/UI.tsx(80,28): error TS2345: Argument of type 'ToolProgressData[]' is not assignable to parameter of type '{ message: AssistantMessage | UserMessage; }[]'.
  Property 'message' is missing in type 'ToolProgressData' but required in type '{ message: AssistantMessage | UserMessage; }'.
src/tools/SleepTool/SleepTool.ts(75,15): error TS2339: Property 'isProactiveActive' does not exist on type 'typeof import("src/proactive/index.js")'.
src/tools/SleepTool/SleepTool.ts(83,15): error TS2339: Property 'isProactiveActive' does not exist on type 'typeof import("src/proactive/index.js")'.
src/tools/SleepTool/SleepTool.ts(88,17): error TS2339: Property 'hasCommandsInQueue' does not exist on type 'typeof import("src/utils/messageQueueManager.js")'.
src/tools/TerminalPanelTool/TerminalPanelTool.ts(78,57): error TS2339: Property 'slice' does not exist on type 'unknown'.
src/tools/TerminalPanelTool/TerminalPanelTool.ts(87,9): error TS2322: Type '({ action, content, title, stream }: { action: "blur" | "clear" | "focus" | "hide" | "show" | "status" | "write"; content?: string; title?: string; stream?: "both" | "stderr" | "stdout"; }) => Promise<{ visible: boolean; focused: boolean; message: string; lines?: number; } | { ...; }>' is not assignable to type '(args: any, context?: ToolUseContext, canUseTool?: CanUseToolFn, parentMessage?: AssistantMessage, onProgress?: ToolCallProgress<any>) => Promise<...>'.
  Type 'Promise<{ visible: boolean; focused: boolean; message: string; lines?: number; } | { data: { visible: boolean; focused: boolean; message: string; lines?: number; }; }>' is not assignable to type 'Promise<ToolResult<any>>'.
    Type '{ visible: boolean; focused: boolean; message: string; lines?: number; } | { data: { visible: boolean; focused: boolean; message: string; lines?: number; }; }' is not assignable to type 'ToolResult<any>'.
      Property 'data' is missing in type '{ visible: boolean; focused: boolean; message: string; lines?: number; }' but required in type 'ToolResult<any>'.
src/tools/TerminalPanelTool/TerminalPanelTool.ts(87,9): error TS2322: Type '({ action, content, title, stream }: { action: "blur" | "clear" | "focus" | "hide" | "show" | "status" | "write"; content?: string; title?: string; stream?: "both" | "stderr" | "stdout"; }) => Promise<{ visible: boolean; focused: boolean; message: string; lines?: number; } | { ...; }>' is not assignable to type '(args: { action: "blur" | "clear" | "focus" | "hide" | "show" | "status" | "write"; content?: string; title?: string; stream?: "both" | "stderr" | "stdout"; }, context?: ToolUseContext, canUseTool?: CanUseToolFn, parentMessage?: AssistantMessage, onProgress?: ToolCallProgress<...>) => Promise<...>'.
  Type 'Promise<{ visible: boolean; focused: boolean; message: string; lines?: number; } | { data: { visible: boolean; focused: boolean; message: string; lines?: number; }; }>' is not assignable to type 'Promise<ToolResult<{ visible: boolean; focused: boolean; message: string; lines?: number; }>>'.
    Type '{ visible: boolean; focused: boolean; message: string; lines?: number; } | { data: { visible: boolean; focused: boolean; message: string; lines?: number; }; }' is not assignable to type 'ToolResult<{ visible: boolean; focused: boolean; message: string; lines?: number; }>'.
      Property 'data' is missing in type '{ visible: boolean; focused: boolean; message: string; lines?: number; }' but required in type 'ToolResult<{ visible: boolean; focused: boolean; message: string; lines?: number; }>'.
src/tools/TerminalPanelTool/TerminalPanelTool.ts(116,18): error TS2352: Conversion of type '{ data: { visible: boolean; focused: boolean; message: string; lines: number; }; }' to type '{ visible: boolean; focused: boolean; message: string; lines?: number; }' may be a mistake because neither type sufficiently overlaps with the other. If this was intentional, convert the expression to 'unknown' first.
  Type '{ data: { visible: boolean; focused: boolean; message: string; lines: number; }; }' is missing the following properties from type '{ visible: boolean; focused: boolean; message: string; lines?: number; }': visible, focused, message
src/tools/ThemeTool/ThemeTool.ts(175,17): error TS2352: Conversion of type '{ success: true; theme: Theme; message: string; }' to type '{ success: boolean; themes?: string[]; currentTheme?: string; message: string; theme?: Record<string, string>; }' may be a mistake because neither type sufficiently overlaps with the other. If this was intentional, convert the expression to 'unknown' first.
  Types of property 'theme' are incompatible.
    Type 'Theme' is not comparable to type 'Record<string, string>'.
      Index signature for type 'string' is missing in type 'Theme'.
src/tools/ThemeTool/ThemeTool.ts(193,17): error TS2352: Conversion of type '{ success: true; currentTheme: string; theme: Theme; message: string; }' to type '{ success: boolean; themes?: string[]; currentTheme?: string; message: string; theme?: Record<string, string>; }' may be a mistake because neither type sufficiently overlaps with the other. If this was intentional, convert the expression to 'unknown' first.
  Types of property 'theme' are incompatible.
    Type 'Theme' is not comparable to type 'Record<string, string>'.
      Index signature for type 'string' is missing in type 'Theme'.
src/tools/ToolCollectionTool/toolAdapters.ts(64,3): error TS1117: An object literal cannot have multiple properties with the same name.
src/tools/ToolCollectionTool/toolRegistry.ts(231,5): error TS2322: Type 'Record<string, unknown>' is not assignable to type 'Record<string, { calls: number; successes: number; failures: number; avgDuration: number; lastCalled: number; }>'.
  'string' index signatures are incompatible.
    Type 'unknown' is not assignable to type '{ calls: number; successes: number; failures: number; avgDuration: number; lastCalled: number; }'.
      Type '{}' is missing the following properties from type '{ calls: number; successes: number; failures: number; avgDuration: number; lastCalled: number; }': calls, successes, failures, avgDuration, lastCalled
src/tools/ToolSearchTool/ToolSearchTool.ts(444,3): error TS2322: Type '(content: { matches: string[]; query: string; total_deferred_tools: number; pending_mcp_servers?: string[]; }, toolUseID: string) => ToolResultBlockParam' is not assignable to type '(content: any, toolUseID: string) => ToolResultBlockParam'.
  Type 'import("D:/doge-code/node_modules/@anthropic-ai/sdk/resources/messages/messages").ToolResultBlockParam' is not assignable to type 'import("D:/doge-code/src/types/tool").ToolResultBlockParam'.
    Property 'content' is optional in type 'ToolResultBlockParam' but required in type 'ToolResultBlockParam'.
src/tools/ToolSearchTool/ToolSearchTool.ts(444,3): error TS2322: Type '(content: { matches: string[]; query: string; total_deferred_tools: number; pending_mcp_servers?: string[]; }, toolUseID: string) => import("D:/doge-code/node_modules/@anthropic-ai/sdk/resources/messages/messages").ToolResultBlockParam' is not assignable to type '(content: { matches: string[]; query: string; total_deferred_tools: number; pending_mcp_servers?: string[]; }, toolUseID: string) => import("D:/doge-code/src/types/tool").ToolResultBlockParam'.
  Type 'import("D:/doge-code/node_modules/@anthropic-ai/sdk/resources/messages/messages").ToolResultBlockParam' is not assignable to type 'import("D:/doge-code/src/types/tool").ToolResultBlockParam'.
    Property 'content' is optional in type 'ToolResultBlockParam' but required in type 'ToolResultBlockParam'.
src/tools/TungstenTool/TungstenTool.ts(3,39): error TS2345: Argument of type '{ name: string; userFacingName(): string; description(): Promise<string>; prompt(): Promise<string>; inputSchema: never; outputSchema: never; isEnabled(): false; isReadOnly(): true; isConcurrencySafe(): true; call(): Promise<...>; }' is not assignable to parameter of type 'AnyToolDef'.
  Type '{ name: string; userFacingName(): string; description(): Promise<string>; prompt(): Promise<string>; inputSchema: never; outputSchema: never; isEnabled(): false; isReadOnly(): true; isConcurrencySafe(): true; call(): Promise<...>; }' is missing the following properties from type 'Omit<Tool<any, any, any>, DefaultableToolKeys>': maxResultSizeChars, renderToolUseMessage
src/tools/UltrareviewTool/UltrareviewTool.ts(26,21): error TS2339: Property 'result' does not exist on type 'Promise<ShellCommand>'.
src/tools/UltrareviewTool/UltrareviewTool.ts(32,21): error TS2339: Property 'result' does not exist on type 'Promise<ShellCommand>'.
src/tools/UltrareviewTool/UltrareviewTool.ts(86,35): error TS2339: Property 'substring' does not exist on type 'unknown'.
src/tools/WebFetchTool/utils.ts(1828,27): error TS2345: Argument of type 'AxiosHeaderValue' is not assignable to parameter of type 'string'.
  Type 'number' is not assignable to type 'string'.
src/tools/WebFetchTool/utils.ts(1830,58): error TS2345: Argument of type 'AxiosHeaderValue' is not assignable to parameter of type 'string'.
  Type 'number' is not assignable to type 'string'.
src/tools/WebFetchTool/utils.ts(1842,19): error TS2339: Property 'includes' does not exist on type 'AxiosHeaderValue'.
  Property 'includes' does not exist on type 'number'.
src/tools/WebFetchTool/utils.ts(1861,5): error TS2322: Type 'AxiosHeaderValue' is not assignable to type 'string'.
  Type 'number' is not assignable to type 'string'.
src/tools/WebSearchTool/WebSearchTool.ts(4602,9): error TS2322: Type '(input: { [x: string]: unknown; query: string; allowed_domains?: string[]; blocked_domains?: string[]; }, context: ToolUseContext, _canUseTool: CanUseToolFn, _parentMessage: AssistantMessage, onProgress: ToolCallProgress<...>) => Promise<...>' is not assignable to type '(args: { [x: string]: unknown; query: string; allowed_domains?: string[]; blocked_domains?: string[]; }, context?: ToolUseContext, canUseTool?: CanUseToolFn, parentMessage?: AssistantMessage, onProgress?: ToolCallProgress<...>) => Promise<...>'.
  Type 'Promise<{ data: { queryModify: string; results: (string | { tool_use_id: string; content: { title: string; url: string; }[]; })[]; durationSeconds: number; }; }>' is not assignable to type 'Promise<ToolResult<{ query: string; results: (string | { tool_use_id: string; content: { title: string; url: string; }[]; })[]; durationSeconds: number; }>>'.
    Type '{ data: { queryModify: string; results: (string | { tool_use_id: string; content: { title: string; url: string; }[]; })[]; durationSeconds: number; }; }' is not assignable to type 'ToolResult<{ query: string; results: (string | { tool_use_id: string; content: { title: string; url: string; }[]; })[]; durationSeconds: number; }>'.
      Types of property 'data' are incompatible.
        Property 'query' is missing in type '{ queryModify: string; results: (string | { tool_use_id: string; content: { title: string; url: string; }[]; })[]; durationSeconds: number; }' but required in type '{ query: string; results: (string | { tool_use_id: string; content: { title: string; url: string; }[]; })[]; durationSeconds: number; }'.
src/tools/WebSearchTool/WebSearchTool.ts(4647,51): error TS2339: Property 'type' does not exist on type '{}'.
src/tools/WorkflowTool/WorkflowTool.ts(127,107): error TS2339: Property 'slice' does not exist on type 'unknown'.
src/types/context/notifications.ts(5,15): error TS2484: Export declaration conflicts with exported declaration of 'Notification'.
src/types/hooks.ts(201,3): error TS2344: Type 'false' does not satisfy the constraint 'true'.
src/types/message.ts(7,15): error TS2614: Module '"@anthropic-ai/sdk"' has no exported member 'ContentBlock'. Did you mean to use 'import ContentBlock from "@anthropic-ai/sdk"' instead?
src/types/message.ts(7,29): error TS2614: Module '"@anthropic-ai/sdk"' has no exported member 'ContentBlockParam'. Did you mean to use 'import ContentBlockParam from "@anthropic-ai/sdk"' instead?
src/types/tool.ts(135,54): error TS2344: Type 'P' does not satisfy the constraint 'ToolProgressData'.
  Type 'import("D:/doge-code/src/types/tools").ToolProgressData' is not assignable to type 'import("D:/doge-code/src/types/toolProgress").ToolProgressData'.
    Type 'ToolProgressData' is missing the following properties from type 'WebSearchProgress': type, query, isSearching
      Type 'P' is not assignable to type 'WebSearchProgress'.
        Type 'ToolProgressData' is missing the following properties from type 'WebSearchProgress': type, query, isSearching
src/upstreamproxy/relay.ts(382,13): error TS2345: Argument of type 'Uint8Array<ArrayBufferLike>' is not assignable to parameter of type 'string | Blob | BufferSource'.
  Type 'Uint8Array<ArrayBufferLike>' is not assignable to type 'ArrayBufferView<ArrayBuffer>'.
    Types of property 'buffer' are incompatible.
      Type 'ArrayBufferLike' is not assignable to type 'ArrayBuffer'.
        Type 'SharedArrayBuffer' is missing the following properties from type 'ArrayBuffer': resizable, resize, detached, transfer, transferToFixedLength
src/upstreamproxy/relay.ts(430,13): error TS2345: Argument of type 'Uint8Array<ArrayBufferLike>' is not assignable to parameter of type 'string | Blob | BufferSource'.
  Type 'Uint8Array<ArrayBufferLike>' is not assignable to type 'ArrayBufferView<ArrayBuffer>'.
    Types of property 'buffer' are incompatible.
      Type 'ArrayBufferLike' is not assignable to type 'ArrayBuffer'.
        Type 'SharedArrayBuffer' is missing the following properties from type 'ArrayBuffer': resizable, resize, detached, transfer, transferToFixedLength
src/upstreamproxy/relay.ts(438,13): error TS2345: Argument of type 'Uint8Array<ArrayBufferLike>' is not assignable to parameter of type 'string | Blob | BufferSource'.
  Type 'Uint8Array<ArrayBufferLike>' is not assignable to type 'ArrayBufferView<ArrayBuffer>'.
    Types of property 'buffer' are incompatible.
      Type 'ArrayBufferLike' is not assignable to type 'ArrayBuffer'.
        Type 'SharedArrayBuffer' is missing the following properties from type 'ArrayBuffer': resizable, resize, detached, transfer, transferToFixedLength
src/utils/absorb.ts(32,17): error TS2391: Function implementation is missing or not immediately following the declaration.
src/utils/analyzeContext.ts(901,5): error TS2345: Argument of type '({ [key: string]: unknown; content?: unknown; } & { [key: string]: unknown; content: string | ContentBlockParam[]; })[]' is not assignable to parameter of type 'BetaMessageParam[]'.
  Property 'role' is missing in type '{ [key: string]: unknown; content?: unknown; } & { [key: string]: unknown; content: string | ContentBlockParam[]; }' but required in type 'BetaMessageParam'.
src/utils/ansiToPng.ts(101,5): error TS2339: Property 'maxDim' does not exist on type 'AnsiToPngOptions'.
src/utils/attachments.ts(88,15): error TS2305: Module '"../services/skillSearch/signals.js"' has no exported member 'DiscoverySignal'.
src/utils/attachments.ts(821,45): error TS2339: Property 'getTurnZeroSkillDiscovery' does not exist on type 'typeof import("D:/doge-code/src/services/skillSearch/prefetch")'.
src/utils/attachments.ts(1016,3): error TS2322: Type 'unknown[]' is not assignable to type 'Attachment[]'.
  Type 'unknown' is not assignable to type 'Attachment'.
src/utils/attachments.ts(3995,33): error TS2339: Property 'shouldNudgeForSnips' does not exist on type 'typeof import("D:/doge-code/src/services/compact/snipCompact")'.
src/utils/attributionTrailer.ts(1,38): error TS2307: Cannot find module '../commitAttribution.js' or its corresponding type declarations.
src/utils/attributionTrailer.ts(34,26): error TS2339: Property 'claudeChars' does not exist on type '{}'.
src/utils/attributionTrailer.ts(34,39): error TS2339: Property 'percent' does not exist on type '{}'.
src/utils/autoUpdater.ts(11,15): error TS2305: Module '"./config.js"' has no exported member 'ReleaseChannel'.
src/utils/aws.ts(2,74): error TS2307: Cannot find module '../../utils/envUtils.js' or its corresponding type declarations.
src/utils/claudeInChrome/mcpServer.ts(220,13): error TS2353: Object literal may only specify known properties, and 'cache_read_input_tokens' does not exist in type '{ input_tokens: number; output_tokens: number; }'.
src/utils/claudeInChrome/mcpServer.ts(281,24): error TS2554: Expected 0 arguments, but got 1.
src/utils/cliHighlight.ts(21,54): error TS2694: Namespace '"highlight.js"' has no exported member 'getLanguage'.
src/utils/cliHighlight.ts(28,37): error TS2339: Property 'getLanguage' does not exist on type 'typeof import("highlight.js")'.
src/utils/computerUse/executor.ts(67,3): error TS4104: The type 'readonly [number, number]' is 'readonly' and cannot be assigned to the mutable type '[number, number]'.
src/utils/computerUse/executor.ts(67,40): error TS2554: Expected 2 arguments, but got 3.
src/utils/computerUse/gates.ts(20,3): error TS2322: Type '"pixels"' is not assignable to type 'CoordinateMode'.
src/utils/computerUse/mcpServer.ts(27,34): error TS2349: This expression is not callable.
  Type '{}' has no call signatures.
src/utils/computerUse/mcpServer.ts(65,54): error TS2554: Expected 0-1 arguments, but got 2.
src/utils/computerUse/mcpServer.ts(69,5): error TS2554: Expected 0 arguments, but got 3.
src/utils/computerUse/mcpServer.ts(74,13): error TS2349: This expression is not callable.
  Type '{}' has no call signatures.
src/utils/computerUse/mcpServer.ts(104,24): error TS2554: Expected 0 arguments, but got 1.
src/utils/computerUse/wrapper.tsx(62,27): error TS4104: The type 'readonly { bundleId: string; displayName: string; grantedAt: number; }[]' is 'readonly' and cannot be assigned to the mutable type '{ bundleId?: string; displayName?: string; }[]'.
src/utils/conversationRecovery.ts(180,25): error TS2345: Argument of type 'unknown' is not assignable to parameter of type 'string'.
src/utils/conversationRecovery.ts(424,41): error TS2345: Argument of type 'string' is not assignable to parameter of type '`${string}-${string}-${string}-${string}-${string}`'.
src/utils/conversationRecovery.ts(494,19): error TS2339: Property 'listAllLiveSessions' does not exist on type 'typeof import("D:/doge-code/src/utils/udsClient")'.
src/utils/doctorDiagnostic.ts(608,5): error TS2322: Type '"未设置" | InstallMethod' is not assignable to type '"not set" | InstallMethod'.
  Type '"未设置"' is not assignable to type '"not set" | InstallMethod'.
src/utils/dxt/helpers.ts(1,15): error TS2724: '"@anthropic-ai/mcpb"' has no exported member named 'McpbManifest'. Did you mean 'McpbManifestAny'?
src/utils/dxt/helpers.ts(16,11): error TS2339: Property 'McpbManifestSchema' does not exist on type 'typeof import("D:/doge-code/node_modules/@anthropic-ai/mcpb/dist/index")'.
src/utils/dxt/helpers.ts(23,47): error TS2339: Property 'join' does not exist on type 'unknown'.
src/utils/envDynamic.ts(201,5): error TS2353: Object literal may only specify known properties, and 'enumerate' does not exist in type 'ProxyHandler<Record<string, unknown>>'.
src/utils/execFileNoThrowPortable.ts(77,7): error TS2769: No overload matches this call.
  The last overload gave the following error.
    Type 'readonly [readonly StdinSingleOption<false, false, true, string>[] | StdinSingleOption<false, false, false, string>, readonly StdoutStderrSingleOption<false, false, true, string>[] | StdoutStderrSingleOption<...>, readonly StdoutStderrSingleOption<...>[] | StdoutStderrSingleOption<...>, ...StdioExtraOptionCommon<......' is not assignable to type 'readonly [readonly StdinSingleOption<true, false, true, string>[] | StdinSingleOption<true, false, false, string>, readonly StdoutStderrSingleOption<true, false, true, string>[] | StdoutStderrSingleOption<...>, readonly StdoutStderrSingleOption<...>[] | StdoutStderrSingleOption<...>, ...StdioExtraOptionCommon<...>[]...'.
      Type '"overlapped"' is not assignable to type 'readonly [readonly StdinSingleOption<true, false, true, string>[] | StdinSingleOption<true, false, false, string>, readonly StdoutStderrSingleOption<true, false, true, string>[] | StdoutStderrSingleOption<...>, readonly StdoutStderrSingleOption<...>[] | StdoutStderrSingleOption<...>, ...StdioExtraOptionCommon<...>[]...'.
src/utils/fileHistory.ts(173,9): error TS2345: Argument of type 'string' is not assignable to parameter of type '`${string}-${string}-${string}-${string}-${string}`'.
src/utils/filePersistence/filePersistence.ts(227,23): error TS2339: Property 'error' does not exist on type 'UploadResult'.
  Property 'error' does not exist on type '{ path: string; fileId: string; size: number; success: true; }'.
src/utils/filePersistence/outputsScanner.ts(69,5): error TS2322: Type 'Dirent<string>[]' is not assignable to type 'Dirent<NonSharedBuffer>[]'.
  Type 'Dirent<string>' is not assignable to type 'Dirent<NonSharedBuffer>'.
    Type 'string' is not assignable to type 'NonSharedBuffer'.
src/utils/filePersistence/outputsScanner.ts(87,44): error TS2345: Argument of type 'NonSharedBuffer' is not assignable to parameter of type 'string'.
src/utils/filePersistence/types.ts(1,13): error TS2300: Duplicate identifier 'TurnStartTime'.
src/utils/filePersistence/types.ts(11,13): error TS2300: Duplicate identifier 'TurnStartTime'.
src/utils/forkedAgent.ts(245,5): error TS2345: Argument of type 'AssistantMessageContent' is not assignable to parameter of type 'readonly { readonly type: string; }[]'.
  Type 'string' is not assignable to type 'readonly { readonly type: string; }[]'.
src/utils/forkedAgent.ts(537,5): error TS2322: Type 'string' is not assignable to type '`${string}-${string}-${string}-${string}-${string}`'.
src/utils/forkedAgent.ts(561,26): error TS2339: Property 'type' does not exist on type 'unknown'.
src/utils/forkedAgent.ts(562,25): error TS2339: Property 'usage' does not exist on type 'unknown'.
src/utils/forkedAgent.ts(564,75): error TS2339: Property 'usage' does not exist on type 'unknown'.
src/utils/forkedAgent.ts(595,11): error TS2322: Type 'string' is not assignable to type '`${string}-${string}-${string}-${string}-${string}`'.
src/utils/generators.ts(64,15): error TS2322: Type 'void | Awaited<A>' is not assignable to type 'Awaited<A>'.
  Type 'void' is not assignable to type 'Awaited<A>'.
src/utils/ghPrStatus.ts(105,18): error TS2339: Property 'prUrlTemplate' does not exist on type 'GlobalConfig'.
src/utils/ghPrStatus.ts(106,24): error TS2339: Property 'prUrlTemplate' does not exist on type 'GlobalConfig'.
src/utils/groupToolUses.ts(70,5): error TS2315: Type 'NormalizedAssistantMessage' is not generic.
src/utils/groupToolUses.ts(78,25): error TS2315: Type 'NormalizedAssistantMessage' is not generic.
src/utils/groupToolUses.ts(86,5): error TS2315: Type 'NormalizedAssistantMessage' is not generic.
src/utils/groupToolUses.ts(165,47): error TS2339: Property 'filter' does not exist on type 'string | ContentBlockParam[]'.
  Property 'filter' does not exist on type 'string'.
src/utils/handlePromptSubmit.ts(547,13): error TS2345: Argument of type 'string' is not assignable to parameter of type '`${string}-${string}-${string}-${string}-${string}`'.
src/utils/hooks.ts(2294,81): error TS2339: Property 'error' does not exist on type '{ ok: true; value: string; } | { ok: false; error: any; }'.
  Property 'error' does not exist on type '{ ok: true; value: string; }'.
src/utils/hooks.ts(2497,13): error TS2322: Type '{ async: true; asyncTimeout?: number; } | { continue?: boolean; suppressOutput?: boolean; stopReason?: string; decision?: "approve" | "block"; systemMessage?: string; reason?: string; hookSpecificOutput?: { ...; } | ... 13 more ... | { ...; }; }' is not assignable to type '{ continue?: boolean; suppressOutput?: boolean; stopReason?: string; decision?: "approve" | "block"; systemMessage?: string; reason?: string; hookSpecificOutput?: { hookEventName: "PreToolUse"; permissionDecision?: "allow" | ... 1 more ... | "deny"; permissionDecisionReason?: string; updatedInput?: Record<...>; addi...'.
  Type '{ async: true; asyncTimeout?: number; }' has no properties in common with type '{ continue?: boolean; suppressOutput?: boolean; stopReason?: string; decision?: "approve" | "block"; systemMessage?: string; reason?: string; hookSpecificOutput?: { hookEventName: "PreToolUse"; permissionDecision?: "allow" | ... 1 more ... | "deny"; permissionDecisionReason?: string; updatedInput?: Record<...>; addi...'.
src/utils/hooks/apiQueryHookHelper.ts(111,42): error TS2345: Argument of type 'AssistantMessageContent' is not assignable to parameter of type 'readonly { readonly type: string; }[]'.
  Type 'string' is not assignable to type 'readonly { readonly type: string; }[]'.
src/utils/hooks/execAgentHook.ts(214,30): error TS2339: Property 'type' does not exist on type 'unknown'.
src/utils/hooks/execAgentHook.ts(216,76): error TS2339: Property 'data' does not exist on type 'unknown'.
src/utils/hooks/execPromptHook.ts(105,42): error TS2345: Argument of type 'AssistantMessageContent' is not assignable to parameter of type 'readonly { readonly type: string; }[]'.
  Type 'string' is not assignable to type 'readonly { readonly type: string; }[]'.
src/utils/hooks/skillImprovement.ts(252,43): error TS2345: Argument of type 'AssistantMessageContent' is not assignable to parameter of type 'readonly { readonly type: string; }[]'.
  Type 'string' is not assignable to type 'readonly { readonly type: string; }[]'.
src/utils/imagePaste.ts(108,15): error TS2339: Property 'getNativeModule' does not exist on type '{ processImage(buffer: Buffer<ArrayBufferLike>, options?: unknown): Promise<Buffer<ArrayBufferLike>>; default: typeof import("image-processor-napi"); }'.
src/utils/imagePaste.ts(137,15): error TS2339: Property 'getNativeModule' does not exist on type '{ processImage(buffer: Buffer<ArrayBufferLike>, options?: unknown): Promise<Buffer<ArrayBufferLike>>; default: typeof import("image-processor-napi"); }'.
src/utils/localInstaller.ts(7,15): error TS2305: Module '"./config.js"' has no exported member 'ReleaseChannel'.
src/utils/log.ts(234,5): error TS2322: Type 'Dirent<string>[]' is not assignable to type 'Dirent<NonSharedBuffer>[]'.
  Type 'Dirent<string>' is not assignable to type 'Dirent<NonSharedBuffer>'.
    Type 'string' is not assignable to type 'NonSharedBuffer'.
src/utils/log.ts(241,35): error TS2345: Argument of type 'NonSharedBuffer' is not assignable to parameter of type 'string'.
src/utils/mcp/dateTimeParser.ts(83,43): error TS2345: Argument of type 'AssistantMessageContent' is not assignable to parameter of type 'readonly { readonly type: string; }[]'.
  Type 'string' is not assignable to type 'readonly { readonly type: string; }[]'.
src/utils/messageFormat.ts(335,33): error TS2345: Argument of type 'string | any[]' is not assignable to parameter of type 'string'.
  Type 'any[]' is not assignable to type 'string'.
src/utils/messageFormat.ts(444,35): error TS2345: Argument of type 'string | any[]' is not assignable to parameter of type 'string'.
  Type 'any[]' is not assignable to type 'string'.
src/utils/messageQueueManager.ts(290,18): error TS2345: Argument of type '"remove"' is not assignable to parameter of type 'QueueOperation'.
src/utils/messageQueueManager.ts(311,20): error TS2345: Argument of type '"remove"' is not assignable to parameter of type 'QueueOperation'.
src/utils/messageQueueManager.ts(343,53): error TS2769: No overload matches this call.
  The last overload gave the following error.
    Argument of type 'string[]' is not assignable to parameter of type 'readonly PromptInputMode[]'.
      Type 'string' is not assignable to type 'PromptInputMode'.
src/utils/messageQueueManager.ts(345,3): error TS1360: Type 'string[]' does not satisfy the expected type '"task-notification"'.
src/utils/messageQueueManager.ts(473,7): error TS2345: Argument of type '"popAll"' is not assignable to parameter of type 'QueueOperation'.
src/utils/messages.ts(764,84): error TS18047: 'c' is possibly 'null'.
src/utils/messages.ts(1091,30): error TS2339: Property 'hookName' does not exist on type 'Attachment'.
  Property 'hookName' does not exist on type 'AgentMentionAttachment'.
src/utils/messages.ts(5245,20): error TS2339: Property 'push' does not exist on type 'string | ContentBlock[]'.
  Property 'push' does not exist on type 'string'.
src/utils/messages/mappers.ts(33,11): error TS2352: Conversion of type '{ type: "assistant"; message: { readonly content: readonly { readonly [x: string]: unknown; readonly type: string; }[]; }; uuid: string; requestId: undefined; timestamp: string; }' to type 'Message' may be a mistake because neither type sufficiently overlaps with the other. If this was intentional, convert the expression to 'unknown' first.
  Type '{ type: "assistant"; message: { readonly content: readonly { readonly [x: string]: unknown; readonly type: string; }[]; }; uuid: string; requestId: undefined; timestamp: string; }' is not comparable to type 'AssistantMessage'.
    Type '{ type: "assistant"; message: { readonly content: readonly { readonly [x: string]: unknown; readonly type: string; }[]; }; uuid: string; requestId: undefined; timestamp: string; }' is not comparable to type '{ type: "assistant"; message?: { [key: string]: unknown; id?: string; content?: AssistantMessageContent; model?: string; role?: string; stop_reason?: string; stop_sequence?: string; error?: string; errorDetails?: string; usage?: { ...; }; context_management?: unknown; }; }'.
      The types of 'message.content' are incompatible between these types.
        Type 'readonly { readonly [x: string]: unknown; readonly type: string; }[]' is not comparable to type 'AssistantMessageContent'.
          The type 'readonly { readonly [x: string]: unknown; readonly type: string; }[]' is 'readonly' and cannot be assigned to the mutable type 'ContentBlock[]'.
src/utils/messages/mappers.ts(124,13): error TS2322: Type '{ [key: string]: unknown; content?: unknown; } & { [key: string]: unknown; id?: string; content?: AssistantMessageContent; model?: string; role?: string; stop_reason?: string; stop_sequence?: string; error?: string; errorDetails?: string; usage?: { ...; }; context_management?: unknown; }' is not assignable to type '{ content: { [x: string]: unknown; type: string; }[]; }'.
  Types of property 'content' are incompatible.
    Type 'AssistantMessageContent' is not assignable to type '{ [x: string]: unknown; type: string; }[]'.
      Type 'string' is not assignable to type '{ [x: string]: unknown; type: string; }[]'.
src/utils/messages/mappers.ts(216,5): error TS2322: Type '{ [key: string]: unknown; content?: unknown; } & { [key: string]: unknown; id?: string; content?: AssistantMessageContent; model?: string; role?: string; stop_reason?: string; stop_sequence?: string; error?: string; errorDetails?: string; usage?: { ...; }; context_management?: unknown; }' is not assignable to type '{ content: { [x: string]: unknown; type: string; }[]; }'.
  Types of property 'content' are incompatible.
    Type 'AssistantMessageContent' is not assignable to type '{ [x: string]: unknown; type: string; }[]'.
      Type 'string' is not assignable to type '{ [x: string]: unknown; type: string; }[]'.
src/utils/nativeInstaller/download.ts(15,15): error TS2305: Module '"../config.js"' has no exported member 'ReleaseChannel'.
src/utils/nativeInstaller/installer.ts(104,36): error TS2349: This expression is not callable.
  Type '{}' has no call signatures.
src/utils/notebook.ts(10,3): error TS2724: '"../types/notebook.js"' has no exported member named 'NotebookCellOutput'. Did you mean 'NotebookCell'?
src/utils/notebook.ts(11,3): error TS2724: '"../types/notebook.js"' has no exported member named 'NotebookCellSource'. Did you mean 'NotebookCell'?
src/utils/notebook.ts(12,3): error TS2305: Module '"../types/notebook.js"' has no exported member 'NotebookCellSourceOutput'.
src/utils/notebook.ts(14,3): error TS2305: Module '"../types/notebook.js"' has no exported member 'NotebookOutputImage'.
src/utils/notebook.ts(102,50): error TS2339: Property 'length' does not exist on type 'unknown'.
src/utils/notebook.ts(103,34): error TS2339: Property 'map' does not exist on type 'unknown'.
src/utils/notebook.ts(172,53): error TS2339: Property 'name' does not exist on type 'unknown'.
src/utils/permissions/classifierDecision.ts(35,7): error TS2551: Property 'OVERFLOW_TEST_TOOL_NAME' does not exist on type 'typeof import("D:/doge-code/src/tools/OverflowTestTool/OverflowTestTool")'. Did you mean 'OverflowTestTool'?
src/utils/permissions/permissions.ts(8,60): error TS2724: '"../../Tool.js"' has no exported member named 'BuiltTool'. Did you mean 'buildTool'?
src/utils/permissions/permissions.ts(426,36): error TS2345: Argument of type '({ type: "addRules"; rules: { toolName: string; ruleContent?: string; }[]; behavior: "allow" | "ask" | "deny"; destination: "cliArg" | "localSettings" | "projectSettings" | "session" | "userSettings"; } | ... 4 more ... | { ...; })[]' is not assignable to parameter of type 'PermissionUpdate[]'.
  Type '{ type: "addRules"; rules: { toolName: string; ruleContent?: string; }[]; behavior: "allow" | "ask" | "deny"; destination: "cliArg" | "localSettings" | "projectSettings" | "session" | "userSettings"; } | ... 4 more ... | { ...; }' is not assignable to type 'PermissionUpdate'.
    Type '{ type: "setMode"; mode?: "acceptEdits" | "bypassPermissions" | "default" | "dontAsk" | "plan"; destination: "cliArg" | "localSettings" | "projectSettings" | "session" | "userSettings"; }' is not assignable to type 'PermissionUpdate'.
      Type '{ type: "setMode"; mode?: "acceptEdits" | "bypassPermissions" | "default" | "dontAsk" | "plan"; destination: "cliArg" | "localSettings" | "projectSettings" | "session" | "userSettings"; }' is not assignable to type '{ type: "setMode"; destination: PermissionUpdateDestination; mode: "acceptEdits" | "bypassPermissions" | "default" | "dontAsk" | "plan"; }'.
        Property 'mode' is optional in type '{ type: "setMode"; mode?: "acceptEdits" | "bypassPermissions" | "default" | "dontAsk" | "plan"; destination: "cliArg" | "localSettings" | "projectSettings" | "session" | "userSettings"; }' but required in type '{ type: "setMode"; destination: PermissionUpdateDestination; mode: "acceptEdits" | "bypassPermissions" | "default" | "dontAsk" | "plan"; }'.
src/utils/permissions/permissions.ts(431,15): error TS2345: Argument of type '({ type: "addRules"; rules: { toolName: string; ruleContent?: string; }[]; behavior: "allow" | "ask" | "deny"; destination: "cliArg" | "localSettings" | "projectSettings" | "session" | "userSettings"; } | ... 4 more ... | { ...; })[]' is not assignable to parameter of type 'PermissionUpdate[]'.
  Type '{ type: "addRules"; rules: { toolName: string; ruleContent?: string; }[]; behavior: "allow" | "ask" | "deny"; destination: "cliArg" | "localSettings" | "projectSettings" | "session" | "userSettings"; } | ... 4 more ... | { ...; }' is not assignable to type 'PermissionUpdate'.
    Type '{ type: "setMode"; mode?: "acceptEdits" | "bypassPermissions" | "default" | "dontAsk" | "plan"; destination: "cliArg" | "localSettings" | "projectSettings" | "session" | "userSettings"; }' is not assignable to type 'PermissionUpdate'.
      Type '{ type: "setMode"; mode?: "acceptEdits" | "bypassPermissions" | "default" | "dontAsk" | "plan"; destination: "cliArg" | "localSettings" | "projectSettings" | "session" | "userSettings"; }' is not assignable to type '{ type: "setMode"; destination: PermissionUpdateDestination; mode: "acceptEdits" | "bypassPermissions" | "default" | "dontAsk" | "plan"; }'.
        Property 'mode' is optional in type '{ type: "setMode"; mode?: "acceptEdits" | "bypassPermissions" | "default" | "dontAsk" | "plan"; destination: "cliArg" | "localSettings" | "projectSettings" | "session" | "userSettings"; }' but required in type '{ type: "setMode"; destination: PermissionUpdateDestination; mode: "acceptEdits" | "bypassPermissions" | "default" | "dontAsk" | "plan"; }'.
src/utils/permissions/permissions.ts(707,11): error TS2353: Object literal may only specify known properties, and 'key' does not exist in type 'Notification'.
src/utils/plans.ts(370,21): error TS2339: Property 'push' does not exist on type 'unknown'.
src/utils/plans.ts(377,23): error TS2339: Property 'length' does not exist on type 'unknown'.
src/utils/plugins/marketplaceManager.ts(187,3): error TS2322: Type '{ [x: string]: DeclaredMarketplace | { source?: { source: "url"; url: string; headers?: Record<string, string>; } | { source: "github"; repo: string; ref?: string; path?: string; sparsePaths?: string[]; } | ... 6 more ... | { ...; }; installLocation?: string; autoUpdate?: boolean; }; }' is not assignable to type 'Record<string, DeclaredMarketplace>'.
  'string' index signatures are incompatible.
    Type 'DeclaredMarketplace | { source?: { source: "url"; url: string; headers?: Record<string, string>; } | { source: "github"; repo: string; ref?: string; path?: string; sparsePaths?: string[]; } | ... 6 more ... | { ...; }; installLocation?: string; autoUpdate?: boolean; }' is not assignable to type 'DeclaredMarketplace'.
      Type '{ source?: { source: "url"; url: string; headers?: Record<string, string>; } | { source: "github"; repo: string; ref?: string; path?: string; sparsePaths?: string[]; } | { source: "git"; url: string; ref?: string; path?: string; sparsePaths?: string[]; } | ... 5 more ... | { ...; }; installLocation?: string; autoUpd...' is not assignable to type 'DeclaredMarketplace'.
        Property 'source' is optional in type '{ source?: { source: "url"; url: string; headers?: Record<string, string>; } | { source: "github"; repo: string; ref?: string; path?: string; sparsePaths?: string[]; } | { source: "git"; url: string; ref?: string; path?: string; sparsePaths?: string[]; } | ... 5 more ... | { ...; }; installLocation?: string; autoUpd...' but required in type 'DeclaredMarketplace'.
src/utils/plugins/mcpbHandler.ts(2,3): error TS2724: '"@anthropic-ai/mcpb"' has no exported member named 'McpbManifest'. Did you mean 'McpbManifestAny'?
src/utils/plugins/mcpbHandler.ts(3,3): error TS2305: Module '"@anthropic-ai/mcpb"' has no exported member 'McpbUserConfigurationOption'.
src/utils/plugins/mcpbHandler.ts(248,21): error TS2339: Property 'pluginSecrets' does not exist on type '{}'.
src/utils/plugins/mcpbHandler.ts(249,18): error TS2339: Property 'pluginSecrets' does not exist on type '{}'.
src/utils/plugins/mcpbHandler.ts(253,16): error TS2339: Property 'pluginSecrets' does not exist on type '{}'.
src/utils/plugins/pluginOptionsStorage.ts(131,19): error TS2339: Property 'pluginSecrets' does not exist on type '{}'.
src/utils/plugins/pluginOptionsStorage.ts(132,16): error TS2339: Property 'pluginSecrets' does not exist on type '{}'.
src/utils/plugins/pluginOptionsStorage.ts(134,14): error TS2339: Property 'pluginSecrets' does not exist on type '{}'.
src/utils/processUserInput/processBashCommand.tsx(98,49): error TS2345: Argument of type 'typeof PowerShellTool | BuiltTool<AnyToolDef>' is not assignable to parameter of type '{ name: string; maxResultSizeChars: number; mapToolResultToToolResultBlockParam: (result: any, toolUseID: string) => ToolResultBlockParam; }'.
  Type 'typeof PowerShellTool' is missing the following properties from type '{ name: string; maxResultSizeChars: number; mapToolResultToToolResultBlockParam: (result: any, toolUseID: string) => ToolResultBlockParam; }': maxResultSizeChars, mapToolResultToToolResultBlockParam
src/utils/processUserInput/processSlashCommand.tsx(854,17): error TS2322: Type 'Message[]' is not assignable to type '(AssistantMessage | AttachmentMessage | ProgressMessage | SystemMessage | UserMessage)[]'.
  Type 'Message' is not assignable to type 'AssistantMessage | AttachmentMessage | ProgressMessage | SystemMessage | UserMessage'.
    Type 'CollapsedReadSearchMessage' is not assignable to type 'AssistantMessage | AttachmentMessage | ProgressMessage | SystemMessage | UserMessage'.
      Type 'CollapsedReadSearchMessage' is not assignable to type 'UserMessage'.
        Type 'CollapsedReadSearchMessage' is not assignable to type '{ type: "user"; message: { [key: string]: unknown; content: string | ContentBlockParam[]; }; sourceToolAssistantUUID?: string; }'.
          Types of property 'type' are incompatible.
            Type '"collapsed_read_search"' is not assignable to type '"user"'.
src/utils/promptShellExecution.ts(107,13): error TS2345: Argument of type 'PromptShellTool' is not assignable to parameter of type '{ name: string; maxResultSizeChars: number; mapToolResultToToolResultBlockParam: (result: unknown, toolUseID: string) => ToolResultBlockParam; }'.
  The types returned by 'mapToolResultToToolResultBlockParam(...).content' are incompatible between these types.
    Type 'unknown' is not assignable to type 'string | (DocumentBlockParam | ImageBlockParam | SearchResultBlockParam | TextBlockParam | ToolReferenceBlockParam)[]'.
src/utils/promptShellExecution.ts(115,39): error TS2339: Property 'stdout' does not exist on type 'unknown'.
src/utils/promptShellExecution.ts(115,52): error TS2339: Property 'stderr' does not exist on type 'unknown'.
src/utils/queryHelpers.ts(105,11): error TS2322: Type '{ [key: string]: unknown; content?: unknown; } & { [key: string]: unknown; id?: string; content?: AssistantMessageContent; model?: string; role?: string; stop_reason?: string; stop_sequence?: string; error?: string; errorDetails?: string; usage?: { ...; }; context_management?: unknown; }' is not assignable to type '{ content: { [x: string]: unknown; type: string; }[]; }'.
  Types of property 'content' are incompatible.
    Type 'AssistantMessageContent' is not assignable to type '{ [x: string]: unknown; type: string; }[]'.
      Type 'string' is not assignable to type '{ [x: string]: unknown; type: string; }[]'.
src/utils/queryHelpers.ts(142,17): error TS2322: Type '{ [key: string]: unknown; content?: unknown; } & { [key: string]: unknown; id?: string; content?: AssistantMessageContent; model?: string; role?: string; stop_reason?: string; stop_sequence?: string; error?: string; errorDetails?: string; usage?: { ...; }; context_management?: unknown; }' is not assignable to type '{ content: { [x: string]: unknown; type: string; }[]; }'.
  Types of property 'content' are incompatible.
    Type 'AssistantMessageContent' is not assignable to type '{ [x: string]: unknown; type: string; }[]'.
      Type 'string' is not assignable to type '{ [x: string]: unknown; type: string; }[]'.
src/utils/secureStorage/fallbackStorage.ts(12,22): error TS2339: Property 'name' does not exist on type 'SecureStorage'.
src/utils/secureStorage/fallbackStorage.ts(12,45): error TS2339: Property 'name' does not exist on type 'SecureStorage'.
src/utils/secureStorage/fallbackStorage.ts(63,5): error TS2322: Type '() => boolean' is not assignable to type '(key?: string) => Promise<void>'.
  Type 'boolean' is not assignable to type 'Promise<void>'.
src/utils/secureStorage/fallbackStorage.ts(67,7): error TS2322: Type 'Promise<void>' is not assignable to type 'boolean'.
src/utils/secureStorage/index.ts(11,34): error TS2739: Type '{ name: string; read(): SecureStorageData | null; readAsync(): Promise<SecureStorageData | null>; update(data: SecureStorageData): { success: boolean; warning?: string; }; delete(): boolean; }' is missing the following properties from type 'SecureStorage': get, set
src/utils/secureStorage/index.ts(16,3): error TS2739: Type '{ name: string; read(): SecureStorageData | null; readAsync(): Promise<SecureStorageData | null>; update(data: SecureStorageData): { success: boolean; warning?: string; }; delete(): boolean; }' is missing the following properties from type 'SecureStorage': get, set
src/utils/secureStorage/macOsKeychainStorage.ts(159,3): error TS2322: Type '() => boolean' is not assignable to type '(key?: string) => Promise<void>'.
  Type 'boolean' is not assignable to type 'Promise<void>'.
src/utils/secureStorage/plainTextStorage.ts(70,3): error TS2322: Type '() => boolean' is not assignable to type '(key?: string) => Promise<void>'.
  Type 'boolean' is not assignable to type 'Promise<void>'.
src/utils/sessionFileAccessHooks.ts(217,29): error TS2339: Property 'logMemoryWriteShape' does not exist on type 'typeof import("D:/doge-code/src/memdir/memoryShapeTelemetry")'.
src/utils/sessionStart.ts(140,25): error TS2345: Argument of type 'AttachmentMessage | HookResultMessage | ProgressMessage' is not assignable to parameter of type 'HookResultMessage'.
  Type 'AttachmentMessage' is not assignable to type 'HookResultMessage'.
    Type 'AttachmentMessage' is not assignable to type '{ type: "hook_result"; }'.
      Types of property 'type' are incompatible.
        Type '"attachment"' is not assignable to type '"hook_result"'.
src/utils/sessionStart.ts(169,23): error TS2345: Argument of type 'AttachmentMessage' is not assignable to parameter of type 'HookResultMessage'.
  Type 'AttachmentMessage' is not assignable to type '{ type: "hook_result"; }'.
    Types of property 'type' are incompatible.
      Type '"attachment"' is not assignable to type '"hook_result"'.
src/utils/sessionStart.ts(208,25): error TS2345: Argument of type 'AttachmentMessage | HookResultMessage | ProgressMessage' is not assignable to parameter of type 'HookResultMessage'.
  Type 'AttachmentMessage' is not assignable to type 'HookResultMessage'.
    Type 'AttachmentMessage' is not assignable to type '{ type: "hook_result"; }'.
      Types of property 'type' are incompatible.
        Type '"attachment"' is not assignable to type '"hook_result"'.
src/utils/sessionStart.ts(226,23): error TS2345: Argument of type 'AttachmentMessage' is not assignable to parameter of type 'HookResultMessage'.
  Type 'AttachmentMessage' is not assignable to type '{ type: "hook_result"; }'.
    Types of property 'type' are incompatible.
      Type '"attachment"' is not assignable to type '"hook_result"'.
src/utils/sessionTitle.ts(110,37): error TS2345: Argument of type 'AssistantMessageContent' is not assignable to parameter of type 'readonly { readonly type: string; }[]'.
  Type 'string' is not assignable to type 'readonly { readonly type: string; }[]'.
src/utils/settings/validateEditTool.ts(39,71): error TS2339: Property 'error' does not exist on type '{ isValid: true; } | { isValid: false; error: string; fullSchema: string; }'.
  Property 'error' does not exist on type '{ isValid: true; }'.
src/utils/settings/validateEditTool.ts(39,106): error TS2339: Property 'fullSchema' does not exist on type '{ isValid: true; } | { isValid: false; error: string; fullSchema: string; }'.
  Property 'fullSchema' does not exist on type '{ isValid: true; }'.
src/utils/sideQuestion.ts(145,38): error TS2345: Argument of type 'string' is not assignable to parameter of type 'APIError<number, Headers, Object>'.
src/utils/sliceAnsi.ts(46,41): error TS2339: Property 'fullWidth' does not exist on type 'Char | ControlCode'.
  Property 'fullWidth' does not exist on type 'ControlCode'.
src/utils/sliceAnsi.ts(46,75): error TS2339: Property 'value' does not exist on type 'Char | ControlCode'.
  Property 'value' does not exist on type 'ControlCode'.
src/utils/sliceAnsi.ts(80,25): error TS2339: Property 'value' does not exist on type 'Char | ControlCode'.
  Property 'value' does not exist on type 'ControlCode'.
src/utils/slowOperations.ts(113,60): error TS2339: Property 'properties' does not exist on type 'object'.
src/utils/slowOperations.ts(123,19): error TS2339: Property 'push' does not exist on type 'unknown'.
src/utils/slowOperations.ts(424,60): error TS2339: Property 'properties' does not exist on type 'object'.
src/utils/slowOperations.ts(434,19): error TS2339: Property 'push' does not exist on type 'unknown'.
src/utils/streamlinedTransform.ts(140,41): error TS2339: Property 'content' does not exist on type 'unknown'.
src/utils/streamlinedTransform.ts(146,28): error TS2739: Type 'StdoutMessage' is missing the following properties from type '{ type: "assistant"; message: { content: { [x: string]: unknown; type: string; }[]; }; parent_tool_use_id?: string; error?: "authentication_failed" | "billing_error" | "invalid_request" | "max_output_tokens" | "rate_limit" | "server_error" | "unknown"; uuid: string; session_id: string; }': message, uuid, session_id
src/utils/stringify.ts(111,22): error TS2769: No overload matches this call.
  The last overload gave the following error.
    Property 'length' is missing in type 'Iterator<T, any, any>' but required in type 'ArrayLike<T>'.
src/utils/task/framework.ts(79,15): error TS2345: Argument of type '(prev: AppState) => { tasks: { [x: string]: { id: string; type: "dream"; status: TaskStatus; description: string; toolUseId?: string; endTime?: number; totalPausedMs?: number; ... 13 more ...; pendingMessages: unknown; } | ... 4 more ... | TaskState; }; ... 84 more ...; channelPermissionCallbacks?: ChannelPermission...' is not assignable to parameter of type '(prev: AppState) => AppState'.
  Type '{ tasks: { [x: string]: { id: string; type: "dream"; status: TaskStatus; description: string; toolUseId?: string; endTime?: number; totalPausedMs?: number; outputFile: string; outputOffset: number; ... 11 more ...; pendingMessages: unknown; } | ... 4 more ... | TaskState; }; ... 84 more ...; channelPermissionCallbac...' is not assignable to type 'AppState'.
    Type '{ tasks: { [x: string]: { id: string; type: "dream"; status: TaskStatus; description: string; toolUseId?: string; endTime?: number; totalPausedMs?: number; outputFile: string; outputOffset: number; ... 11 more ...; pendingMessages: unknown; } | ... 4 more ... | TaskState; }; ... 84 more ...; channelPermissionCallbac...' is not assignable to type '{ tasks: { [taskId: string]: TaskState; }; agentNameRegistry: Map<string, AgentId>; foregroundedTaskId?: string; viewingAgentTaskId?: string; companionReaction?: string; ... 47 more ...; channelPermissionCallbacks?: ChannelPermissionCallbacks; }'.
      Types of property 'tasks' are incompatible.
        Type '{ [x: string]: { id: string; type: "dream"; status: TaskStatus; description: string; toolUseId?: string; endTime?: number; totalPausedMs?: number; outputFile: string; outputOffset: number; ... 11 more ...; pendingMessages: unknown; } | ... 4 more ... | TaskState; }' is not assignable to type '{ [taskId: string]: TaskState; }'.
          'string' index signatures are incompatible.
            Type '{ id: string; type: "dream"; status: TaskStatus; description: string; toolUseId?: string; endTime?: number; totalPausedMs?: number; outputFile: string; outputOffset: number; notified: boolean; ... 10 more ...; pendingMessages: unknown; } | ... 4 more ... | TaskState' is not assignable to type 'TaskState'.
              Type '{ id: string; type: "in_process_teammate"; status: TaskStatus; description: string; toolUseId?: string; endTime?: number; totalPausedMs?: number; outputFile: string; outputOffset: number; ... 26 more ...; pendingMessages: unknown; }' is not assignable to type 'TaskState'.
                Type '{ id: string; type: "in_process_teammate"; status: TaskStatus; description: string; toolUseId?: string; endTime?: number; totalPausedMs?: number; outputFile: string; outputOffset: number; ... 26 more ...; pendingMessages: unknown; }' is not assignable to type 'InProcessTeammateTaskState'.
                  Type '{ id: string; type: "in_process_teammate"; status: TaskStatus; description: string; toolUseId?: string; endTime?: number; totalPausedMs?: number; outputFile: string; outputOffset: number; ... 26 more ...; pendingMessages: unknown; }' is not assignable to type '{ type: "in_process_teammate"; identity: TeammateIdentity; prompt: string; model?: string; selectedAgent?: AgentDefinition; abortController?: AbortController; ... 16 more ...; lastReportedTokenCount: number; }'.
                    Types of property 'messages' are incompatible.
                      Type 'unknown' is not assignable to type 'Message[]'.
                        Type '{}' is missing the following properties from type 'Message[]': length, pop, push, concat, and 35 more.
src/utils/task/framework.ts(138,29): error TS2365: Operator '>' cannot be applied to types 'unknown' and 'number'.
src/utils/task/framework.ts(241,32): error TS2365: Operator '>' cannot be applied to types 'unknown' and 'number'.
src/utils/telemetry/instrumentation.ts(393,48): error TS2554: Expected 1 arguments, but got 2.
src/utils/telemetry/instrumentation.ts(587,51): error TS2554: Expected 1 arguments, but got 2.
src/utils/textHighlighting.ts(131,38): error TS2339: Property 'value' does not exist on type 'Char | ControlCode'.
  Property 'value' does not exist on type 'ControlCode'.
src/utils/textHighlighting.ts(138,35): error TS2339: Property 'value' does not exist on type 'Char | ControlCode'.
  Property 'value' does not exist on type 'ControlCode'.
src/utils/tokens.ts(17,5): error TS2739: Type '{ [key: string]: unknown; input_tokens?: number; output_tokens?: number; output_tokens_details?: unknown; cache_creation_input_tokens?: number; cache_read_input_tokens?: number; cache_creation?: { ephemeral_1h_input_tokens?: number; ephemeral_5m_input_tokens?: number; }; service_tier?: string; }' is missing the following properties from type 'BetaUsage': inference_geo, iterations, server_tool_use, speed
src/utils/toolSearch.ts(565,44): error TS2339: Property 'preCompactDiscoveredTools' does not exist on type 'unknown'.
src/utils/transcriptSearch.ts(109,36): error TS2339: Property 'map' does not exist on type 'unknown'.
src/utils/ultraplan/ccrSession.ts(106,22): error TS2352: Conversion of type '{ [x: string]: unknown; type: string; }' to type 'ToolUseBlock' may be a mistake because neither type sufficiently overlaps with the other. If this was intentional, convert the expression to 'unknown' first.
  Type '{ [x: string]: unknown; type: string; }' is missing the following properties from type 'ToolUseBlock': id, caller, input, name
src/utils/ultraplan/ccrSession.ts(116,30): error TS2345: Argument of type 'unknown' is not assignable to parameter of type 'string'.
src/utils/worktree.ts(1296,64): error TS2339: Property 'baseBranch' does not exist on type 'WorktreeCreateResult'.
  Property 'baseBranch' does not exist on type '{ worktreePath: string; worktreeBranch: string; headCommit: string; existed: true; }'.
